Archive member included to satisfy reference by file (symbol)

c:/ciaa/embeddedide/gcc-arm-embedded/bin/../lib/gcc/arm-none-eabi/6.3.1/thumb/v7e-m/fpv4-sp/hard\libgcc.a(_aeabi_uldivmod.o)
                              out/libs/lpc_chip_43xx/src/i2s_18xx_43xx.o (__aeabi_uldivmod)
c:/ciaa/embeddedide/gcc-arm-embedded/bin/../lib/gcc/arm-none-eabi/6.3.1/thumb/v7e-m/fpv4-sp/hard\libgcc.a(_udivmoddi4.o)
                              c:/ciaa/embeddedide/gcc-arm-embedded/bin/../lib/gcc/arm-none-eabi/6.3.1/thumb/v7e-m/fpv4-sp/hard\libgcc.a(_aeabi_uldivmod.o) (__udivmoddi4)
c:/ciaa/embeddedide/gcc-arm-embedded/bin/../lib/gcc/arm-none-eabi/6.3.1/thumb/v7e-m/fpv4-sp/hard\libgcc.a(_dvmd_tls.o)
                              c:/ciaa/embeddedide/gcc-arm-embedded/bin/../lib/gcc/arm-none-eabi/6.3.1/thumb/v7e-m/fpv4-sp/hard\libgcc.a(_aeabi_uldivmod.o) (__aeabi_ldiv0)
c:/ciaa/embeddedide/gcc-arm-embedded/bin/../lib/gcc/arm-none-eabi/6.3.1/../../../../arm-none-eabi/lib/thumb/v7e-m/fpv4-sp/hard\libc_nano.a(lib_a-memcpy-stub.o)
                              out/libs/lpc_chip_43xx/src/ring_buffer.o (memcpy)
c:/ciaa/embeddedide/gcc-arm-embedded/bin/../lib/gcc/arm-none-eabi/6.3.1/../../../../arm-none-eabi/lib/thumb/v7e-m/fpv4-sp/hard\libc_nano.a(lib_a-memset.o)
                              out/libs/lpc_chip_43xx/src/clock_18xx_43xx.o (memset)

Allocating common symbols
Common symbol       size              file

estadoMefScanTeclado
                    0x1               out/app/src/MEF_tecladoMatricial.o
numeroEnString      0xa               out/app/src/Test.o
timAbreCierraPuerta
                    0x18              out/app/src/MEFAscensorPuertas.o
timRetornoPB        0x18              out/app/src/MEFAscensorPuertas.o
SystemCoreClock     0x4               out/libs/lpc_chip_43xx/src/chip_18xx_43xx.o
estadoMefTecladoMatricial
                    0x1               out/app/src/MEF_tecladoMatricial.o
tickCounter         0x8               out/libs/sapi/src/sapi_tick.o
estadoActualAsc     0x1               out/app/src/MEFAscensorPuertas.o
timPisoPiso         0x18              out/app/src/MEFAscensorPuertas.o
estadoActualPuerta  0x1               out/app/src/MEFAscensorPuertas.o
timAlarPuerta       0x18              out/app/src/MEFAscensorPuertas.o
almacenarPisos      0x28              out/app/src/MEF_tecladoMatricial.o
tickRateMS          0x8               out/libs/sapi/src/sapi_tick.o
timPuertaAbierta    0x18              out/app/src/MEFAscensorPuertas.o
timSerial           0x18              out/app/src/Ascensor.o

Discarded input sections

 .group         0x00000000        0x8 out/app/src/Ascensor.o
 .group         0x00000000        0x8 out/app/src/Ascensor.o
 .group         0x00000000        0x8 out/app/src/Ascensor.o
 .group         0x00000000        0x8 out/app/src/Ascensor.o
 .group         0x00000000        0x8 out/app/src/Ascensor.o
 .group         0x00000000        0x8 out/app/src/Ascensor.o
 .group         0x00000000        0x8 out/app/src/Ascensor.o
 .group         0x00000000        0x8 out/app/src/Ascensor.o
 .group         0x00000000        0x8 out/app/src/Ascensor.o
 .group         0x00000000        0x8 out/app/src/Ascensor.o
 .group         0x00000000        0x8 out/app/src/Ascensor.o
 .group         0x00000000        0x8 out/app/src/Ascensor.o
 .group         0x00000000        0x8 out/app/src/Ascensor.o
 .group         0x00000000        0x8 out/app/src/Ascensor.o
 .group         0x00000000        0x8 out/app/src/Ascensor.o
 .group         0x00000000        0x8 out/app/src/Ascensor.o
 .group         0x00000000        0x8 out/app/src/Ascensor.o
 .group         0x00000000        0x8 out/app/src/Ascensor.o
 .group         0x00000000        0x8 out/app/src/Ascensor.o
 .group         0x00000000        0x8 out/app/src/Ascensor.o
 .group         0x00000000        0x8 out/app/src/Ascensor.o
 .group         0x00000000        0x8 out/app/src/Ascensor.o
 .group         0x00000000        0x8 out/app/src/Ascensor.o
 .group         0x00000000        0x8 out/app/src/Ascensor.o
 .group         0x00000000        0x8 out/app/src/Ascensor.o
 .group         0x00000000        0x8 out/app/src/Ascensor.o
 .group         0x00000000        0x8 out/app/src/Ascensor.o
 .group         0x00000000        0x8 out/app/src/Ascensor.o
 .group         0x00000000        0x8 out/app/src/Ascensor.o
 .group         0x00000000        0x8 out/app/src/Ascensor.o
 .group         0x00000000        0x8 out/app/src/Ascensor.o
 .group         0x00000000        0x8 out/app/src/Ascensor.o
 .group         0x00000000        0x8 out/app/src/Ascensor.o
 .group         0x00000000        0x8 out/app/src/Ascensor.o
 .group         0x00000000        0x8 out/app/src/Ascensor.o
 .group         0x00000000        0x8 out/app/src/Ascensor.o
 .group         0x00000000        0x8 out/app/src/Ascensor.o
 .group         0x00000000        0x8 out/app/src/Ascensor.o
 .group         0x00000000        0x8 out/app/src/Ascensor.o
 .group         0x00000000        0x8 out/app/src/Ascensor.o
[...]
Memory Configuration

Name             Origin             Length             Attributes
MFlashA512       0x1a000000         0x00080000         xr
MFlashB512       0x1b000000         0x00080000         xr
RamLoc32         0x10000000         0x00008000         xrw
RamLoc40         0x10080000         0x0000a000         xrw
RamAHB32         0x20000000         0x00008000         xrw
RamAHB16         0x20008000         0x00004000         xrw
RamAHB_ETB16     0x2000c000         0x00004000         xrw
*default*        0x00000000         0xffffffff

Linker script and memory map

LOAD out/app/src/Ascensor.o
LOAD out/app/src/MEFAscensorPuertas.o
LOAD out/app/src/MEF_tecladoMatricial.o
LOAD out/app/src/Test.o
LOAD out/app/src/driverDisplay.o
LOAD out/libs/lpc_chip_43xx/src/adc_18xx_43xx.o
LOAD out/libs/lpc_chip_43xx/src/aes_18xx_43xx.o
LOAD out/libs/lpc_chip_43xx/src/atimer_18xx_43xx.o
LOAD out/libs/lpc_chip_43xx/src/ccan_18xx_43xx.o
LOAD out/libs/lpc_chip_43xx/src/chip_18xx_43xx.o
LOAD out/libs/lpc_chip_43xx/src/clock_18xx_43xx.o
LOAD out/libs/lpc_chip_43xx/src/dac_18xx_43xx.o
LOAD out/libs/lpc_chip_43xx/src/eeprom_18xx_43xx.o
LOAD out/libs/lpc_chip_43xx/src/emc_18xx_43xx.o
LOAD out/libs/lpc_chip_43xx/src/enet_18xx_43xx.o
LOAD out/libs/lpc_chip_43xx/src/evrt_18xx_43xx.o
LOAD out/libs/lpc_chip_43xx/src/fpu_init.o
LOAD out/libs/lpc_chip_43xx/src/gpdma_18xx_43xx.o
LOAD out/libs/lpc_chip_43xx/src/gpio_18xx_43xx.o
LOAD out/libs/lpc_chip_43xx/src/gpiogroup_18xx_43xx.o
LOAD out/libs/lpc_chip_43xx/src/hsadc_18xx_43xx.o
LOAD out/libs/lpc_chip_43xx/src/i2c_18xx_43xx.o
LOAD out/libs/lpc_chip_43xx/src/i2cm_18xx_43xx.o
LOAD out/libs/lpc_chip_43xx/src/i2s_18xx_43xx.o
LOAD out/libs/lpc_chip_43xx/src/iap_18xx_43xx.o
LOAD out/libs/lpc_chip_43xx/src/lcd_18xx_43xx.o
LOAD out/libs/lpc_chip_43xx/src/otp_18xx_43xx.o
LOAD out/libs/lpc_chip_43xx/src/pinint_18xx_43xx.o
LOAD out/libs/lpc_chip_43xx/src/pmc_18xx_43xx.o
LOAD out/libs/lpc_chip_43xx/src/ring_buffer.o
LOAD out/libs/lpc_chip_43xx/src/ritimer_18xx_43xx.o
LOAD out/libs/lpc_chip_43xx/src/rtc_18xx_43xx.o
LOAD out/libs/lpc_chip_43xx/src/sct_18xx_43xx.o
LOAD out/libs/lpc_chip_43xx/src/sct_pwm_18xx_43xx.o
LOAD out/libs/lpc_chip_43xx/src/sdif_18xx_43xx.o
LOAD out/libs/lpc_chip_43xx/src/sdio_18xx_43xx.o
LOAD out/libs/lpc_chip_43xx/src/sdmmc_18xx_43xx.o
LOAD out/libs/lpc_chip_43xx/src/spi_18xx_43xx.o
LOAD out/libs/lpc_chip_43xx/src/ssp_18xx_43xx.o
LOAD out/libs/lpc_chip_43xx/src/stopwatch_18xx_43xx.o
LOAD out/libs/lpc_chip_43xx/src/sysinit_18xx_43xx.o
LOAD out/libs/lpc_chip_43xx/src/timer_18xx_43xx.o
LOAD out/libs/lpc_chip_43xx/src/uart_18xx_43xx.o
LOAD out/libs/lpc_chip_43xx/src/wwdt_18xx_43xx.o
LOAD out/libs/lpc_board_ciaa_edu_4337/src/board.o
LOAD out/libs/lpc_board_ciaa_edu_4337/src/board_sysinit.o
LOAD out/libs/lpc_board_ciaa_edu_4337/src/cr_startup_lpc43xx.o
LOAD out/libs/lpc_board_ciaa_edu_4337/src/crp.o
LOAD out/libs/lpc_board_ciaa_edu_4337/src/sysinit.o
LOAD out/libs/lpc_board_ciaa_edu_4337/src/system.o
LOAD out/libs/sapi/src/sapi_7_segment_display.o
LOAD out/libs/sapi/src/sapi_adc.o
LOAD out/libs/sapi/src/sapi_board.o
LOAD out/libs/sapi/src/sapi_dac.o
LOAD out/libs/sapi/src/sapi_datatypes.o
LOAD out/libs/sapi/src/sapi_delay.o
LOAD out/libs/sapi/src/sapi_gpio.o
LOAD out/libs/sapi/src/sapi_hmc5883l.o
LOAD out/libs/sapi/src/sapi_i2c.o
LOAD out/libs/sapi/src/sapi_keypad.o
LOAD out/libs/sapi/src/sapi_pwm.o
LOAD out/libs/sapi/src/sapi_rtc.o
LOAD out/libs/sapi/src/sapi_sct.o
LOAD out/libs/sapi/src/sapi_servo.o
LOAD out/libs/sapi/src/sapi_sleep.o
LOAD out/libs/sapi/src/sapi_spi.o
LOAD out/libs/sapi/src/sapi_tick.o
LOAD out/libs/sapi/src/sapi_timer.o
LOAD out/libs/sapi/src/sapi_uart.o
START GROUP
LOAD c:/ciaa/embeddedide/gcc-arm-embedded/bin/../lib/gcc/arm-none-eabi/6.3.1/thumb/v7e-m/fpv4-sp/hard\libgcc.a
LOAD c:/ciaa/embeddedide/gcc-arm-embedded/bin/../lib/gcc/arm-none-eabi/6.3.1/../../../../arm-none-eabi/lib/thumb/v7e-m/fpv4-sp/hard\libc_nano.a
END GROUP
START GROUP
LOAD c:/ciaa/embeddedide/gcc-arm-embedded/bin/../lib/gcc/arm-none-eabi/6.3.1/thumb/v7e-m/fpv4-sp/hard\libgcc.a
LOAD c:/ciaa/embeddedide/gcc-arm-embedded/bin/../lib/gcc/arm-none-eabi/6.3.1/../../../../arm-none-eabi/lib/thumb/v7e-m/fpv4-sp/hard\libc_nano.a
END GROUP
START GROUP
LOAD c:/ciaa/embeddedide/gcc-arm-embedded/bin/../lib/gcc/arm-none-eabi/6.3.1/thumb/v7e-m/fpv4-sp/hard\libgcc.a
LOAD c:/ciaa/embeddedide/gcc-arm-embedded/bin/../lib/gcc/arm-none-eabi/6.3.1/../../../../arm-none-eabi/lib/thumb/v7e-m/fpv4-sp/hard\libc.a
LOAD c:/ciaa/embeddedide/gcc-arm-embedded/bin/../lib/gcc/arm-none-eabi/6.3.1/../../../../arm-none-eabi/lib/thumb/v7e-m/fpv4-sp/hard\libm.a
END GROUP
                0x1a080000                __top_MFlashA512 = 0x1a080000
                0x1b080000                __top_MFlashB512 = 0x1b080000
                0x10008000                __top_RamLoc32 = 0x10008000
                0x1008a000                __top_RamLoc40 = 0x1008a000
                0x20008000                __top_RamAHB32 = 0x20008000
                0x2000c000                __top_RamAHB16 = 0x2000c000
                0x20010000                __top_RamAHB_ETB16 = 0x20010000

.text_Flash2    0x1b000000        0x0
 FILL mask 0xff
 *(.text_Flash2*)
 *(.text_MFlashB512*)
 *(.text.$Flash2*)
 *(.text.$MFlashB512*)
 *(.rodata.$Flash2*)
 *(.rodata.$MFlashB512*)

.text           0x1a000000     0x2a8c
 FILL mask 0xff
                0x1a000000                __vectors_start__ = ABSOLUTE (.)
 *(.isr_vector)
 .isr_vector    0x1a000000      0x114 out/libs/lpc_board_ciaa_edu_4337/src/cr_startup_lpc43xx.o
                0x1a000000                g_pfnVectors
                0x1a000114                . = ALIGN (0x4)
                0x1a000114                __section_table_start = .
                0x1a000114                __data_section_table = .
                0x1a000114        0x4 LONG 0x1a002a94 LOADADDR (.data)
                0x1a000118        0x4 LONG 0x10000000 ADDR (.data)
                0x1a00011c        0x4 LONG 0x7c SIZEOF (.data)
                0x1a000120        0x4 LONG 0x1a002a94 LOADADDR (.data_RAM2)
                0x1a000124        0x4 LONG 0x10080000 ADDR (.data_RAM2)
                0x1a000128        0x4 LONG 0x0 SIZEOF (.data_RAM2)
                0x1a00012c        0x4 LONG 0x1a002a94 LOADADDR (.data_RAM3)
                0x1a000130        0x4 LONG 0x20000000 ADDR (.data_RAM3)
                0x1a000134        0x4 LONG 0x0 SIZEOF (.data_RAM3)
                0x1a000138        0x4 LONG 0x1a002a94 LOADADDR (.data_RAM4)
                0x1a00013c        0x4 LONG 0x20008000 ADDR (.data_RAM4)
                0x1a000140        0x4 LONG 0x0 SIZEOF (.data_RAM4)
                0x1a000144        0x4 LONG 0x1a002a94 LOADADDR (.data_RAM5)
                0x1a000148        0x4 LONG 0x2000c000 ADDR (.data_RAM5)
                0x1a00014c        0x4 LONG 0x0 SIZEOF (.data_RAM5)
                0x1a000150                __data_section_table_end = .
                0x1a000150                __bss_section_table = .
                0x1a000150        0x4 LONG 0x10000080 ADDR (.bss)
                0x1a000154        0x4 LONG 0x140 SIZEOF (.bss)
                0x1a000158        0x4 LONG 0x10080000 ADDR (.bss_RAM2)
                0x1a00015c        0x4 LONG 0x0 SIZEOF (.bss_RAM2)
                0x1a000160        0x4 LONG 0x20000000 ADDR (.bss_RAM3)
                0x1a000164        0x4 LONG 0x0 SIZEOF (.bss_RAM3)
                0x1a000168        0x4 LONG 0x20008000 ADDR (.bss_RAM4)
                0x1a00016c        0x4 LONG 0x0 SIZEOF (.bss_RAM4)
                0x1a000170        0x4 LONG 0x2000c000 ADDR (.bss_RAM5)
                0x1a000174        0x4 LONG 0x0 SIZEOF (.bss_RAM5)
                0x1a000178                __bss_section_table_end = .
                0x1a000178                __section_table_end = .
 *(.after_vectors*)
 .after_vectors
                0x1a000178       0x44 out/libs/lpc_board_ciaa_edu_4337/src/cr_startup_lpc43xx.o
                0x1a000178                NMI_Handler
                0x1a00017a                HardFault_Handler
                0x1a00017c                MemManage_Handler
                0x1a00017e                BusFault_Handler
                0x1a000180                UsageFault_Handler
                0x1a000182                SVC_Handler
                0x1a000184                DebugMon_Handler
                0x1a000186                PendSV_Handler
                0x1a00018a                ATIMER_IRQHandler
                0x1a00018a                SDIO_IRQHandler
                0x1a00018a                I2C1_IRQHandler
                0x1a00018a                UART1_IRQHandler
                0x1a00018a                GPIO5_IRQHandler
                0x1a00018a                CAN1_IRQHandler
                0x1a00018a                USB1_IRQHandler
                0x1a00018a                I2S0_IRQHandler
                0x1a00018a                GINT1_IRQHandler
                0x1a00018a                SGPIO_IRQHandler
                0x1a00018a                ADC0_IRQHandler
                0x1a00018a                I2C0_IRQHandler
                0x1a00018a                GPIO6_IRQHandler
                0x1a00018a                IntDefaultHandler
                0x1a00018a                GPIO1_IRQHandler
                0x1a00018a                SSP0_IRQHandler
                0x1a00018a                ADC1_IRQHandler
                0x1a00018a                FLASH_EEPROM_IRQHandler
                0x1a00018a                SPI_IRQHandler
                0x1a00018a                LCD_IRQHandler
                0x1a00018a                M0APP_IRQHandler
                0x1a00018a                GPIO2_IRQHandler
                0x1a00018a                I2S1_IRQHandler
                0x1a00018a                SSP1_IRQHandler
                0x1a00018a                USB0_IRQHandler
                0x1a00018a                GPIO3_IRQHandler
                0x1a00018a                SCT_IRQHandler
                0x1a00018a                ADCHS_IRQHandler
                0x1a00018a                WDT_IRQHandler
                0x1a00018a                RIT_IRQHandler
                0x1a00018a                GPIO7_IRQHandler
                0x1a00018a                SPIFI_IRQHandler
                0x1a00018a                QEI_IRQHandler
                0x1a00018a                ETH_IRQHandler
                0x1a00018a                CAN0_IRQHandler
                0x1a00018a                GINT0_IRQHandler
                0x1a00018a                DAC_IRQHandler
                0x1a00018a                M0SUB_IRQHandler
                0x1a00018a                GPIO0_IRQHandler
                0x1a00018a                DMA_IRQHandler
                0x1a00018a                EVRT_IRQHandler
                0x1a00018a                RTC_IRQHandler
                0x1a00018a                MCPWM_IRQHandler
                0x1a00018a                GPIO4_IRQHandler
                0x1a00018c                data_init
                0x1a0001aa                bss_init
 .after_vectors
                0x1a0001bc        0x2 out/libs/sapi/src/sapi_uart.o
                0x1a0001bc                UART0_IRQHandler
                0x000002fc                . = 0x2fc
 *fill*         0x1a0001be      0x13e ff
                0x1a0002fc                PROVIDE (__CRP_WORD_START__, .)
 *(.crp)
 .crp           0x1a0002fc        0x4 out/libs/lpc_board_ciaa_edu_4337/src/crp.o
                0x1a0002fc                CRP_WORD
                0x1a000300                PROVIDE (__CRP_WORD_END__, .)
                0x00000001                ASSERT (! ((__CRP_WORD_START__ == __CRP_WORD_END__)), Linker CRP Enabled, but no CRP_WORD provided within application)
 *(.text*)
 .text.IntTimer
                0x1a000300        0xa out/app/src/Ascensor.o
                0x1a000300                IntTimer
 *fill*         0x1a00030a        0x2 ff
 .text.main     0x1a00030c       0x9c out/app/src/Ascensor.o
                0x1a00030c                main
 .text.InicializarMEFAsc
                0x1a0003a8       0x38 out/app/src/MEFAscensorPuertas.o
                0x1a0003a8                InicializarMEFAsc
 .text.InicializarMEFPuerta
                0x1a0003e0       0x54 out/app/src/MEFAscensorPuertas.o
                0x1a0003e0                InicializarMEFPuerta
 .text.CargaNuevoPiso
                0x1a000434       0x64 out/app/src/MEFAscensorPuertas.o
                0x1a000434                CargaNuevoPiso
 .text.ActualizarMEFAsc
                0x1a000498      0x318 out/app/src/MEFAscensorPuertas.o
                0x1a000498                ActualizarMEFAsc
 .text.ActualizaMEFPuerta
                0x1a0007b0      0x114 out/app/src/MEFAscensorPuertas.o
                0x1a0007b0                ActualizaMEFPuerta
 .text.configurarTecladoMatricial
                0x1a0008c4       0x38 out/app/src/MEF_tecladoMatricial.o
                0x1a0008c4                configurarTecladoMatricial
 .text.inicializarMEF_tecladoMatrical
                0x1a0008fc       0x1c out/app/src/MEF_tecladoMatricial.o
                0x1a0008fc                inicializarMEF_tecladoMatrical
 .text.ScanTeclas
                0x1a000918       0x94 out/app/src/MEF_tecladoMatricial.o
                0x1a000918                ScanTeclas
 .text.ActualizaMEFScanTecla
                0x1a0009ac       0xb0 out/app/src/MEF_tecladoMatricial.o
                0x1a0009ac                ActualizaMEFScanTecla
 .text.ingresarDigito
                0x1a000a5c       0x90 out/app/src/MEF_tecladoMatricial.o
                0x1a000a5c                ingresarDigito
 .text.guardarPisoSimple
                0x1a000aec       0x4c out/app/src/MEF_tecladoMatricial.o
                0x1a000aec                guardarPisoSimple
 .text.guardarPisoDoble
                0x1a000b38       0x70 out/app/src/MEF_tecladoMatricial.o
                0x1a000b38                guardarPisoDoble
 .text.actualizarMEF_tecladoMatricial
                0x1a000ba8       0xbc out/app/src/MEF_tecladoMatricial.o
                0x1a000ba8                actualizarMEF_tecladoMatricial
 .text.itoa     0x1a000c64       0x68 out/app/src/Test.o
                0x1a000c64                itoa
 .text.uartWriteMiDato
                0x1a000ccc       0x34 out/app/src/Test.o
                0x1a000ccc                uartWriteMiDato
 .text.EstadoInterno
                0x1a000d00      0x200 out/app/src/Test.o
                0x1a000d00                EstadoInterno
 .text.ConfigDisplay
                0x1a000f00       0x48 out/app/src/driverDisplay.o
                0x1a000f00                ConfigDisplay
 .text.SacaDigito
                0x1a000f48       0x5c out/app/src/driverDisplay.o
                0x1a000f48                SacaDigito
 .text.ConvierteByte
                0x1a000fa4       0x40 out/app/src/driverDisplay.o
                0x1a000fa4                ConvierteByte
 .text.PonPisoActualDisplay
                0x1a000fe4      0x168 out/app/src/driverDisplay.o
                0x1a000fe4                PonPisoActualDisplay
 .text.SystemCoreClockUpdate
                0x1a00114c       0x14 out/libs/lpc_chip_43xx/src/chip_18xx_43xx.o
                0x1a00114c                SystemCoreClockUpdate
 .text.pll_calc_divs
                0x1a001160       0xa0 out/libs/lpc_chip_43xx/src/clock_18xx_43xx.o
 .text.pll_get_frac
                0x1a001200      0x100 out/libs/lpc_chip_43xx/src/clock_18xx_43xx.o
 .text.Chip_Clock_FindBaseClock
                0x1a001300       0x4c out/libs/lpc_chip_43xx/src/clock_18xx_43xx.o
 .text.Chip_Clock_EnableCrystal
                0x1a00134c       0x4c out/libs/lpc_chip_43xx/src/clock_18xx_43xx.o
                0x1a00134c                Chip_Clock_EnableCrystal
 .text.Chip_Clock_GetDividerSource
                0x1a001398       0x1c out/libs/lpc_chip_43xx/src/clock_18xx_43xx.o
                0x1a001398                Chip_Clock_GetDividerSource
 .text.Chip_Clock_GetDividerDivisor
                0x1a0013b4       0x1c out/libs/lpc_chip_43xx/src/clock_18xx_43xx.o
                0x1a0013b4                Chip_Clock_GetDividerDivisor
 .text.Chip_Clock_GetClockInputHz
                0x1a0013d0       0xb8 out/libs/lpc_chip_43xx/src/clock_18xx_43xx.o
                0x1a0013d0                Chip_Clock_GetClockInputHz
 .text.Chip_Clock_CalcMainPLLValue
                0x1a001488       0x80 out/libs/lpc_chip_43xx/src/clock_18xx_43xx.o
                0x1a001488                Chip_Clock_CalcMainPLLValue
 .text.Chip_Clock_GetMainPLLHz
                0x1a001508       0x6c out/libs/lpc_chip_43xx/src/clock_18xx_43xx.o
                0x1a001508                Chip_Clock_GetMainPLLHz
 .text.Chip_Clock_GetDivRate
                0x1a001574       0x22 out/libs/lpc_chip_43xx/src/clock_18xx_43xx.o
 *fill*         0x1a001596        0x2 ff
 .text.Chip_Clock_SetBaseClock
                0x1a001598       0x58 out/libs/lpc_chip_43xx/src/clock_18xx_43xx.o
                0x1a001598                Chip_Clock_SetBaseClock
 .text.Chip_Clock_GetBaseClock
                0x1a0015f0       0x26 out/libs/lpc_chip_43xx/src/clock_18xx_43xx.o
                0x1a0015f0                Chip_Clock_GetBaseClock
 .text.Chip_Clock_GetBaseClocktHz
                0x1a001616        0xc out/libs/lpc_chip_43xx/src/clock_18xx_43xx.o
                0x1a001616                Chip_Clock_GetBaseClocktHz
 *fill*         0x1a001622        0x2 ff
 .text.Chip_Clock_EnableOpts
                0x1a001624       0x3c out/libs/lpc_chip_43xx/src/clock_18xx_43xx.o
                0x1a001624                Chip_Clock_EnableOpts
 .text.Chip_Clock_GetRate
                0x1a001660       0x4c out/libs/lpc_chip_43xx/src/clock_18xx_43xx.o
                0x1a001660                Chip_Clock_GetRate
 .text.fpuInit  0x1a0016ac       0x54 out/libs/lpc_chip_43xx/src/fpu_init.o
                0x1a0016ac                fpuInit
 .text.Chip_GPIO_Init
                0x1a001700        0x2 out/libs/lpc_chip_43xx/src/gpio_18xx_43xx.o
                0x1a001700                Chip_GPIO_Init
 .text.Chip_GPIO_SetDir
                0x1a001702       0x24 out/libs/lpc_chip_43xx/src/gpio_18xx_43xx.o
                0x1a001702                Chip_GPIO_SetDir
 *fill*         0x1a001726        0x2 ff
 .text.Chip_SetupCoreClock
                0x1a001728      0x158 out/libs/lpc_chip_43xx/src/sysinit_18xx_43xx.o
                0x1a001728                Chip_SetupCoreClock
 .text.Chip_UART_GetIndex
                0x1a001880       0x2c out/libs/lpc_chip_43xx/src/uart_18xx_43xx.o
 .text.Chip_UART_Init
                0x1a0018ac       0x54 out/libs/lpc_chip_43xx/src/uart_18xx_43xx.o
                0x1a0018ac                Chip_UART_Init
 .text.Chip_UART_SetBaud
                0x1a001900       0x40 out/libs/lpc_chip_43xx/src/uart_18xx_43xx.o
                0x1a001900                Chip_UART_SetBaud
 .text.Chip_UART_SetBaudFDR
                0x1a001940       0xe8 out/libs/lpc_chip_43xx/src/uart_18xx_43xx.o
                0x1a001940                Chip_UART_SetBaudFDR
 .text.Board_LED_Init
                0x1a001a28       0x44 out/libs/lpc_board_ciaa_edu_4337/src/board.o
 .text.Board_UART_Init
                0x1a001a6c       0x14 out/libs/lpc_board_ciaa_edu_4337/src/board.o
                0x1a001a6c                Board_UART_Init
 .text.Board_Debug_Init
                0x1a001a80       0x28 out/libs/lpc_board_ciaa_edu_4337/src/board.o
                0x1a001a80                Board_Debug_Init
 .text.Board_Init
                0x1a001aa8       0x28 out/libs/lpc_board_ciaa_edu_4337/src/board.o
                0x1a001aa8                Board_Init
 .text.Board_SetupMuxing
                0x1a001ad0       0x38 out/libs/lpc_board_ciaa_edu_4337/src/board_sysinit.o
                0x1a001ad0                Board_SetupMuxing
 .text.Board_SetupClocking
                0x1a001b08       0x6c out/libs/lpc_board_ciaa_edu_4337/src/board_sysinit.o
                0x1a001b08                Board_SetupClocking
 .text.Board_SystemInit
                0x1a001b74        0xc out/libs/lpc_board_ciaa_edu_4337/src/board_sysinit.o
                0x1a001b74                Board_SystemInit
 .text.ResetISR
                0x1a001b80       0x7c out/libs/lpc_board_ciaa_edu_4337/src/cr_startup_lpc43xx.o
                0x1a001b80                ResetISR
 .text.SystemInit
                0x1a001bfc        0xc out/libs/lpc_board_ciaa_edu_4337/src/sysinit.o
                0x1a001bfc                SystemInit
 .text.boardConfig
                0x1a001c08       0xee out/libs/sapi/src/sapi_board.o
                0x1a001c08                boardConfig
 .text.sAPI_NullFuncPtr
                0x1a001cf6        0x4 out/libs/sapi/src/sapi_datatypes.o
                0x1a001cf6                sAPI_NullFuncPtr
 *fill*         0x1a001cfa        0x2 ff
 .text.delayConfig
                0x1a001cfc       0x20 out/libs/sapi/src/sapi_delay.o
                0x1a001cfc                delayConfig
 .text.delayRead
                0x1a001d1c       0x3e out/libs/sapi/src/sapi_delay.o
                0x1a001d1c                delayRead
 *fill*         0x1a001d5a        0x2 ff
 .text.gpioObtainPinConfig
                0x1a001d5c       0x34 out/libs/sapi/src/sapi_gpio.o
 .text.gpioConfig
                0x1a001d90      0x174 out/libs/sapi/src/sapi_gpio.o
                0x1a001d90                gpioConfig
 .text.gpioWrite
                0x1a001f04       0x56 out/libs/sapi/src/sapi_gpio.o
                0x1a001f04                gpioWrite
 .text.gpioRead
                0x1a001f5a       0x54 out/libs/sapi/src/sapi_gpio.o
                0x1a001f5a                gpioRead
 .text.gpioToggle
                0x1a001fae       0x16 out/libs/sapi/src/sapi_gpio.o
                0x1a001fae                gpioToggle
 .text.tickConfig
                0x1a001fc4       0x78 out/libs/sapi/src/sapi_tick.o
                0x1a001fc4                tickConfig
 .text.tickRead
                0x1a00203c        0xc out/libs/sapi/src/sapi_tick.o
                0x1a00203c                tickRead
 .text.SysTick_Handler
                0x1a002048       0x24 out/libs/sapi/src/sapi_tick.o
                0x1a002048                SysTick_Handler
 .text.errorOcurred
                0x1a00206c        0x2 out/libs/sapi/src/sapi_timer.o
 .text.doNothing
                0x1a00206e        0x2 out/libs/sapi/src/sapi_timer.o
 .text.TIMER0_IRQHandler
                0x1a002070       0x40 out/libs/sapi/src/sapi_timer.o
                0x1a002070                TIMER0_IRQHandler
 .text.TIMER1_IRQHandler
                0x1a0020b0       0x40 out/libs/sapi/src/sapi_timer.o
                0x1a0020b0                TIMER1_IRQHandler
 .text.TIMER2_IRQHandler
                0x1a0020f0       0x44 out/libs/sapi/src/sapi_timer.o
                0x1a0020f0                TIMER2_IRQHandler
 .text.TIMER3_IRQHandler
                0x1a002134       0x44 out/libs/sapi/src/sapi_timer.o
                0x1a002134                TIMER3_IRQHandler
 .text.uartConfig
                0x1a002178       0x64 out/libs/sapi/src/sapi_uart.o
                0x1a002178                uartConfig
 .text.uartWriteByte
                0x1a0021dc       0x30 out/libs/sapi/src/sapi_uart.o
                0x1a0021dc                uartWriteByte
 .text.uartWriteString
                0x1a00220c       0x18 out/libs/sapi/src/sapi_uart.o
                0x1a00220c                uartWriteString
 .text.UART2_IRQHandler
                0x1a002224        0x2 out/libs/sapi/src/sapi_uart.o
                0x1a002224                UART2_IRQHandler
 .text.UART3_IRQHandler
                0x1a002226        0x2 out/libs/sapi/src/sapi_uart.o
                0x1a002226                UART3_IRQHandler
 .text          0x1a002228       0x30 c:/ciaa/embeddedide/gcc-arm-embedded/bin/../lib/gcc/arm-none-eabi/6.3.1/thumb/v7e-m/fpv4-sp/hard\libgcc.a(_aeabi_uldivmod.o)
                0x1a002228                __aeabi_uldivmod
 .text          0x1a002258      0x2dc c:/ciaa/embeddedide/gcc-arm-embedded/bin/../lib/gcc/arm-none-eabi/6.3.1/thumb/v7e-m/fpv4-sp/hard\libgcc.a(_udivmoddi4.o)
                0x1a002258                __udivmoddi4
 .text          0x1a002534        0x4 c:/ciaa/embeddedide/gcc-arm-embedded/bin/../lib/gcc/arm-none-eabi/6.3.1/thumb/v7e-m/fpv4-sp/hard\libgcc.a(_dvmd_tls.o)
                0x1a002534                __aeabi_idiv0
                0x1a002534                __aeabi_ldiv0
 .text.memset   0x1a002538       0x10 c:/ciaa/embeddedide/gcc-arm-embedded/bin/../lib/gcc/arm-none-eabi/6.3.1/../../../../arm-none-eabi/lib/thumb/v7e-m/fpv4-sp/hard\libc_nano.a(lib_a-memset.o)
                0x1a002538                memset
 *(.rodata .rodata.* .constdata .constdata.*)
 .rodata.pinesTeclado
                0x1a002548       0x20 out/app/src/MEF_tecladoMatricial.o
 .rodata.EstadoInterno.str1.4
                0x1a002568      0x252 out/app/src/Test.o
 *fill*         0x1a0027ba        0x2 ff
 .rodata.itoa.str1.4
                0x1a0027bc       0x48 out/app/src/Test.o
 .rodata.uartWriteMiDato.str1.4
                0x1a002804       0x48 out/app/src/Test.o
                                  0x3 (size before relaxing)
 .rodata        0x1a002804        0x4 out/libs/lpc_chip_43xx/src/clock_18xx_43xx.o
 .rodata.Chip_Clock_SetDivider.str1.4
                0x1a002808        0x8 out/libs/lpc_chip_43xx/src/clock_18xx_43xx.o
                                  0x6 (size before relaxing)
 .rodata.periph_to_base
                0x1a002810       0x6c out/libs/lpc_chip_43xx/src/clock_18xx_43xx.o
 .rodata.InitClkStates
                0x1a00287c       0x48 out/libs/lpc_chip_43xx/src/sysinit_18xx_43xx.o
 .rodata.UART_BClock
                0x1a0028c4        0x8 out/libs/lpc_chip_43xx/src/uart_18xx_43xx.o
 .rodata.UART_PClock
                0x1a0028cc        0x8 out/libs/lpc_chip_43xx/src/uart_18xx_43xx.o
 .rodata.ExtRateIn
                0x1a0028d4        0x4 out/libs/lpc_board_ciaa_edu_4337/src/board.o
                0x1a0028d4                ExtRateIn
 .rodata.OscRateIn
                0x1a0028d8        0x4 out/libs/lpc_board_ciaa_edu_4337/src/board.o
                0x1a0028d8                OscRateIn
 .rodata.gpioLEDBits
                0x1a0028dc        0xc out/libs/lpc_board_ciaa_edu_4337/src/board.o
 .rodata.InitClkStates
                0x1a0028e8        0xc out/libs/lpc_board_ciaa_edu_4337/src/board_sysinit.o
 .rodata.pinmuxing
                0x1a0028f4       0x60 out/libs/lpc_board_ciaa_edu_4337/src/board_sysinit.o
 .rodata.gpioPinsConfig
                0x1a002954      0x136 out/libs/sapi/src/sapi_gpio.o
                0x1a002954                gpioPinsConfig
                0x1a002a8c                . = ALIGN (0x4)
 *fill*         0x1a002a8a        0x2 ff

.glue_7         0x1a002a8c        0x0
 .glue_7        0x1a002a8c        0x0 linker stubs

.glue_7t        0x1a002a8c        0x0
 .glue_7t       0x1a002a8c        0x0 linker stubs

.vfp11_veneer   0x1a002a8c        0x0
 .vfp11_veneer  0x1a002a8c        0x0 linker stubs

.v4_bx          0x1a002a8c        0x0
 .v4_bx         0x1a002a8c        0x0 linker stubs

.iplt           0x1a002a8c        0x0
 .iplt          0x1a002a8c        0x0 out/app/src/Ascensor.o

.ARM.extab
 *(.ARM.extab* .gnu.linkonce.armextab.*)
                0x1a002a8c                __exidx_start = .

.ARM.exidx      0x1a002a8c        0x8
 *(.ARM.exidx* .gnu.linkonce.armexidx.*)
 .ARM.exidx     0x1a002a8c        0x8 c:/ciaa/embeddedide/gcc-arm-embedded/bin/../lib/gcc/arm-none-eabi/6.3.1/thumb/v7e-m/fpv4-sp/hard\libgcc.a(_udivmoddi4.o)
                0x1a002a94                __exidx_end = .
                0x1a002a94                _etext = .

.rel.dyn        0x1a002a94        0x0
 .rel.iplt      0x1a002a94        0x0 out/app/src/Ascensor.o

.data_RAM2      0x10080000        0x0 load address 0x1a002a94
 FILL mask 0xff
 *(.ramfunc.$RAM2)
 *(.ramfunc.$RamLoc40)
 *(.data.$RAM2*)
 *(.data.$RamLoc40*)
                0x10080000                . = ALIGN (0x4)

.data_RAM3      0x20000000        0x0 load address 0x1a002a94
 FILL mask 0xff
 *(.ramfunc.$RAM3)
 *(.ramfunc.$RamAHB32)
 *(.data.$RAM3*)
 *(.data.$RamAHB32*)
                0x20000000                . = ALIGN (0x4)

.data_RAM4      0x20008000        0x0 load address 0x1a002a94
 FILL mask 0xff
 *(.ramfunc.$RAM4)
 *(.ramfunc.$RamAHB16)
 *(.data.$RAM4*)
 *(.data.$RamAHB16*)
                0x20008000                . = ALIGN (0x4)

.data_RAM5      0x2000c000        0x0 load address 0x1a002a94
 FILL mask 0xff
 *(.ramfunc.$RAM5)
 *(.ramfunc.$RamAHB_ETB16)
 *(.data.$RAM5*)
 *(.data.$RamAHB_ETB16*)
                0x2000c000                . = ALIGN (0x4)

.uninit_RESERVED
                0x10000000        0x0
 *(.bss.$RESERVED*)
                0x10000000                . = ALIGN (0x4)
                0x10000000                _end_uninit_RESERVED = .

.data           0x10000000       0x7c load address 0x1a002a94
 FILL mask 0xff
                0x10000000                _data = .
 *(vtable)
 *(.ramfunc*)
 *(.data*)
 .data.velAbreCierraPuerta
                0x10000000        0x2 out/app/src/MEFAscensorPuertas.o
                0x10000000                velAbreCierraPuerta
 .data.velPisoPiso
                0x10000002        0x2 out/app/src/MEFAscensorPuertas.o
                0x10000002                velPisoPiso
 .data.pinesColumna
                0x10000004        0x4 out/app/src/MEF_tecladoMatricial.o
                0x10000004                pinesColumna
 .data.pinesFila
                0x10000008        0x4 out/app/src/MEF_tecladoMatricial.o
                0x10000008                pinesFila
 .data.teclaPresionada
                0x1000000c        0x2 out/app/src/MEF_tecladoMatricial.o
                0x1000000c                teclaPresionada
 *fill*         0x1000000e        0x2 ff
 .data.numeroadisplayB
                0x10000010       0x1b out/app/src/driverDisplay.o
                0x10000010                numeroadisplayB
 *fill*         0x1000002b        0x1 ff
 .data.quedisplayB
                0x1000002c        0x4 out/app/src/driverDisplay.o
                0x1000002c                quedisplayB
 .data.segmentosdisplayB
                0x10000030        0x8 out/app/src/driverDisplay.o
                0x10000030                segmentosdisplayB
 .data.tickHookFunction
                0x10000038        0x4 out/libs/sapi/src/sapi_tick.o
                0x10000038                tickHookFunction
 .data.timer_dd
                0x1000003c       0x40 out/libs/sapi/src/sapi_timer.o
                0x1000007c                . = ALIGN (0x4)
                0x1000007c                _edata = .

.igot.plt       0x1000007c        0x0 load address 0x1a002b10
 .igot.plt      0x1000007c        0x0 out/app/src/Ascensor.o

.bss_RAM2       0x10080000        0x0
 *(.bss.$RAM2*)
 *(.bss.$RamLoc40*)
                0x10080000                . = ALIGN (0x4)

.bss_RAM3       0x20000000        0x0
 *(.bss.$RAM3*)
 *(.bss.$RamAHB32*)
                0x20000000                . = ALIGN (0x4)

.bss_RAM4       0x20008000        0x0
 *(.bss.$RAM4*)
 *(.bss.$RamAHB16*)
                0x20008000                . = ALIGN (0x4)

.bss_RAM5       0x2000c000        0x0
 *(.bss.$RAM5*)
 *(.bss.$RamAHB_ETB16*)
                0x2000c000                . = ALIGN (0x4)

.bss            0x10000080      0x140
                0x10000080                _bss = .
 *(.bss*)
 .bss.flag1DW   0x10000080        0x4 out/app/src/MEFAscensorPuertas.o
                0x10000080                flag1DW
 .bss.flagConfiguracion
                0x10000084        0x1 out/app/src/MEFAscensorPuertas.o
                0x10000084                flagConfiguracion
 .bss.pideConfiguracion
                0x10000085        0x1 out/app/src/MEFAscensorPuertas.o
                0x10000085                pideConfiguracion
 .bss.pisoActual
                0x10000086        0x1 out/app/src/MEFAscensorPuertas.o
                0x10000086                pisoActual
 .bss.pisoDestino
                0x10000087        0x1 out/app/src/MEFAscensorPuertas.o
                0x10000087                pisoDestino
 .bss.confirmar
                0x10000088        0x2 out/app/src/MEF_tecladoMatricial.o
                0x10000088                confirmar
 *fill*         0x1000008a        0x6 
 .bss.delayAntirebote.11880
                0x10000090       0x18 out/app/src/MEF_tecladoMatricial.o
 .bss.flagEstadoApretandoTecla.11881
                0x100000a8        0x1 out/app/src/MEF_tecladoMatricial.o
 .bss.hayTeclaDisponible
                0x100000a9        0x1 out/app/src/MEF_tecladoMatricial.o
                0x100000a9                hayTeclaDisponible
 *fill*         0x100000aa        0x2 
 .bss.indice    0x100000ac        0x4 out/app/src/MEF_tecladoMatricial.o
                0x100000ac                indice
 .bss.indiceTeclaGuardar
                0x100000b0        0x4 out/app/src/MEF_tecladoMatricial.o
                0x100000b0                indiceTeclaGuardar
 .bss.indiceTeclaPresionada
                0x100000b4        0x4 out/app/src/MEF_tecladoMatricial.o
                0x100000b4                indiceTeclaPresionada
 .bss.key       0x100000b8        0x2 out/app/src/MEF_tecladoMatricial.o
                0x100000b8                key
 .bss.primerDigito
                0x100000ba        0x2 out/app/src/MEF_tecladoMatricial.o
                0x100000ba                primerDigito
 .bss.segundoDigito
                0x100000bc        0x2 out/app/src/MEF_tecladoMatricial.o
                0x100000bc                segundoDigito
 .bss.centenasB
                0x100000be        0x1 out/app/src/driverDisplay.o
                0x100000be                centenasB
 .bss.decenasB  0x100000bf        0x1 out/app/src/driverDisplay.o
                0x100000bf                decenasB
 .bss.secuenciaB
                0x100000c0        0x1 out/app/src/driverDisplay.o
                0x100000c0                secuenciaB
 .bss.unidadesB
                0x100000c1        0x1 out/app/src/driverDisplay.o
                0x100000c1                unidadesB
 .bss.unidadesmilB
                0x100000c2        0x1 out/app/src/driverDisplay.o
                0x100000c2                unidadesmilB
 *fill*         0x100000c3        0x1 
 .bss.audio_usb_pll_freq
                0x100000c4        0x8 out/libs/lpc_chip_43xx/src/clock_18xx_43xx.o
 *(COMMON)
 *fill*         0x100000cc        0x4 
 COMMON         0x100000d0       0x18 out/app/src/Ascensor.o
                0x100000d0                timSerial
 COMMON         0x100000e8       0x88 out/app/src/MEFAscensorPuertas.o
                0x100000e8                timAbreCierraPuerta
                0x10000100                timRetornoPB
                0x10000118                estadoActualAsc
                0x10000120                timPisoPiso
                0x10000138                estadoActualPuerta
                0x10000140                timAlarPuerta
                0x10000158                timPuertaAbierta
 COMMON         0x10000170       0x2c out/app/src/MEF_tecladoMatricial.o
                0x10000170                estadoMefScanTeclado
                0x10000171                estadoMefTecladoMatricial
                0x10000174                almacenarPisos
 COMMON         0x1000019c        0xa out/app/src/Test.o
                0x1000019c                numeroEnString
 *fill*         0x100001a6        0x2 
 COMMON         0x100001a8        0x4 out/libs/lpc_chip_43xx/src/chip_18xx_43xx.o
                0x100001a8                SystemCoreClock
 *fill*         0x100001ac        0x4 
 COMMON         0x100001b0       0x10 out/libs/sapi/src/sapi_tick.o
                0x100001b0                tickCounter
                0x100001b8                tickRateMS
                0x100001c0                . = ALIGN (0x4)
                0x100001c0                _ebss = .
                [!provide]                PROVIDE (end, .)

.noinit_RAM2    0x10080000        0x0
 *(.noinit.$RAM2*)
 *(.noinit.$RamLoc40*)
                0x10080000                . = ALIGN (0x4)

.noinit_RAM3    0x20000000        0x0
 *(.noinit.$RAM3*)
 *(.noinit.$RamAHB32*)
                0x20000000                . = ALIGN (0x4)

.noinit_RAM4    0x20008000        0x0
 *(.noinit.$RAM4*)
 *(.noinit.$RamAHB16*)
                0x20008000                . = ALIGN (0x4)

.noinit_RAM5    0x2000c000        0x0
 *(.noinit.$RAM5*)
 *(.noinit.$RamAHB_ETB16*)
                0x2000c000                . = ALIGN (0x4)

.noinit         0x100001c0        0x0
                0x100001c0                _noinit = .
 *(.noinit*)
                0x100001c0                . = ALIGN (0x4)
                0x100001c0                _end_noinit = .
                0x100001c0                PROVIDE (_pvHeapStart, .)
                0x10008000                PROVIDE (_vStackTop, (__top_RamLoc32 - 0x0))
                0x53ff5d0e                PROVIDE (__valid_user_code_checksum, (0x0 - ((((((_vStackTop + (ResetISR + 0x1)) + (NMI_Handler + 0x1)) + (HardFault_Handler + 0x1)) + (DEFINED (MemManage_Handler)?MemManage_Handler:0x0 + 0x1)) + (DEFINED (BusFault_Handler)?BusFault_Handler:0x0 + 0x1)) + (DEFINED (UsageFault_Handler)?UsageFault_Handler:0x0 + 0x1))))
OUTPUT(out/programa.elf elf32-littlearm)

.debug_info     0x00000000    0x173d2
 .debug_info    0x00000000     0x11e5 out/app/src/Ascensor.o
 .debug_info    0x000011e5     0x166a out/app/src/MEFAscensorPuertas.o
 .debug_info    0x0000284f     0x1499 out/app/src/MEF_tecladoMatricial.o
 .debug_info    0x00003ce8     0x1409 out/app/src/Test.o
 .debug_info    0x000050f1     0x12b1 out/app/src/driverDisplay.o
 .debug_info    0x000063a2      0xc3b out/libs/lpc_chip_43xx/src/chip_18xx_43xx.o
 .debug_info    0x00006fdd     0x18e4 out/libs/lpc_chip_43xx/src/clock_18xx_43xx.o
 .debug_info    0x000088c1      0x14c out/libs/lpc_chip_43xx/src/fpu_init.o
 .debug_info    0x00008a0d      0x4c8 out/libs/lpc_chip_43xx/src/gpio_18xx_43xx.o
 .debug_info    0x00008ed5      0xb07 out/libs/lpc_chip_43xx/src/sysinit_18xx_43xx.o
 .debug_info    0x000099dc     0x164c out/libs/lpc_chip_43xx/src/uart_18xx_43xx.o
 .debug_info    0x0000b028     0x212f out/libs/lpc_board_ciaa_edu_4337/src/board.o
 .debug_info    0x0000d157     0x14b0 out/libs/lpc_board_ciaa_edu_4337/src/board_sysinit.o
 .debug_info    0x0000e607      0x2ec out/libs/lpc_board_ciaa_edu_4337/src/cr_startup_lpc43xx.o
 .debug_info    0x0000e8f3       0x3f out/libs/lpc_board_ciaa_edu_4337/src/crp.o
 .debug_info    0x0000e932      0x95e out/libs/lpc_board_ciaa_edu_4337/src/sysinit.o
 .debug_info    0x0000f290      0xdc8 out/libs/sapi/src/sapi_board.o
 .debug_info    0x00010058      0x957 out/libs/sapi/src/sapi_datatypes.o
 .debug_info    0x000109af      0xb22 out/libs/sapi/src/sapi_delay.o
 .debug_info    0x000114d1     0x19d5 out/libs/sapi/src/sapi_gpio.o
 .debug_info    0x00012ea6     0x1438 out/libs/sapi/src/sapi_tick.o
 .debug_info    0x000142de     0x1c99 out/libs/sapi/src/sapi_timer.o
 .debug_info    0x00015f77     0x145b out/libs/sapi/src/sapi_uart.o

.debug_abbrev   0x00000000     0x378f
 .debug_abbrev  0x00000000      0x250 out/app/src/Ascensor.o
 .debug_abbrev  0x00000250      0x268 out/app/src/MEFAscensorPuertas.o
 .debug_abbrev  0x000004b8      0x2fc out/app/src/MEF_tecladoMatricial.o
 .debug_abbrev  0x000007b4      0x292 out/app/src/Test.o
 .debug_abbrev  0x00000a46      0x28a out/app/src/driverDisplay.o
 .debug_abbrev  0x00000cd0      0x1bf out/libs/lpc_chip_43xx/src/chip_18xx_43xx.o
 .debug_abbrev  0x00000e8f      0x36f out/libs/lpc_chip_43xx/src/clock_18xx_43xx.o
 .debug_abbrev  0x000011fe       0xa2 out/libs/lpc_chip_43xx/src/fpu_init.o
 .debug_abbrev  0x000012a0      0x172 out/libs/lpc_chip_43xx/src/gpio_18xx_43xx.o
 .debug_abbrev  0x00001412      0x20a out/libs/lpc_chip_43xx/src/sysinit_18xx_43xx.o
 .debug_abbrev  0x0000161c      0x3b3 out/libs/lpc_chip_43xx/src/uart_18xx_43xx.o
 .debug_abbrev  0x000019cf      0x3d6 out/libs/lpc_board_ciaa_edu_4337/src/board.o
 .debug_abbrev  0x00001da5      0x2f8 out/libs/lpc_board_ciaa_edu_4337/src/board_sysinit.o
 .debug_abbrev  0x0000209d      0x114 out/libs/lpc_board_ciaa_edu_4337/src/cr_startup_lpc43xx.o
 .debug_abbrev  0x000021b1       0x36 out/libs/lpc_board_ciaa_edu_4337/src/crp.o
 .debug_abbrev  0x000021e7      0x1de out/libs/lpc_board_ciaa_edu_4337/src/sysinit.o
 .debug_abbrev  0x000023c5      0x214 out/libs/sapi/src/sapi_board.o
 .debug_abbrev  0x000025d9      0x1c2 out/libs/sapi/src/sapi_datatypes.o
 .debug_abbrev  0x0000279b      0x241 out/libs/sapi/src/sapi_delay.o
 .debug_abbrev  0x000029dc      0x385 out/libs/sapi/src/sapi_gpio.o
 .debug_abbrev  0x00002d61      0x301 out/libs/sapi/src/sapi_tick.o
 .debug_abbrev  0x00003062      0x3cd out/libs/sapi/src/sapi_timer.o
 .debug_abbrev  0x0000342f      0x360 out/libs/sapi/src/sapi_uart.o

.debug_loc      0x00000000     0x48e2
 .debug_loc     0x00000000       0x21 out/app/src/Ascensor.o
 .debug_loc     0x00000021       0x1f out/app/src/MEFAscensorPuertas.o
 .debug_loc     0x00000040      0x1fe out/app/src/MEF_tecladoMatricial.o
 .debug_loc     0x0000023e      0x1bc out/app/src/Test.o
 .debug_loc     0x000003fa       0xd8 out/app/src/driverDisplay.o
 .debug_loc     0x000004d2     0x1295 out/libs/lpc_chip_43xx/src/clock_18xx_43xx.o
 .debug_loc     0x00001767       0x2b out/libs/lpc_chip_43xx/src/fpu_init.o
 .debug_loc     0x00001792      0x3d8 out/libs/lpc_chip_43xx/src/gpio_18xx_43xx.o
 .debug_loc     0x00001b6a      0x14d out/libs/lpc_chip_43xx/src/sysinit_18xx_43xx.o
 .debug_loc     0x00001cb7      0xd25 out/libs/lpc_chip_43xx/src/uart_18xx_43xx.o
 .debug_loc     0x000029dc      0x5e2 out/libs/lpc_board_ciaa_edu_4337/src/board.o
 .debug_loc     0x00002fbe       0xc3 out/libs/lpc_board_ciaa_edu_4337/src/board_sysinit.o
 .debug_loc     0x00003081      0x206 out/libs/lpc_board_ciaa_edu_4337/src/cr_startup_lpc43xx.o
 .debug_loc     0x00003287       0x21 out/libs/sapi/src/sapi_datatypes.o
 .debug_loc     0x000032a8      0x1af out/libs/sapi/src/sapi_delay.o
 .debug_loc     0x00003457      0x60e out/libs/sapi/src/sapi_gpio.o
 .debug_loc     0x00003a65      0x129 out/libs/sapi/src/sapi_tick.o
 .debug_loc     0x00003b8e      0x7c0 out/libs/sapi/src/sapi_timer.o
 .debug_loc     0x0000434e      0x594 out/libs/sapi/src/sapi_uart.o

.debug_aranges  0x00000000      0x728
 .debug_aranges
                0x00000000       0x28 out/app/src/Ascensor.o
 .debug_aranges
                0x00000028       0x40 out/app/src/MEFAscensorPuertas.o
 .debug_aranges
                0x00000068       0x60 out/app/src/MEF_tecladoMatricial.o
 .debug_aranges
                0x000000c8       0x30 out/app/src/Test.o
 .debug_aranges
                0x000000f8       0x38 out/app/src/driverDisplay.o
 .debug_aranges
                0x00000130       0x38 out/libs/lpc_chip_43xx/src/chip_18xx_43xx.o
 .debug_aranges
                0x00000168      0x128 out/libs/lpc_chip_43xx/src/clock_18xx_43xx.o
 .debug_aranges
                0x00000290       0x20 out/libs/lpc_chip_43xx/src/fpu_init.o
 .debug_aranges
                0x000002b0       0x48 out/libs/lpc_chip_43xx/src/gpio_18xx_43xx.o
 .debug_aranges
                0x000002f8       0x38 out/libs/lpc_chip_43xx/src/sysinit_18xx_43xx.o
 .debug_aranges
                0x00000330       0xa8 out/libs/lpc_chip_43xx/src/uart_18xx_43xx.o
 .debug_aranges
                0x000003d8       0x90 out/libs/lpc_board_ciaa_edu_4337/src/board.o
 .debug_aranges
                0x00000468       0x30 out/libs/lpc_board_ciaa_edu_4337/src/board_sysinit.o
 .debug_aranges
                0x00000498       0x80 out/libs/lpc_board_ciaa_edu_4337/src/cr_startup_lpc43xx.o
 .debug_aranges
                0x00000518       0x18 out/libs/lpc_board_ciaa_edu_4337/src/crp.o
 .debug_aranges
                0x00000530       0x20 out/libs/lpc_board_ciaa_edu_4337/src/sysinit.o
 .debug_aranges
                0x00000550       0x20 out/libs/sapi/src/sapi_board.o
 .debug_aranges
                0x00000570       0x20 out/libs/sapi/src/sapi_datatypes.o
 .debug_aranges
                0x00000590       0x48 out/libs/sapi/src/sapi_delay.o
 .debug_aranges
                0x000005d8       0x40 out/libs/sapi/src/sapi_gpio.o
 .debug_aranges
                0x00000618       0x38 out/libs/sapi/src/sapi_tick.o
 .debug_aranges
                0x00000650       0x78 out/libs/sapi/src/sapi_timer.o
 .debug_aranges
                0x000006c8       0x60 out/libs/sapi/src/sapi_uart.o

.debug_ranges   0x00000000      0x670
 .debug_ranges  0x00000000       0x18 out/app/src/Ascensor.o
 .debug_ranges  0x00000018       0x30 out/app/src/MEFAscensorPuertas.o
 .debug_ranges  0x00000048       0x50 out/app/src/MEF_tecladoMatricial.o
 .debug_ranges  0x00000098       0x20 out/app/src/Test.o
 .debug_ranges  0x000000b8       0x28 out/app/src/driverDisplay.o
 .debug_ranges  0x000000e0       0x28 out/libs/lpc_chip_43xx/src/chip_18xx_43xx.o
 .debug_ranges  0x00000108      0x190 out/libs/lpc_chip_43xx/src/clock_18xx_43xx.o
 .debug_ranges  0x00000298       0x10 out/libs/lpc_chip_43xx/src/fpu_init.o
 .debug_ranges  0x000002a8       0x38 out/libs/lpc_chip_43xx/src/gpio_18xx_43xx.o
 .debug_ranges  0x000002e0       0x28 out/libs/lpc_chip_43xx/src/sysinit_18xx_43xx.o
 .debug_ranges  0x00000308       0xb0 out/libs/lpc_chip_43xx/src/uart_18xx_43xx.o
 .debug_ranges  0x000003b8       0x80 out/libs/lpc_board_ciaa_edu_4337/src/board.o
 .debug_ranges  0x00000438       0x38 out/libs/lpc_board_ciaa_edu_4337/src/board_sysinit.o
 .debug_ranges  0x00000470       0x70 out/libs/lpc_board_ciaa_edu_4337/src/cr_startup_lpc43xx.o
 .debug_ranges  0x000004e0       0x10 out/libs/lpc_board_ciaa_edu_4337/src/sysinit.o
 .debug_ranges  0x000004f0       0x10 out/libs/sapi/src/sapi_board.o
 .debug_ranges  0x00000500       0x10 out/libs/sapi/src/sapi_datatypes.o
 .debug_ranges  0x00000510       0x38 out/libs/sapi/src/sapi_delay.o
 .debug_ranges  0x00000548       0x30 out/libs/sapi/src/sapi_gpio.o
 .debug_ranges  0x00000578       0x28 out/libs/sapi/src/sapi_tick.o
 .debug_ranges  0x000005a0       0x80 out/libs/sapi/src/sapi_timer.o
 .debug_ranges  0x00000620       0x50 out/libs/sapi/src/sapi_uart.o

.debug_macro    0x00000000     0xaa2e
 .debug_macro   0x00000000      0x55a out/app/src/Ascensor.o
 .debug_macro   0x0000055a      0x8b0 out/app/src/Ascensor.o
 .debug_macro   0x00000e0a       0x22 out/app/src/Ascensor.o
 .debug_macro   0x00000e2c       0x87 out/app/src/Ascensor.o
 .debug_macro   0x00000eb3       0x51 out/app/src/Ascensor.o
 .debug_macro   0x00000f04       0xef out/app/src/Ascensor.o
 .debug_macro   0x00000ff3       0x6a out/app/src/Ascensor.o
 .debug_macro   0x0000105d      0x1df out/app/src/Ascensor.o
 .debug_macro   0x0000123c       0x10 out/app/src/Ascensor.o
 .debug_macro   0x0000124c       0x22 out/app/src/Ascensor.o
 .debug_macro   0x0000126e       0x66 out/app/src/Ascensor.o
 .debug_macro   0x000012d4       0x28 out/app/src/Ascensor.o
 .debug_macro   0x000012fc       0x3b out/app/src/Ascensor.o
 .debug_macro   0x00001337       0x2d out/app/src/Ascensor.o
 .debug_macro   0x00001364       0x42 out/app/src/Ascensor.o
 .debug_macro   0x000013a6      0xd39 out/app/src/Ascensor.o
 .debug_macro   0x000020df      0x2bc out/app/src/Ascensor.o
 .debug_macro   0x0000239b      0x112 out/app/src/Ascensor.o
 .debug_macro   0x000024ad       0x11 out/app/src/Ascensor.o
 .debug_macro   0x000024be       0x2a out/app/src/Ascensor.o
 .debug_macro   0x000024e8       0x16 out/app/src/Ascensor.o
 .debug_macro   0x000024fe      0x2e6 out/app/src/Ascensor.o
 .debug_macro   0x000027e4       0x82 out/app/src/Ascensor.o
 .debug_macro   0x00002866      0x13d out/app/src/Ascensor.o
 .debug_macro   0x000029a3      0x198 out/app/src/Ascensor.o
 .debug_macro   0x00002b3b       0x34 out/app/src/Ascensor.o
 .debug_macro   0x00002b6f       0x58 out/app/src/Ascensor.o
 .debug_macro   0x00002bc7      0x236 out/app/src/Ascensor.o
 .debug_macro   0x00002dfd      0x572 out/app/src/Ascensor.o
 .debug_macro   0x0000336f       0x16 out/app/src/Ascensor.o
 .debug_macro   0x00003385      0x18a out/app/src/Ascensor.o
 .debug_macro   0x0000350f       0x88 out/app/src/Ascensor.o
 .debug_macro   0x00003597      0x1b9 out/app/src/Ascensor.o
 .debug_macro   0x00003750      0x1da out/app/src/Ascensor.o
 .debug_macro   0x0000392a       0x40 out/app/src/Ascensor.o
 .debug_macro   0x0000396a       0x1c out/app/src/Ascensor.o
 .debug_macro   0x00003986       0x2e out/app/src/Ascensor.o
 .debug_macro   0x000039b4       0x2e out/app/src/Ascensor.o
 .debug_macro   0x000039e2       0x22 out/app/src/Ascensor.o
 .debug_macro   0x00003a04      0x201 out/app/src/Ascensor.o
 .debug_macro   0x00003c05       0xe0 out/app/src/Ascensor.o
 .debug_macro   0x00003ce5      0x34c out/app/src/Ascensor.o
 .debug_macro   0x00004031       0xdc out/app/src/Ascensor.o
 .debug_macro   0x0000410d       0xc4 out/app/src/Ascensor.o
 .debug_macro   0x000041d1       0x94 out/app/src/Ascensor.o
 .debug_macro   0x00004265       0xb8 out/app/src/Ascensor.o
 .debug_macro   0x0000431d       0x4c out/app/src/Ascensor.o
 .debug_macro   0x00004369       0x16 out/app/src/Ascensor.o
 .debug_macro   0x0000437f      0x328 out/app/src/Ascensor.o
 .debug_macro   0x000046a7       0x3a out/app/src/Ascensor.o
 .debug_macro   0x000046e1       0xd0 out/app/src/Ascensor.o
 .debug_macro   0x000047b1       0x18 out/app/src/Ascensor.o
 .debug_macro   0x000047c9       0x22 out/app/src/Ascensor.o
 .debug_macro   0x000047eb       0x40 out/app/src/Ascensor.o
 .debug_macro   0x0000482b       0x4c out/app/src/Ascensor.o
 .debug_macro   0x00004877       0x58 out/app/src/Ascensor.o
 .debug_macro   0x000048cf       0x35 out/app/src/Ascensor.o
 .debug_macro   0x00004904       0x9c out/app/src/Ascensor.o
 .debug_macro   0x000049a0       0x16 out/app/src/Ascensor.o
 .debug_macro   0x000049b6       0x97 out/app/src/Ascensor.o
 .debug_macro   0x00004a4d      0x30d out/app/src/Ascensor.o
 .debug_macro   0x00004d5a       0xfd out/app/src/Ascensor.o
 .debug_macro   0x00004e57       0x10 out/app/src/Ascensor.o
 .debug_macro   0x00004e67       0x58 out/app/src/Ascensor.o
 .debug_macro   0x00004ebf       0x1f out/app/src/Ascensor.o
 .debug_macro   0x00004ede       0x43 out/app/src/Ascensor.o
 .debug_macro   0x00004f21       0x20 out/app/src/Ascensor.o
 .debug_macro   0x00004f41      0x187 out/app/src/Ascensor.o
 .debug_macro   0x000050c8       0x10 out/app/src/Ascensor.o
 .debug_macro   0x000050d8       0x1c out/app/src/Ascensor.o
 .debug_macro   0x000050f4       0x52 out/app/src/Ascensor.o
 .debug_macro   0x00005146       0x40 out/app/src/Ascensor.o
 .debug_macro   0x00005186       0x10 out/app/src/Ascensor.o
 .debug_macro   0x00005196       0x40 out/app/src/Ascensor.o
 .debug_macro   0x000051d6       0xd7 out/app/src/Ascensor.o
 .debug_macro   0x000052ad       0x16 out/app/src/Ascensor.o
 .debug_macro   0x000052c3      0x18b out/app/src/Ascensor.o
 .debug_macro   0x0000544e       0x20 out/app/src/Ascensor.o
 .debug_macro   0x0000546e       0x28 out/app/src/Ascensor.o
 .debug_macro   0x00005496       0x16 out/app/src/Ascensor.o
 .debug_macro   0x000054ac       0x3a out/app/src/Ascensor.o
 .debug_macro   0x000054e6       0x10 out/app/src/Ascensor.o
 .debug_macro   0x000054f6       0x70 out/app/src/Ascensor.o
 .debug_macro   0x00005566       0x76 out/app/src/Ascensor.o
 .debug_macro   0x000055dc      0x560 out/app/src/MEFAscensorPuertas.o
 .debug_macro   0x00005b3c      0x52b out/app/src/MEF_tecladoMatricial.o
 .debug_macro   0x00006067      0x534 out/app/src/Test.o
 .debug_macro   0x0000659b      0x5c8 out/app/src/driverDisplay.o
 .debug_macro   0x00006b63       0x16 out/app/src/driverDisplay.o
 .debug_macro   0x00006b79       0x35 out/app/src/driverDisplay.o
 .debug_macro   0x00006bae       0x16 out/app/src/driverDisplay.o
 .debug_macro   0x00006bc4       0x29 out/app/src/driverDisplay.o
 .debug_macro   0x00006bed      0x301 out/libs/lpc_chip_43xx/src/chip_18xx_43xx.o
 .debug_macro   0x00006eee      0x307 out/libs/lpc_chip_43xx/src/clock_18xx_43xx.o
 .debug_macro   0x000071f5       0xe7 out/libs/lpc_chip_43xx/src/fpu_init.o
 .debug_macro   0x000072dc      0x301 out/libs/lpc_chip_43xx/src/gpio_18xx_43xx.o
 .debug_macro   0x000075dd      0x301 out/libs/lpc_chip_43xx/src/sysinit_18xx_43xx.o
 .debug_macro   0x000078de      0x301 out/libs/lpc_chip_43xx/src/uart_18xx_43xx.o
 .debug_macro   0x00007bdf      0x499 out/libs/lpc_board_ciaa_edu_4337/src/board.o
 .debug_macro   0x00008078       0x46 out/libs/lpc_board_ciaa_edu_4337/src/board.o
 .debug_macro   0x000080be       0x16 out/libs/lpc_board_ciaa_edu_4337/src/board.o
 .debug_macro   0x000080d4      0x472 out/libs/lpc_board_ciaa_edu_4337/src/board_sysinit.o
 .debug_macro   0x00008546       0x1d out/libs/lpc_board_ciaa_edu_4337/src/cr_startup_lpc43xx.o
 .debug_macro   0x00008563       0x17 out/libs/lpc_board_ciaa_edu_4337/src/crp.o
 .debug_macro   0x0000857a      0x472 out/libs/lpc_board_ciaa_edu_4337/src/sysinit.o
 .debug_macro   0x000089ec      0x4a3 out/libs/sapi/src/sapi_board.o
 .debug_macro   0x00008e8f      0x47b out/libs/sapi/src/sapi_datatypes.o
 .debug_macro   0x0000930a      0x494 out/libs/sapi/src/sapi_delay.o
 .debug_macro   0x0000979e       0x10 out/libs/sapi/src/sapi_delay.o
 .debug_macro   0x000097ae      0x48f out/libs/sapi/src/sapi_gpio.o
 .debug_macro   0x00009c3d      0x485 out/libs/sapi/src/sapi_tick.o
 .debug_macro   0x0000a0c2      0x49b out/libs/sapi/src/sapi_timer.o
 .debug_macro   0x0000a55d      0x4d1 out/libs/sapi/src/sapi_uart.o

.debug_line     0x00000000     0xb4d5
 .debug_line    0x00000000      0x975 out/app/src/Ascensor.o
 .debug_line    0x00000975      0xa13 out/app/src/MEFAscensorPuertas.o
 .debug_line    0x00001388      0xa81 out/app/src/MEF_tecladoMatricial.o
 .debug_line    0x00001e09      0x9a9 out/app/src/Test.o
 .debug_line    0x000027b2      0xa10 out/app/src/driverDisplay.o
 .debug_line    0x000031c2      0x6bd out/libs/lpc_chip_43xx/src/chip_18xx_43xx.o
 .debug_line    0x0000387f      0xa93 out/libs/lpc_chip_43xx/src/clock_18xx_43xx.o
 .debug_line    0x00004312      0x279 out/libs/lpc_chip_43xx/src/fpu_init.o
 .debug_line    0x0000458b      0x6e5 out/libs/lpc_chip_43xx/src/gpio_18xx_43xx.o
 .debug_line    0x00004c70      0x733 out/libs/lpc_chip_43xx/src/sysinit_18xx_43xx.o
 .debug_line    0x000053a3      0x95b out/libs/lpc_chip_43xx/src/uart_18xx_43xx.o
 .debug_line    0x00005cfe      0x977 out/libs/lpc_board_ciaa_edu_4337/src/board.o
 .debug_line    0x00006675      0x830 out/libs/lpc_board_ciaa_edu_4337/src/board_sysinit.o
 .debug_line    0x00006ea5       0xe0 out/libs/lpc_board_ciaa_edu_4337/src/cr_startup_lpc43xx.o
 .debug_line    0x00006f85       0x47 out/libs/lpc_board_ciaa_edu_4337/src/crp.o
 .debug_line    0x00006fcc      0x7d0 out/libs/lpc_board_ciaa_edu_4337/src/sysinit.o
 .debug_line    0x0000779c      0x843 out/libs/sapi/src/sapi_board.o
 .debug_line    0x00007fdf      0x7e3 out/libs/sapi/src/sapi_datatypes.o
 .debug_line    0x000087c2      0x883 out/libs/sapi/src/sapi_delay.o
 .debug_line    0x00009045      0x8ef out/libs/sapi/src/sapi_gpio.o
 .debug_line    0x00009934      0x845 out/libs/sapi/src/sapi_tick.o
 .debug_line    0x0000a179      0x9da out/libs/sapi/src/sapi_timer.o
 .debug_line    0x0000ab53      0x982 out/libs/sapi/src/sapi_uart.o

.debug_str      0x00000000    0x1c940
 .debug_str     0x00000000    0x19b46 out/app/src/Ascensor.o
                              0x19e79 (size before relaxing)
 .debug_str     0x00019b46      0x2c8 out/app/src/MEFAscensorPuertas.o
                              0x1a039 (size before relaxing)
 .debug_str     0x00019e0e      0x2ab out/app/src/MEF_tecladoMatricial.o
                              0x19cbc (size before relaxing)
 .debug_str     0x0001a0b9       0x6b out/app/src/Test.o
                              0x19d7b (size before relaxing)
 .debug_str     0x0001a124      0x287 out/app/src/driverDisplay.o
                              0x1a036 (size before relaxing)
 .debug_str     0x0001a3ab      0x3af out/libs/lpc_chip_43xx/src/chip_18xx_43xx.o
                              0x1561c (size before relaxing)
 .debug_str     0x0001a75a      0x558 out/libs/lpc_chip_43xx/src/clock_18xx_43xx.o
                              0x15ade (size before relaxing)
 .debug_str     0x0001acb2       0xc5 out/libs/lpc_chip_43xx/src/fpu_init.o
                               0x90d9 (size before relaxing)
 .debug_str     0x0001ad77      0x14a out/libs/lpc_chip_43xx/src/gpio_18xx_43xx.o
                              0x1496a (size before relaxing)
 .debug_str     0x0001aec1       0xf7 out/libs/lpc_chip_43xx/src/sysinit_18xx_43xx.o
                              0x1557a (size before relaxing)
 .debug_str     0x0001afb8      0x463 out/libs/lpc_chip_43xx/src/uart_18xx_43xx.o
                              0x1572c (size before relaxing)
 .debug_str     0x0001b41b      0x572 out/libs/lpc_board_ciaa_edu_4337/src/board.o
                              0x19c1e (size before relaxing)
 .debug_str     0x0001b98d       0xdf out/libs/lpc_board_ciaa_edu_4337/src/board_sysinit.o
                              0x197c8 (size before relaxing)
 .debug_str     0x0001ba6c      0x20c out/libs/lpc_board_ciaa_edu_4337/src/cr_startup_lpc43xx.o
                               0x2770 (size before relaxing)
 .debug_str     0x0001bc78       0x46 out/libs/lpc_board_ciaa_edu_4337/src/crp.o
                               0x2586 (size before relaxing)
 .debug_str     0x0001bcbe       0x35 out/libs/lpc_board_ciaa_edu_4337/src/sysinit.o
                              0x189ef (size before relaxing)
 .debug_str     0x0001bcf3       0x1b out/libs/sapi/src/sapi_board.o
                              0x18c24 (size before relaxing)
 .debug_str     0x0001bd0e       0x30 out/libs/sapi/src/sapi_datatypes.o
                              0x18a27 (size before relaxing)
 .debug_str     0x0001bd3e       0x88 out/libs/sapi/src/sapi_delay.o
                              0x18b28 (size before relaxing)
 .debug_str     0x0001bdc6       0xf5 out/libs/sapi/src/sapi_gpio.o
                              0x19811 (size before relaxing)
 .debug_str     0x0001bebb      0x457 out/libs/sapi/src/sapi_tick.o
                              0x19913 (size before relaxing)
 .debug_str     0x0001c312      0x3fd out/libs/sapi/src/sapi_timer.o
                              0x19c5b (size before relaxing)
 .debug_str     0x0001c70f      0x231 out/libs/sapi/src/sapi_uart.o
                              0x18eec (size before relaxing)

.comment        0x00000000       0x7f
 .comment       0x00000000       0x7f out/app/src/Ascensor.o
                                 0x80 (size before relaxing)
 .comment       0x0000007f       0x80 out/app/src/MEFAscensorPuertas.o
 .comment       0x0000007f       0x80 out/app/src/MEF_tecladoMatricial.o
 .comment       0x0000007f       0x80 out/app/src/Test.o
 .comment       0x0000007f       0x80 out/app/src/driverDisplay.o
 .comment       0x0000007f       0x80 out/libs/lpc_chip_43xx/src/chip_18xx_43xx.o
 .comment       0x0000007f       0x80 out/libs/lpc_chip_43xx/src/clock_18xx_43xx.o
 .comment       0x0000007f       0x80 out/libs/lpc_chip_43xx/src/fpu_init.o
 .comment       0x0000007f       0x80 out/libs/lpc_chip_43xx/src/gpio_18xx_43xx.o
 .comment       0x0000007f       0x80 out/libs/lpc_chip_43xx/src/sysinit_18xx_43xx.o
 .comment       0x0000007f       0x80 out/libs/lpc_chip_43xx/src/uart_18xx_43xx.o
 .comment       0x0000007f       0x80 out/libs/lpc_board_ciaa_edu_4337/src/board.o
 .comment       0x0000007f       0x80 out/libs/lpc_board_ciaa_edu_4337/src/board_sysinit.o
 .comment       0x0000007f       0x80 out/libs/lpc_board_ciaa_edu_4337/src/cr_startup_lpc43xx.o
 .comment       0x0000007f       0x80 out/libs/lpc_board_ciaa_edu_4337/src/crp.o
 .comment       0x0000007f       0x80 out/libs/lpc_board_ciaa_edu_4337/src/sysinit.o
 .comment       0x0000007f       0x80 out/libs/sapi/src/sapi_board.o
 .comment       0x0000007f       0x80 out/libs/sapi/src/sapi_datatypes.o
 .comment       0x0000007f       0x80 out/libs/sapi/src/sapi_delay.o
 .comment       0x0000007f       0x80 out/libs/sapi/src/sapi_gpio.o
 .comment       0x0000007f       0x80 out/libs/sapi/src/sapi_tick.o
 .comment       0x0000007f       0x80 out/libs/sapi/src/sapi_timer.o
 .comment       0x0000007f       0x80 out/libs/sapi/src/sapi_uart.o

.ARM.attributes
                0x00000000       0x39
 .ARM.attributes
                0x00000000       0x39 out/app/src/Ascensor.o
 .ARM.attributes
                0x00000039       0x39 out/app/src/MEFAscensorPuertas.o
 .ARM.attributes
                0x00000072       0x39 out/app/src/MEF_tecladoMatricial.o
 .ARM.attributes
                0x000000ab       0x39 out/app/src/Test.o
 .ARM.attributes
                0x000000e4       0x39 out/app/src/driverDisplay.o
 .ARM.attributes
                0x0000011d       0x39 out/libs/lpc_chip_43xx/src/chip_18xx_43xx.o
 .ARM.attributes
                0x00000156       0x39 out/libs/lpc_chip_43xx/src/clock_18xx_43xx.o
 .ARM.attributes
                0x0000018f       0x39 out/libs/lpc_chip_43xx/src/fpu_init.o
 .ARM.attributes
                0x000001c8       0x39 out/libs/lpc_chip_43xx/src/gpio_18xx_43xx.o
 .ARM.attributes
                0x00000201       0x39 out/libs/lpc_chip_43xx/src/sysinit_18xx_43xx.o
 .ARM.attributes
                0x0000023a       0x39 out/libs/lpc_chip_43xx/src/uart_18xx_43xx.o
 .ARM.attributes
                0x00000273       0x39 out/libs/lpc_board_ciaa_edu_4337/src/board.o
 .ARM.attributes
                0x000002ac       0x39 out/libs/lpc_board_ciaa_edu_4337/src/board_sysinit.o
 .ARM.attributes
                0x000002e5       0x39 out/libs/lpc_board_ciaa_edu_4337/src/cr_startup_lpc43xx.o
 .ARM.attributes
                0x0000031e       0x39 out/libs/lpc_board_ciaa_edu_4337/src/crp.o
 .ARM.attributes
                0x00000357       0x39 out/libs/lpc_board_ciaa_edu_4337/src/sysinit.o
 .ARM.attributes
                0x00000390       0x39 out/libs/sapi/src/sapi_board.o
 .ARM.attributes
                0x000003c9       0x39 out/libs/sapi/src/sapi_datatypes.o
 .ARM.attributes
                0x00000402       0x39 out/libs/sapi/src/sapi_delay.o
 .ARM.attributes
                0x0000043b       0x39 out/libs/sapi/src/sapi_gpio.o
 .ARM.attributes
                0x00000474       0x39 out/libs/sapi/src/sapi_tick.o
 .ARM.attributes
                0x000004ad       0x39 out/libs/sapi/src/sapi_timer.o
 .ARM.attributes
                0x000004e6       0x39 out/libs/sapi/src/sapi_uart.o
 .ARM.attributes
                0x0000051f       0x22 c:/ciaa/embeddedide/gcc-arm-embedded/bin/../lib/gcc/arm-none-eabi/6.3.1/thumb/v7e-m/fpv4-sp/hard\libgcc.a(_aeabi_uldivmod.o)
 .ARM.attributes
                0x00000541       0x34 c:/ciaa/embeddedide/gcc-arm-embedded/bin/../lib/gcc/arm-none-eabi/6.3.1/thumb/v7e-m/fpv4-sp/hard\libgcc.a(_udivmoddi4.o)
 .ARM.attributes
                0x00000575       0x22 c:/ciaa/embeddedide/gcc-arm-embedded/bin/../lib/gcc/arm-none-eabi/6.3.1/thumb/v7e-m/fpv4-sp/hard\libgcc.a(_dvmd_tls.o)
 .ARM.attributes
                0x00000597       0x34 c:/ciaa/embeddedide/gcc-arm-embedded/bin/../lib/gcc/arm-none-eabi/6.3.1/../../../../arm-none-eabi/lib/thumb/v7e-m/fpv4-sp/hard\libc_nano.a(lib_a-memset.o)

.debug_frame    0x00000000     0x1068
 .debug_frame   0x00000000       0x40 out/app/src/Ascensor.o
 .debug_frame   0x00000040       0x80 out/app/src/MEFAscensorPuertas.o
 .debug_frame   0x000000c0       0xd0 out/app/src/MEF_tecladoMatricial.o
 .debug_frame   0x00000190       0x78 out/app/src/Test.o
 .debug_frame   0x00000208       0x74 out/app/src/driverDisplay.o
 .debug_frame   0x0000027c       0x70 out/libs/lpc_chip_43xx/src/chip_18xx_43xx.o
 .debug_frame   0x000002ec      0x314 out/libs/lpc_chip_43xx/src/clock_18xx_43xx.o
 .debug_frame   0x00000600       0x2c out/libs/lpc_chip_43xx/src/fpu_init.o
 .debug_frame   0x0000062c       0x88 out/libs/lpc_chip_43xx/src/gpio_18xx_43xx.o
 .debug_frame   0x000006b4       0x7c out/libs/lpc_chip_43xx/src/sysinit_18xx_43xx.o
 .debug_frame   0x00000730      0x1f4 out/libs/lpc_chip_43xx/src/uart_18xx_43xx.o
 .debug_frame   0x00000924      0x138 out/libs/lpc_board_ciaa_edu_4337/src/board.o
 .debug_frame   0x00000a5c       0x5c out/libs/lpc_board_ciaa_edu_4337/src/board_sysinit.o
 .debug_frame   0x00000ab8       0xf4 out/libs/lpc_board_ciaa_edu_4337/src/cr_startup_lpc43xx.o
 .debug_frame   0x00000bac       0x28 out/libs/lpc_board_ciaa_edu_4337/src/sysinit.o
 .debug_frame   0x00000bd4       0x28 out/libs/sapi/src/sapi_board.o
 .debug_frame   0x00000bfc       0x20 out/libs/sapi/src/sapi_datatypes.o
 .debug_frame   0x00000c1c       0xbc out/libs/sapi/src/sapi_delay.o
 .debug_frame   0x00000cd8       0xa4 out/libs/sapi/src/sapi_gpio.o
 .debug_frame   0x00000d7c       0x60 out/libs/sapi/src/sapi_tick.o
 .debug_frame   0x00000ddc      0x134 out/libs/sapi/src/sapi_timer.o
 .debug_frame   0x00000f10       0xd8 out/libs/sapi/src/sapi_uart.o
 .debug_frame   0x00000fe8       0x2c c:/ciaa/embeddedide/gcc-arm-embedded/bin/../lib/gcc/arm-none-eabi/6.3.1/thumb/v7e-m/fpv4-sp/hard\libgcc.a(_aeabi_uldivmod.o)
 .debug_frame   0x00001014       0x34 c:/ciaa/embeddedide/gcc-arm-embedded/bin/../lib/gcc/arm-none-eabi/6.3.1/thumb/v7e-m/fpv4-sp/hard\libgcc.a(_udivmoddi4.o)
 .debug_frame   0x00001048       0x20 c:/ciaa/embeddedide/gcc-arm-embedded/bin/../lib/gcc/arm-none-eabi/6.3.1/../../../../arm-none-eabi/lib/thumb/v7e-m/fpv4-sp/hard\libc_nano.a(lib_a-memset.o)

Cross Reference Table

Symbol                                            File
ADC0_IRQHandler                                   out/libs/lpc_board_ciaa_edu_4337/src/cr_startup_lpc43xx.o
ADC1_IRQHandler                                   out/libs/lpc_board_ciaa_edu_4337/src/cr_startup_lpc43xx.o
ADCHS_IRQHandler                                  out/libs/lpc_board_ciaa_edu_4337/src/cr_startup_lpc43xx.o
ATIMER_IRQHandler                                 out/libs/lpc_board_ciaa_edu_4337/src/cr_startup_lpc43xx.o
ActualizaMEFPuerta                                out/app/src/MEFAscensorPuertas.o
                                                  out/app/src/Ascensor.o
ActualizaMEFScanTecla                             out/app/src/MEF_tecladoMatricial.o
ActualizarMEFAsc                                  out/app/src/MEFAscensorPuertas.o
                                                  out/app/src/Ascensor.o
Board_DAC_Init                                    out/libs/lpc_board_ciaa_edu_4337/src/board.o
Board_Debug_Init                                  out/libs/lpc_board_ciaa_edu_4337/src/board.o
Board_ENET_GetMacADDR                             out/libs/lpc_board_ciaa_edu_4337/src/board.o
Board_I2C_Init                                    out/libs/lpc_board_ciaa_edu_4337/src/board.o
Board_Init                                        out/libs/lpc_board_ciaa_edu_4337/src/board.o
                                                  out/libs/sapi/src/sapi_board.o
Board_LED_Set                                     out/libs/lpc_board_ciaa_edu_4337/src/board.o
Board_LED_Test                                    out/libs/lpc_board_ciaa_edu_4337/src/board.o
Board_LED_Toggle                                  out/libs/lpc_board_ciaa_edu_4337/src/board.o
Board_SDMMC_Init                                  out/libs/lpc_board_ciaa_edu_4337/src/board.o
Board_SSP_Init                                    out/libs/lpc_board_ciaa_edu_4337/src/board.o
Board_SetupClocking                               out/libs/lpc_board_ciaa_edu_4337/src/board_sysinit.o
Board_SetupMuxing                                 out/libs/lpc_board_ciaa_edu_4337/src/board_sysinit.o
Board_SystemInit                                  out/libs/lpc_board_ciaa_edu_4337/src/board_sysinit.o
                                                  out/libs/lpc_board_ciaa_edu_4337/src/sysinit.o
Board_UARTGetChar                                 out/libs/lpc_board_ciaa_edu_4337/src/board.o
                                                  out/libs/lpc_board_ciaa_edu_4337/src/system.o
Board_UARTPutChar                                 out/libs/lpc_board_ciaa_edu_4337/src/board.o
                                                  out/libs/lpc_board_ciaa_edu_4337/src/system.o
Board_UARTPutSTR                                  out/libs/lpc_board_ciaa_edu_4337/src/board.o
Board_UART_Init                                   out/libs/lpc_board_ciaa_edu_4337/src/board.o
BusFault_Handler                                  out/libs/lpc_board_ciaa_edu_4337/src/cr_startup_lpc43xx.o
CAN0_IRQHandler                                   out/libs/lpc_board_ciaa_edu_4337/src/cr_startup_lpc43xx.o
CAN1_IRQHandler                                   out/libs/lpc_board_ciaa_edu_4337/src/cr_startup_lpc43xx.o
CRP_WORD                                          out/libs/lpc_board_ciaa_edu_4337/src/crp.o
CargaNuevoPiso                                    out/app/src/MEFAscensorPuertas.o
Chip_ADC_DeInit                                   out/libs/lpc_chip_43xx/src/adc_18xx_43xx.o
                                                  out/libs/sapi/src/sapi_adc.o
Chip_ADC_EnableChannel                            out/libs/lpc_chip_43xx/src/adc_18xx_43xx.o
                                                  out/libs/sapi/src/sapi_adc.o
Chip_ADC_Init                                     out/libs/lpc_chip_43xx/src/adc_18xx_43xx.o
                                                  out/libs/sapi/src/sapi_adc.o
Chip_ADC_Int_SetChannelCmd                        out/libs/lpc_chip_43xx/src/adc_18xx_43xx.o
                                                  out/libs/sapi/src/sapi_adc.o
Chip_ADC_ReadByte                                 out/libs/lpc_chip_43xx/src/adc_18xx_43xx.o
Chip_ADC_ReadStatus                               out/libs/lpc_chip_43xx/src/adc_18xx_43xx.o
                                                  out/libs/sapi/src/sapi_adc.o
Chip_ADC_ReadValue                                out/libs/lpc_chip_43xx/src/adc_18xx_43xx.o
                                                  out/libs/sapi/src/sapi_adc.o
Chip_ADC_SetBurstCmd                              out/libs/lpc_chip_43xx/src/adc_18xx_43xx.o
                                                  out/libs/sapi/src/sapi_adc.o
Chip_ADC_SetResolution                            out/libs/lpc_chip_43xx/src/adc_18xx_43xx.o
Chip_ADC_SetSampleRate                            out/libs/lpc_chip_43xx/src/adc_18xx_43xx.o
                                                  out/libs/sapi/src/sapi_adc.o
Chip_ADC_SetStartMode                             out/libs/lpc_chip_43xx/src/adc_18xx_43xx.o
                                                  out/libs/sapi/src/sapi_adc.o
Chip_AES_Config_DMA                               out/libs/lpc_chip_43xx/src/aes_18xx_43xx.o
Chip_AES_GetStatusDMA                             out/libs/lpc_chip_43xx/src/aes_18xx_43xx.o
Chip_AES_Init                                     out/libs/lpc_chip_43xx/src/aes_18xx_43xx.o
Chip_AES_LoadIV_IC                                out/libs/lpc_chip_43xx/src/aes_18xx_43xx.o
Chip_AES_LoadIV_SW                                out/libs/lpc_chip_43xx/src/aes_18xx_43xx.o
Chip_AES_LoadKey                                  out/libs/lpc_chip_43xx/src/aes_18xx_43xx.o
Chip_AES_LoadKeyRNG                               out/libs/lpc_chip_43xx/src/aes_18xx_43xx.o
Chip_AES_LoadKeySW                                out/libs/lpc_chip_43xx/src/aes_18xx_43xx.o
Chip_AES_Operate                                  out/libs/lpc_chip_43xx/src/aes_18xx_43xx.o
Chip_AES_OperateDMA                               out/libs/lpc_chip_43xx/src/aes_18xx_43xx.o
Chip_AES_ProgramKey                               out/libs/lpc_chip_43xx/src/aes_18xx_43xx.o
Chip_AES_SetMode                                  out/libs/lpc_chip_43xx/src/aes_18xx_43xx.o
Chip_ATIMER_DeInit                                out/libs/lpc_chip_43xx/src/atimer_18xx_43xx.o
Chip_ATIMER_Init                                  out/libs/lpc_chip_43xx/src/atimer_18xx_43xx.o
Chip_CCAN_AddReceiveID                            out/libs/lpc_chip_43xx/src/ccan_18xx_43xx.o
Chip_CCAN_ClearStatus                             out/libs/lpc_chip_43xx/src/ccan_18xx_43xx.o
Chip_CCAN_DeInit                                  out/libs/lpc_chip_43xx/src/ccan_18xx_43xx.o
Chip_CCAN_DeleteReceiveID                         out/libs/lpc_chip_43xx/src/ccan_18xx_43xx.o
Chip_CCAN_GetMsgObject                            out/libs/lpc_chip_43xx/src/ccan_18xx_43xx.o
Chip_CCAN_Init                                    out/libs/lpc_chip_43xx/src/ccan_18xx_43xx.o
Chip_CCAN_Send                                    out/libs/lpc_chip_43xx/src/ccan_18xx_43xx.o
Chip_CCAN_SetBitRate                              out/libs/lpc_chip_43xx/src/ccan_18xx_43xx.o
Chip_CCAN_SetMsgObject                            out/libs/lpc_chip_43xx/src/ccan_18xx_43xx.o
Chip_CCAN_SetValidMsg                             out/libs/lpc_chip_43xx/src/ccan_18xx_43xx.o
Chip_CCAN_TransferMsgObject                       out/libs/lpc_chip_43xx/src/ccan_18xx_43xx.o
Chip_Clock_CalcMainPLLValue                       out/libs/lpc_chip_43xx/src/clock_18xx_43xx.o
                                                  out/libs/lpc_chip_43xx/src/sysinit_18xx_43xx.o
Chip_Clock_ClearPowerDown                         out/libs/lpc_chip_43xx/src/clock_18xx_43xx.o
Chip_Clock_Disable                                out/libs/lpc_chip_43xx/src/clock_18xx_43xx.o
                                                  out/libs/lpc_chip_43xx/src/uart_18xx_43xx.o
                                                  out/libs/lpc_chip_43xx/src/timer_18xx_43xx.o
                                                  out/libs/lpc_chip_43xx/src/ssp_18xx_43xx.o
                                                  out/libs/lpc_chip_43xx/src/spi_18xx_43xx.o
                                                  out/libs/lpc_chip_43xx/src/sdif_18xx_43xx.o
                                                  out/libs/lpc_chip_43xx/src/sct_18xx_43xx.o
                                                  out/libs/lpc_chip_43xx/src/ritimer_18xx_43xx.o
                                                  out/libs/lpc_chip_43xx/src/lcd_18xx_43xx.o
                                                  out/libs/lpc_chip_43xx/src/i2s_18xx_43xx.o
                                                  out/libs/lpc_chip_43xx/src/i2cm_18xx_43xx.o
                                                  out/libs/lpc_chip_43xx/src/i2c_18xx_43xx.o
                                                  out/libs/lpc_chip_43xx/src/hsadc_18xx_43xx.o
                                                  out/libs/lpc_chip_43xx/src/gpdma_18xx_43xx.o
                                                  out/libs/lpc_chip_43xx/src/enet_18xx_43xx.o
                                                  out/libs/lpc_chip_43xx/src/dac_18xx_43xx.o
                                                  out/libs/lpc_chip_43xx/src/ccan_18xx_43xx.o
                                                  out/libs/lpc_chip_43xx/src/adc_18xx_43xx.o
Chip_Clock_DisableBaseClock                       out/libs/lpc_chip_43xx/src/clock_18xx_43xx.o
Chip_Clock_DisableCrystal                         out/libs/lpc_chip_43xx/src/clock_18xx_43xx.o
Chip_Clock_DisablePLL                             out/libs/lpc_chip_43xx/src/clock_18xx_43xx.o
Chip_Clock_Enable                                 out/libs/lpc_chip_43xx/src/clock_18xx_43xx.o
                                                  out/libs/lpc_chip_43xx/src/timer_18xx_43xx.o
                                                  out/libs/lpc_chip_43xx/src/ssp_18xx_43xx.o
                                                  out/libs/lpc_chip_43xx/src/spi_18xx_43xx.o
                                                  out/libs/lpc_chip_43xx/src/i2s_18xx_43xx.o
                                                  out/libs/lpc_chip_43xx/src/i2cm_18xx_43xx.o
                                                  out/libs/lpc_chip_43xx/src/i2c_18xx_43xx.o
                                                  out/libs/lpc_chip_43xx/src/hsadc_18xx_43xx.o
Chip_Clock_EnableBaseClock                        out/libs/lpc_chip_43xx/src/clock_18xx_43xx.o
                                                  out/libs/lpc_chip_43xx/src/chip_18xx_43xx.o
Chip_Clock_EnableCrystal                          out/libs/lpc_chip_43xx/src/clock_18xx_43xx.o
                                                  out/libs/lpc_chip_43xx/src/sysinit_18xx_43xx.o
Chip_Clock_EnableOpts                             out/libs/lpc_chip_43xx/src/clock_18xx_43xx.o
                                                  out/libs/lpc_chip_43xx/src/uart_18xx_43xx.o
                                                  out/libs/lpc_chip_43xx/src/sdif_18xx_43xx.o
                                                  out/libs/lpc_chip_43xx/src/sct_18xx_43xx.o
                                                  out/libs/lpc_chip_43xx/src/ritimer_18xx_43xx.o
                                                  out/libs/lpc_chip_43xx/src/lcd_18xx_43xx.o
                                                  out/libs/lpc_chip_43xx/src/hsadc_18xx_43xx.o
                                                  out/libs/lpc_chip_43xx/src/gpdma_18xx_43xx.o
                                                  out/libs/lpc_chip_43xx/src/enet_18xx_43xx.o
                                                  out/libs/lpc_chip_43xx/src/dac_18xx_43xx.o
                                                  out/libs/lpc_chip_43xx/src/chip_18xx_43xx.o
                                                  out/libs/lpc_chip_43xx/src/ccan_18xx_43xx.o
                                                  out/libs/lpc_chip_43xx/src/adc_18xx_43xx.o
Chip_Clock_EnablePLL                              out/libs/lpc_chip_43xx/src/clock_18xx_43xx.o
                                                  out/libs/lpc_chip_43xx/src/chip_18xx_43xx.o
Chip_Clock_GetBaseClock                           out/libs/lpc_chip_43xx/src/clock_18xx_43xx.o
Chip_Clock_GetBaseClockOpts                       out/libs/lpc_chip_43xx/src/clock_18xx_43xx.o
Chip_Clock_GetBaseClocktHz                        out/libs/lpc_chip_43xx/src/clock_18xx_43xx.o
                                                  out/libs/lpc_chip_43xx/src/sdmmc_18xx_43xx.o
                                                  out/libs/lpc_chip_43xx/src/sdio_18xx_43xx.o
Chip_Clock_GetClockInputHz                        out/libs/lpc_chip_43xx/src/clock_18xx_43xx.o
                                                  out/libs/lpc_chip_43xx/src/chip_18xx_43xx.o
Chip_Clock_GetDividerDivisor                      out/libs/lpc_chip_43xx/src/clock_18xx_43xx.o
Chip_Clock_GetDividerSource                       out/libs/lpc_chip_43xx/src/clock_18xx_43xx.o
Chip_Clock_GetEMCRate                             out/libs/lpc_chip_43xx/src/clock_18xx_43xx.o
                                                  out/libs/lpc_chip_43xx/src/emc_18xx_43xx.o
Chip_Clock_GetMainPLLHz                           out/libs/lpc_chip_43xx/src/clock_18xx_43xx.o
Chip_Clock_GetPLLStatus                           out/libs/lpc_chip_43xx/src/clock_18xx_43xx.o
                                                  out/libs/lpc_chip_43xx/src/chip_18xx_43xx.o
Chip_Clock_GetRate                                out/libs/lpc_chip_43xx/src/clock_18xx_43xx.o
                                                  out/libs/lpc_chip_43xx/src/uart_18xx_43xx.o
                                                  out/libs/lpc_chip_43xx/src/stopwatch_18xx_43xx.o
                                                  out/libs/lpc_chip_43xx/src/ssp_18xx_43xx.o
                                                  out/libs/lpc_chip_43xx/src/spi_18xx_43xx.o
                                                  out/libs/lpc_chip_43xx/src/sct_pwm_18xx_43xx.o
                                                  out/libs/lpc_chip_43xx/src/ritimer_18xx_43xx.o
                                                  out/libs/lpc_chip_43xx/src/i2s_18xx_43xx.o
                                                  out/libs/lpc_chip_43xx/src/i2cm_18xx_43xx.o
                                                  out/libs/lpc_chip_43xx/src/i2c_18xx_43xx.o
                                                  out/libs/lpc_chip_43xx/src/hsadc_18xx_43xx.o
                                                  out/libs/lpc_chip_43xx/src/eeprom_18xx_43xx.o
                                                  out/libs/lpc_chip_43xx/src/chip_18xx_43xx.o
                                                  out/libs/lpc_chip_43xx/src/ccan_18xx_43xx.o
                                                  out/libs/lpc_chip_43xx/src/adc_18xx_43xx.o
Chip_Clock_IsBaseClockEnabled                     out/libs/lpc_chip_43xx/src/clock_18xx_43xx.o
Chip_Clock_RTCEnable                              out/libs/lpc_chip_43xx/src/clock_18xx_43xx.o
                                                  out/libs/lpc_chip_43xx/src/rtc_18xx_43xx.o
Chip_Clock_SetBaseClock                           out/libs/lpc_chip_43xx/src/clock_18xx_43xx.o
                                                  out/libs/lpc_board_ciaa_edu_4337/src/board_sysinit.o
                                                  out/libs/lpc_chip_43xx/src/sysinit_18xx_43xx.o
                                                  out/libs/lpc_chip_43xx/src/chip_18xx_43xx.o
Chip_Clock_SetDivider                             out/libs/lpc_chip_43xx/src/clock_18xx_43xx.o
                                                  out/libs/lpc_chip_43xx/src/chip_18xx_43xx.o
Chip_Clock_SetupMainPLLHz                         out/libs/lpc_chip_43xx/src/clock_18xx_43xx.o
Chip_Clock_SetupMainPLLMult                       out/libs/lpc_chip_43xx/src/clock_18xx_43xx.o
Chip_Clock_SetupPLL                               out/libs/lpc_chip_43xx/src/clock_18xx_43xx.o
                                                  out/libs/lpc_chip_43xx/src/chip_18xx_43xx.o
Chip_Clock_StartPowerDown                         out/libs/lpc_chip_43xx/src/clock_18xx_43xx.o
Chip_DAC_DeInit                                   out/libs/lpc_chip_43xx/src/dac_18xx_43xx.o
                                                  out/libs/sapi/src/sapi_dac.o
Chip_DAC_Init                                     out/libs/lpc_chip_43xx/src/dac_18xx_43xx.o
                                                  out/libs/sapi/src/sapi_dac.o
Chip_DAC_SetBias                                  out/libs/lpc_chip_43xx/src/dac_18xx_43xx.o
Chip_DAC_UpdateValue                              out/libs/lpc_chip_43xx/src/dac_18xx_43xx.o
                                                  out/libs/sapi/src/sapi_dac.o
Chip_EEPROM_EraseProgramPage                      out/libs/lpc_chip_43xx/src/eeprom_18xx_43xx.o
Chip_EEPROM_Init                                  out/libs/lpc_chip_43xx/src/eeprom_18xx_43xx.o
Chip_EEPROM_WaitForIntStatus                      out/libs/lpc_chip_43xx/src/eeprom_18xx_43xx.o
Chip_EMC_Dynamic_Enable                           out/libs/lpc_chip_43xx/src/emc_18xx_43xx.o
Chip_EMC_Dynamic_Init                             out/libs/lpc_chip_43xx/src/emc_18xx_43xx.o
Chip_EMC_Enable                                   out/libs/lpc_chip_43xx/src/emc_18xx_43xx.o
Chip_EMC_Init                                     out/libs/lpc_chip_43xx/src/emc_18xx_43xx.o
Chip_EMC_LowPowerMode                             out/libs/lpc_chip_43xx/src/emc_18xx_43xx.o
Chip_EMC_Mirror                                   out/libs/lpc_chip_43xx/src/emc_18xx_43xx.o
Chip_EMC_Static_Init                              out/libs/lpc_chip_43xx/src/emc_18xx_43xx.o
Chip_ENET_DeInit                                  out/libs/lpc_chip_43xx/src/enet_18xx_43xx.o
Chip_ENET_Init                                    out/libs/lpc_chip_43xx/src/enet_18xx_43xx.o
Chip_ENET_SetDuplex                               out/libs/lpc_chip_43xx/src/enet_18xx_43xx.o
Chip_ENET_SetSpeed                                out/libs/lpc_chip_43xx/src/enet_18xx_43xx.o
Chip_ENET_SetupMII                                out/libs/lpc_chip_43xx/src/enet_18xx_43xx.o
Chip_ENET_StartMIIRead                            out/libs/lpc_chip_43xx/src/enet_18xx_43xx.o
Chip_ENET_StartMIIWrite                           out/libs/lpc_chip_43xx/src/enet_18xx_43xx.o
Chip_EVRT_ConfigIntSrcActiveType                  out/libs/lpc_chip_43xx/src/evrt_18xx_43xx.o
Chip_EVRT_Init                                    out/libs/lpc_chip_43xx/src/evrt_18xx_43xx.o
Chip_EVRT_IsSourceInterrupting                    out/libs/lpc_chip_43xx/src/evrt_18xx_43xx.o
Chip_EVRT_SetUpIntSrc                             out/libs/lpc_chip_43xx/src/evrt_18xx_43xx.o
Chip_GPDMA_ChannelCmd                             out/libs/lpc_chip_43xx/src/gpdma_18xx_43xx.o
Chip_GPDMA_ClearIntPending                        out/libs/lpc_chip_43xx/src/gpdma_18xx_43xx.o
Chip_GPDMA_DeInit                                 out/libs/lpc_chip_43xx/src/gpdma_18xx_43xx.o
Chip_GPDMA_GetFreeChannel                         out/libs/lpc_chip_43xx/src/gpdma_18xx_43xx.o
Chip_GPDMA_Init                                   out/libs/lpc_chip_43xx/src/gpdma_18xx_43xx.o
Chip_GPDMA_InitChannelCfg                         out/libs/lpc_chip_43xx/src/gpdma_18xx_43xx.o
Chip_GPDMA_IntGetStatus                           out/libs/lpc_chip_43xx/src/gpdma_18xx_43xx.o
Chip_GPDMA_Interrupt                              out/libs/lpc_chip_43xx/src/gpdma_18xx_43xx.o
Chip_GPDMA_PrepareDescriptor                      out/libs/lpc_chip_43xx/src/gpdma_18xx_43xx.o
Chip_GPDMA_SGTransfer                             out/libs/lpc_chip_43xx/src/gpdma_18xx_43xx.o
Chip_GPDMA_Stop                                   out/libs/lpc_chip_43xx/src/gpdma_18xx_43xx.o
Chip_GPDMA_Transfer                               out/libs/lpc_chip_43xx/src/gpdma_18xx_43xx.o
Chip_GPIO_DeInit                                  out/libs/lpc_chip_43xx/src/gpio_18xx_43xx.o
Chip_GPIO_Init                                    out/libs/lpc_chip_43xx/src/gpio_18xx_43xx.o
                                                  out/libs/sapi/src/sapi_gpio.o
                                                  out/libs/lpc_board_ciaa_edu_4337/src/board.o
Chip_GPIO_SetDir                                  out/libs/lpc_chip_43xx/src/gpio_18xx_43xx.o
                                                  out/libs/sapi/src/sapi_gpio.o
Chip_GPIO_SetPinDIR                               out/libs/lpc_chip_43xx/src/gpio_18xx_43xx.o
Chip_GPIO_SetPortDIR                              out/libs/lpc_chip_43xx/src/gpio_18xx_43xx.o
Chip_GPIO_WriteDirBit                             out/libs/lpc_chip_43xx/src/gpio_18xx_43xx.o
Chip_HSADC_DeInit                                 out/libs/lpc_chip_43xx/src/hsadc_18xx_43xx.o
Chip_HSADC_Init                                   out/libs/lpc_chip_43xx/src/hsadc_18xx_43xx.o
Chip_HSADC_SetACDCBias                            out/libs/lpc_chip_43xx/src/hsadc_18xx_43xx.o
Chip_HSADC_SetPowerSpeed                          out/libs/lpc_chip_43xx/src/hsadc_18xx_43xx.o
Chip_HSADC_SetSpeed                               out/libs/lpc_chip_43xx/src/hsadc_18xx_43xx.o
Chip_HSADC_SetThrHighValue                        out/libs/lpc_chip_43xx/src/hsadc_18xx_43xx.o
Chip_HSADC_SetThrLowValue                         out/libs/lpc_chip_43xx/src/hsadc_18xx_43xx.o
Chip_HSADC_SetupFIFO                              out/libs/lpc_chip_43xx/src/hsadc_18xx_43xx.o
Chip_I2CM_DeInit                                  out/libs/lpc_chip_43xx/src/i2cm_18xx_43xx.o
Chip_I2CM_Init                                    out/libs/lpc_chip_43xx/src/i2cm_18xx_43xx.o
Chip_I2CM_Read                                    out/libs/lpc_chip_43xx/src/i2cm_18xx_43xx.o
Chip_I2CM_SetBusSpeed                             out/libs/lpc_chip_43xx/src/i2cm_18xx_43xx.o
Chip_I2CM_Write                                   out/libs/lpc_chip_43xx/src/i2cm_18xx_43xx.o
Chip_I2CM_Xfer                                    out/libs/lpc_chip_43xx/src/i2cm_18xx_43xx.o
Chip_I2CM_XferBlocking                            out/libs/lpc_chip_43xx/src/i2cm_18xx_43xx.o
                                                  out/libs/sapi/src/sapi_i2c.o
Chip_I2CM_XferHandler                             out/libs/lpc_chip_43xx/src/i2cm_18xx_43xx.o
Chip_I2C_DeInit                                   out/libs/lpc_chip_43xx/src/i2c_18xx_43xx.o
Chip_I2C_Disable                                  out/libs/lpc_chip_43xx/src/i2c_18xx_43xx.o
Chip_I2C_EventHandler                             out/libs/lpc_chip_43xx/src/i2c_18xx_43xx.o
Chip_I2C_EventHandlerPolling                      out/libs/lpc_chip_43xx/src/i2c_18xx_43xx.o
                                                  out/libs/sapi/src/sapi_i2c.o
Chip_I2C_GetClockRate                             out/libs/lpc_chip_43xx/src/i2c_18xx_43xx.o
Chip_I2C_GetMasterEventHandler                    out/libs/lpc_chip_43xx/src/i2c_18xx_43xx.o
Chip_I2C_Init                                     out/libs/lpc_chip_43xx/src/i2c_18xx_43xx.o
                                                  out/libs/sapi/src/sapi_i2c.o
Chip_I2C_IsMasterActive                           out/libs/lpc_chip_43xx/src/i2c_18xx_43xx.o
Chip_I2C_IsStateChanged                           out/libs/lpc_chip_43xx/src/i2c_18xx_43xx.o
Chip_I2C_MasterCmdRead                            out/libs/lpc_chip_43xx/src/i2c_18xx_43xx.o
Chip_I2C_MasterRead                               out/libs/lpc_chip_43xx/src/i2c_18xx_43xx.o
Chip_I2C_MasterSend                               out/libs/lpc_chip_43xx/src/i2c_18xx_43xx.o
Chip_I2C_MasterStateHandler                       out/libs/lpc_chip_43xx/src/i2c_18xx_43xx.o
Chip_I2C_MasterTransfer                           out/libs/lpc_chip_43xx/src/i2c_18xx_43xx.o
Chip_I2C_SetClockRate                             out/libs/lpc_chip_43xx/src/i2c_18xx_43xx.o
                                                  out/libs/sapi/src/sapi_i2c.o
Chip_I2C_SetMasterEventHandler                    out/libs/lpc_chip_43xx/src/i2c_18xx_43xx.o
                                                  out/libs/sapi/src/sapi_i2c.o
Chip_I2C_SlaveSetup                               out/libs/lpc_chip_43xx/src/i2c_18xx_43xx.o
Chip_I2C_SlaveStateHandler                        out/libs/lpc_chip_43xx/src/i2c_18xx_43xx.o
Chip_I2S_DMA_RxCmd                                out/libs/lpc_chip_43xx/src/i2s_18xx_43xx.o
Chip_I2S_DMA_TxCmd                                out/libs/lpc_chip_43xx/src/i2s_18xx_43xx.o
Chip_I2S_DeInit                                   out/libs/lpc_chip_43xx/src/i2s_18xx_43xx.o
Chip_I2S_Init                                     out/libs/lpc_chip_43xx/src/i2s_18xx_43xx.o
Chip_I2S_Int_RxCmd                                out/libs/lpc_chip_43xx/src/i2s_18xx_43xx.o
Chip_I2S_Int_TxCmd                                out/libs/lpc_chip_43xx/src/i2s_18xx_43xx.o
Chip_I2S_RxConfig                                 out/libs/lpc_chip_43xx/src/i2s_18xx_43xx.o
Chip_I2S_TxConfig                                 out/libs/lpc_chip_43xx/src/i2s_18xx_43xx.o
Chip_IAP_BlankCheckSector                         out/libs/lpc_chip_43xx/src/iap_18xx_43xx.o
Chip_IAP_Compare                                  out/libs/lpc_chip_43xx/src/iap_18xx_43xx.o
Chip_IAP_CopyRamToFlash                           out/libs/lpc_chip_43xx/src/iap_18xx_43xx.o
Chip_IAP_ErasePage                                out/libs/lpc_chip_43xx/src/iap_18xx_43xx.o
Chip_IAP_EraseSector                              out/libs/lpc_chip_43xx/src/iap_18xx_43xx.o
Chip_IAP_PreSectorForReadWrite                    out/libs/lpc_chip_43xx/src/iap_18xx_43xx.o
Chip_IAP_ReadBootCode                             out/libs/lpc_chip_43xx/src/iap_18xx_43xx.o
Chip_IAP_ReadPID                                  out/libs/lpc_chip_43xx/src/iap_18xx_43xx.o
Chip_IAP_ReadUID                                  out/libs/lpc_chip_43xx/src/iap_18xx_43xx.o
Chip_IAP_ReinvokeISP                              out/libs/lpc_chip_43xx/src/iap_18xx_43xx.o
Chip_IAP_SetBootFlashBank                         out/libs/lpc_chip_43xx/src/iap_18xx_43xx.o
Chip_LCD_Cursor_Config                            out/libs/lpc_chip_43xx/src/lcd_18xx_43xx.o
Chip_LCD_Cursor_WriteImage                        out/libs/lpc_chip_43xx/src/lcd_18xx_43xx.o
Chip_LCD_DeInit                                   out/libs/lpc_chip_43xx/src/lcd_18xx_43xx.o
Chip_LCD_Init                                     out/libs/lpc_chip_43xx/src/lcd_18xx_43xx.o
Chip_LCD_LoadPalette                              out/libs/lpc_chip_43xx/src/lcd_18xx_43xx.o
Chip_OTP_GenRand                                  out/libs/lpc_chip_43xx/src/otp_18xx_43xx.o
Chip_OTP_Init                                     out/libs/lpc_chip_43xx/src/otp_18xx_43xx.o
Chip_OTP_ProgBootSrc                              out/libs/lpc_chip_43xx/src/otp_18xx_43xx.o
Chip_OTP_ProgGPWord                               out/libs/lpc_chip_43xx/src/otp_18xx_43xx.o
Chip_OTP_ProgJTAGDis                              out/libs/lpc_chip_43xx/src/otp_18xx_43xx.o
Chip_OTP_ProgKey                                  out/libs/lpc_chip_43xx/src/otp_18xx_43xx.o
Chip_OTP_ProgUSBID                                out/libs/lpc_chip_43xx/src/otp_18xx_43xx.o
Chip_PMC_Set_PwrState                             out/libs/lpc_chip_43xx/src/pmc_18xx_43xx.o
Chip_PMC_Sleep                                    out/libs/lpc_chip_43xx/src/pmc_18xx_43xx.o
Chip_RIT_DeInit                                   out/libs/lpc_chip_43xx/src/ritimer_18xx_43xx.o
Chip_RIT_GetIntStatus                             out/libs/lpc_chip_43xx/src/ritimer_18xx_43xx.o
Chip_RIT_Init                                     out/libs/lpc_chip_43xx/src/ritimer_18xx_43xx.o
Chip_RIT_SetTimerInterval                         out/libs/lpc_chip_43xx/src/ritimer_18xx_43xx.o
Chip_RTC_AlarmIntConfig                           out/libs/lpc_chip_43xx/src/rtc_18xx_43xx.o
Chip_RTC_CalibCounterCmd                          out/libs/lpc_chip_43xx/src/rtc_18xx_43xx.o
Chip_RTC_CntIncrIntConfig                         out/libs/lpc_chip_43xx/src/rtc_18xx_43xx.o
Chip_RTC_DeInit                                   out/libs/lpc_chip_43xx/src/rtc_18xx_43xx.o
Chip_RTC_EV_GetFirstTimeStamp                     out/libs/lpc_chip_43xx/src/rtc_18xx_43xx.o
Chip_RTC_EV_GetLastTimeStamp                      out/libs/lpc_chip_43xx/src/rtc_18xx_43xx.o
Chip_RTC_Enable                                   out/libs/lpc_chip_43xx/src/rtc_18xx_43xx.o
                                                  out/libs/sapi/src/sapi_rtc.o
Chip_RTC_GetFullAlarmTime                         out/libs/lpc_chip_43xx/src/rtc_18xx_43xx.o
Chip_RTC_GetFullTime                              out/libs/lpc_chip_43xx/src/rtc_18xx_43xx.o
                                                  out/libs/sapi/src/sapi_rtc.o
Chip_RTC_Init                                     out/libs/lpc_chip_43xx/src/rtc_18xx_43xx.o
                                                  out/libs/sapi/src/sapi_rtc.o
Chip_RTC_ResetClockTickCounter                    out/libs/lpc_chip_43xx/src/rtc_18xx_43xx.o
Chip_RTC_SetFullAlarmTime                         out/libs/lpc_chip_43xx/src/rtc_18xx_43xx.o
Chip_RTC_SetFullTime                              out/libs/lpc_chip_43xx/src/rtc_18xx_43xx.o
                                                  out/libs/sapi/src/sapi_rtc.o