Archive member included to satisfy reference by file (symbol)

c:/ciaa/embeddedide/gcc-arm-embedded/bin/../lib/gcc/arm-none-eabi/6.3.1/thumb/v7e-m/fpv4-sp/hard\libgcc.a(_aeabi_uldivmod.o)
                              out/libs/lpc_chip_43xx/src/i2s_18xx_43xx.o (__aeabi_uldivmod)
c:/ciaa/embeddedide/gcc-arm-embedded/bin/../lib/gcc/arm-none-eabi/6.3.1/thumb/v7e-m/fpv4-sp/hard\libgcc.a(_udivmoddi4.o)
                              c:/ciaa/embeddedide/gcc-arm-embedded/bin/../lib/gcc/arm-none-eabi/6.3.1/thumb/v7e-m/fpv4-sp/hard\libgcc.a(_aeabi_uldivmod.o) (__udivmoddi4)
c:/ciaa/embeddedide/gcc-arm-embedded/bin/../lib/gcc/arm-none-eabi/6.3.1/thumb/v7e-m/fpv4-sp/hard\libgcc.a(_dvmd_tls.o)
                              c:/ciaa/embeddedide/gcc-arm-embedded/bin/../lib/gcc/arm-none-eabi/6.3.1/thumb/v7e-m/fpv4-sp/hard\libgcc.a(_aeabi_uldivmod.o) (__aeabi_ldiv0)
c:/ciaa/embeddedide/gcc-arm-embedded/bin/../lib/gcc/arm-none-eabi/6.3.1/../../../../arm-none-eabi/lib/thumb/v7e-m/fpv4-sp/hard\libc_nano.a(lib_a-memcpy-stub.o)
                              out/libs/lpc_chip_43xx/src/ring_buffer.o (memcpy)
c:/ciaa/embeddedide/gcc-arm-embedded/bin/../lib/gcc/arm-none-eabi/6.3.1/../../../../arm-none-eabi/lib/thumb/v7e-m/fpv4-sp/hard\libc_nano.a(lib_a-memset.o)
                              out/libs/lpc_chip_43xx/src/clock_18xx_43xx.o (memset)

Allocating common symbols
Common symbol       size              file

numeroEnString      0xa               out/app/src/Test.o
SystemCoreClock     0x4               out/libs/lpc_chip_43xx/src/chip_18xx_43xx.o
tickCounter         0x8               out/libs/sapi/src/sapi_tick.o
estadoActualAsc     0x1               out/app/src/MEFAscensorPuertas.o
estadoActualPuerta  0x1               out/app/src/MEFAscensorPuertas.o
almacenarPisos      0x28              out/app/src/MEF_tecladoMatricial.o
tickRateMS          0x8               out/libs/sapi/src/sapi_tick.o
timSerial           0x18              out/app/src/Ascensor.o

Discarded input sections

 .group         0x00000000        0x8 out/app/src/Ascensor.o
 .group         0x00000000        0x8 out/app/src/Ascensor.o
 .group         0x00000000        0x8 out/app/src/Ascensor.o
 .group         0x00000000        0x8 out/app/src/Ascensor.o
 .group         0x00000000        0x8 out/app/src/Ascensor.o
 .group         0x00000000        0x8 out/app/src/Ascensor.o
 .group         0x00000000        0x8 out/app/src/Ascensor.o
 .group         0x00000000        0x8 out/app/src/Ascensor.o
 .group         0x00000000        0x8 out/app/src/Ascensor.o
 .group         0x00000000        0x8 out/app/src/Ascensor.o
 .group         0x00000000        0x8 out/app/src/Ascensor.o
 .group         0x00000000        0x8 out/app/src/Ascensor.o
 .group         0x00000000        0x8 out/app/src/Ascensor.o
 .group         0x00000000        0x8 out/app/src/Ascensor.o
 .group         0x00000000        0x8 out/app/src/Ascensor.o
 .group         0x00000000        0x8 out/app/src/Ascensor.o
 .group         0x00000000        0x8 out/app/src/Ascensor.o
 .group         0x00000000        0x8 out/app/src/Ascensor.o
 .group         0x00000000        0x8 out/app/src/Ascensor.o
 .group         0x00000000        0x8 out/app/src/Ascensor.o
 .group         0x00000000        0x8 out/app/src/Ascensor.o
 .group         0x00000000        0x8 out/app/src/Ascensor.o
 .group         0x00000000        0x8 out/app/src/Ascensor.o
 .group         0x00000000        0x8 out/app/src/Ascensor.o
 .group         0x00000000        0x8 out/app/src/Ascensor.o
 .group         0x00000000        0x8 out/app/src/Ascensor.o
 .group         0x00000000        0x8 out/app/src/Ascensor.o
 .group         0x00000000        0x8 out/app/src/Ascensor.o
 .group         0x00000000        0x8 out/app/src/Ascensor.o
 .group         0x00000000        0x8 out/app/src/Ascensor.o
 .group         0x00000000        0x8 out/app/src/Ascensor.o
 .group         0x00000000        0x8 out/app/src/Ascensor.o
 .group         0x00000000        0x8 out/app/src/Ascensor.o
 .group         0x00000000        0x8 out/app/src/Ascensor.o
 .group         0x00000000        0x8 out/app/src/Ascensor.o
 .group         0x00000000        0x8 out/app/src/Ascensor.o
 .group         0x00000000        0x8 out/app/src/Ascensor.o
 .group         0x00000000        0x8 out/app/src/Ascensor.o
 .group         0x00000000        0x8 out/app/src/Ascensor.o
 .group         0x00000000        0x8 out/app/src/Ascensor.o
 .group         0x00000000        0x8 out/app/src/Ascensor.o
 .group         0x00000000        0x8 out/app/src/Ascensor.o
 .group         0x00000000        0x8 out/app/src/Ascensor.o
 .group         0x00000000        0x8 out/app/src/Ascensor.o
 .group         0x00000000        0x8 out/app/src/Ascensor.o
 .group         0x00000000        0x8 out/app/src/Ascensor.o
 .group         0x00000000        0x8 out/app/src/Ascensor.o
 .group         0x00000000        0x8 out/app/src/Ascensor.o
 .group         0x00000000        0x8 out/app/src/Ascensor.o
[...]
Memory Configuration

Name             Origin             Length             Attributes
MFlashA512       0x1a000000         0x00080000         xr
MFlashB512       0x1b000000         0x00080000         xr
RamLoc32         0x10000000         0x00008000         xrw
RamLoc40         0x10080000         0x0000a000         xrw
RamAHB32         0x20000000         0x00008000         xrw
RamAHB16         0x20008000         0x00004000         xrw
RamAHB_ETB16     0x2000c000         0x00004000         xrw
*default*        0x00000000         0xffffffff

Linker script and memory map

LOAD out/app/src/Ascensor.o
LOAD out/app/src/MEFAscensorPuertas.o
LOAD out/app/src/MEF_tecladoMatricial.o
LOAD out/app/src/Test.o
LOAD out/app/src/driverDisplay.o
LOAD out/app/src/modoConfiguracion.o
LOAD out/libs/lpc_chip_43xx/src/adc_18xx_43xx.o
LOAD out/libs/lpc_chip_43xx/src/aes_18xx_43xx.o
LOAD out/libs/lpc_chip_43xx/src/atimer_18xx_43xx.o
LOAD out/libs/lpc_chip_43xx/src/ccan_18xx_43xx.o
LOAD out/libs/lpc_chip_43xx/src/chip_18xx_43xx.o
LOAD out/libs/lpc_chip_43xx/src/clock_18xx_43xx.o
LOAD out/libs/lpc_chip_43xx/src/dac_18xx_43xx.o
LOAD out/libs/lpc_chip_43xx/src/eeprom_18xx_43xx.o
LOAD out/libs/lpc_chip_43xx/src/emc_18xx_43xx.o
LOAD out/libs/lpc_chip_43xx/src/enet_18xx_43xx.o
LOAD out/libs/lpc_chip_43xx/src/evrt_18xx_43xx.o
LOAD out/libs/lpc_chip_43xx/src/fpu_init.o
LOAD out/libs/lpc_chip_43xx/src/gpdma_18xx_43xx.o
LOAD out/libs/lpc_chip_43xx/src/gpio_18xx_43xx.o
LOAD out/libs/lpc_chip_43xx/src/gpiogroup_18xx_43xx.o
LOAD out/libs/lpc_chip_43xx/src/hsadc_18xx_43xx.o
LOAD out/libs/lpc_chip_43xx/src/i2c_18xx_43xx.o
LOAD out/libs/lpc_chip_43xx/src/i2cm_18xx_43xx.o
LOAD out/libs/lpc_chip_43xx/src/i2s_18xx_43xx.o
LOAD out/libs/lpc_chip_43xx/src/iap_18xx_43xx.o
LOAD out/libs/lpc_chip_43xx/src/lcd_18xx_43xx.o
LOAD out/libs/lpc_chip_43xx/src/otp_18xx_43xx.o
LOAD out/libs/lpc_chip_43xx/src/pinint_18xx_43xx.o
LOAD out/libs/lpc_chip_43xx/src/pmc_18xx_43xx.o
LOAD out/libs/lpc_chip_43xx/src/ring_buffer.o
LOAD out/libs/lpc_chip_43xx/src/ritimer_18xx_43xx.o
LOAD out/libs/lpc_chip_43xx/src/rtc_18xx_43xx.o
LOAD out/libs/lpc_chip_43xx/src/sct_18xx_43xx.o
LOAD out/libs/lpc_chip_43xx/src/sct_pwm_18xx_43xx.o
LOAD out/libs/lpc_chip_43xx/src/sdif_18xx_43xx.o
LOAD out/libs/lpc_chip_43xx/src/sdio_18xx_43xx.o
LOAD out/libs/lpc_chip_43xx/src/sdmmc_18xx_43xx.o
LOAD out/libs/lpc_chip_43xx/src/spi_18xx_43xx.o
LOAD out/libs/lpc_chip_43xx/src/ssp_18xx_43xx.o
LOAD out/libs/lpc_chip_43xx/src/stopwatch_18xx_43xx.o
LOAD out/libs/lpc_chip_43xx/src/sysinit_18xx_43xx.o
LOAD out/libs/lpc_chip_43xx/src/timer_18xx_43xx.o
LOAD out/libs/lpc_chip_43xx/src/uart_18xx_43xx.o
LOAD out/libs/lpc_chip_43xx/src/wwdt_18xx_43xx.o
LOAD out/libs/lpc_board_ciaa_edu_4337/src/board.o
LOAD out/libs/lpc_board_ciaa_edu_4337/src/board_sysinit.o
LOAD out/libs/lpc_board_ciaa_edu_4337/src/cr_startup_lpc43xx.o
LOAD out/libs/lpc_board_ciaa_edu_4337/src/crp.o
LOAD out/libs/lpc_board_ciaa_edu_4337/src/sysinit.o
LOAD out/libs/lpc_board_ciaa_edu_4337/src/system.o
LOAD out/libs/sapi/src/sapi_7_segment_display.o
LOAD out/libs/sapi/src/sapi_adc.o
LOAD out/libs/sapi/src/sapi_board.o
LOAD out/libs/sapi/src/sapi_dac.o
LOAD out/libs/sapi/src/sapi_datatypes.o
LOAD out/libs/sapi/src/sapi_delay.o
LOAD out/libs/sapi/src/sapi_gpio.o
LOAD out/libs/sapi/src/sapi_hmc5883l.o
LOAD out/libs/sapi/src/sapi_i2c.o
LOAD out/libs/sapi/src/sapi_keypad.o
LOAD out/libs/sapi/src/sapi_pwm.o
LOAD out/libs/sapi/src/sapi_rtc.o
LOAD out/libs/sapi/src/sapi_sct.o
LOAD out/libs/sapi/src/sapi_servo.o
LOAD out/libs/sapi/src/sapi_sleep.o
LOAD out/libs/sapi/src/sapi_spi.o
LOAD out/libs/sapi/src/sapi_tick.o
LOAD out/libs/sapi/src/sapi_timer.o
LOAD out/libs/sapi/src/sapi_uart.o
START GROUP
LOAD c:/ciaa/embeddedide/gcc-arm-embedded/bin/../lib/gcc/arm-none-eabi/6.3.1/thumb/v7e-m/fpv4-sp/hard\libgcc.a
LOAD c:/ciaa/embeddedide/gcc-arm-embedded/bin/../lib/gcc/arm-none-eabi/6.3.1/../../../../arm-none-eabi/lib/thumb/v7e-m/fpv4-sp/hard\libc_nano.a
END GROUP
START GROUP
LOAD c:/ciaa/embeddedide/gcc-arm-embedded/bin/../lib/gcc/arm-none-eabi/6.3.1/thumb/v7e-m/fpv4-sp/hard\libgcc.a
LOAD c:/ciaa/embeddedide/gcc-arm-embedded/bin/../lib/gcc/arm-none-eabi/6.3.1/../../../../arm-none-eabi/lib/thumb/v7e-m/fpv4-sp/hard\libc_nano.a
END GROUP
START GROUP
LOAD c:/ciaa/embeddedide/gcc-arm-embedded/bin/../lib/gcc/arm-none-eabi/6.3.1/thumb/v7e-m/fpv4-sp/hard\libgcc.a
LOAD c:/ciaa/embeddedide/gcc-arm-embedded/bin/../lib/gcc/arm-none-eabi/6.3.1/../../../../arm-none-eabi/lib/thumb/v7e-m/fpv4-sp/hard\libc.a
LOAD c:/ciaa/embeddedide/gcc-arm-embedded/bin/../lib/gcc/arm-none-eabi/6.3.1/../../../../arm-none-eabi/lib/thumb/v7e-m/fpv4-sp/hard\libm.a
END GROUP
                0x1a080000                __top_MFlashA512 = 0x1a080000
                0x1b080000                __top_MFlashB512 = 0x1b080000
                0x10008000                __top_RamLoc32 = 0x10008000
                0x1008a000                __top_RamLoc40 = 0x1008a000
                0x20008000                __top_RamAHB32 = 0x20008000
                0x2000c000                __top_RamAHB16 = 0x2000c000
                0x20010000                __top_RamAHB_ETB16 = 0x20010000

.text_Flash2    0x1b000000        0x0
 FILL mask 0xff
 *(.text_Flash2*)
 *(.text_MFlashB512*)
 *(.text.$Flash2*)
 *(.text.$MFlashB512*)
 *(.rodata.$Flash2*)
 *(.rodata.$MFlashB512*)

.text           0x1a000000     0x2fa8
 FILL mask 0xff
                0x1a000000                __vectors_start__ = ABSOLUTE (.)
 *(.isr_vector)
 .isr_vector    0x1a000000      0x114 out/libs/lpc_board_ciaa_edu_4337/src/cr_startup_lpc43xx.o
                0x1a000000                g_pfnVectors
                0x1a000114                . = ALIGN (0x4)
                0x1a000114                __section_table_start = .
                0x1a000114                __data_section_table = .
                0x1a000114        0x4 LONG 0x1a002fb0 LOADADDR (.data)
                0x1a000118        0x4 LONG 0x10000000 ADDR (.data)
                0x1a00011c        0x4 LONG 0x54 SIZEOF (.data)
                0x1a000120        0x4 LONG 0x1a002fb0 LOADADDR (.data_RAM2)
                0x1a000124        0x4 LONG 0x10080000 ADDR (.data_RAM2)
                0x1a000128        0x4 LONG 0x0 SIZEOF (.data_RAM2)
                0x1a00012c        0x4 LONG 0x1a002fb0 LOADADDR (.data_RAM3)
                0x1a000130        0x4 LONG 0x20000000 ADDR (.data_RAM3)
                0x1a000134        0x4 LONG 0x0 SIZEOF (.data_RAM3)
                0x1a000138        0x4 LONG 0x1a002fb0 LOADADDR (.data_RAM4)
                0x1a00013c        0x4 LONG 0x20008000 ADDR (.data_RAM4)
                0x1a000140        0x4 LONG 0x0 SIZEOF (.data_RAM4)
                0x1a000144        0x4 LONG 0x1a002fb0 LOADADDR (.data_RAM5)
                0x1a000148        0x4 LONG 0x2000c000 ADDR (.data_RAM5)
                0x1a00014c        0x4 LONG 0x0 SIZEOF (.data_RAM5)
                0x1a000150                __data_section_table_end = .
                0x1a000150                __bss_section_table = .
                0x1a000150        0x4 LONG 0x10000058 ADDR (.bss)
                0x1a000154        0x4 LONG 0x140 SIZEOF (.bss)
                0x1a000158        0x4 LONG 0x10080000 ADDR (.bss_RAM2)
                0x1a00015c        0x4 LONG 0x0 SIZEOF (.bss_RAM2)
                0x1a000160        0x4 LONG 0x20000000 ADDR (.bss_RAM3)
                0x1a000164        0x4 LONG 0x0 SIZEOF (.bss_RAM3)
                0x1a000168        0x4 LONG 0x20008000 ADDR (.bss_RAM4)
                0x1a00016c        0x4 LONG 0x0 SIZEOF (.bss_RAM4)
                0x1a000170        0x4 LONG 0x2000c000 ADDR (.bss_RAM5)
                0x1a000174        0x4 LONG 0x0 SIZEOF (.bss_RAM5)
                0x1a000178                __bss_section_table_end = .
                0x1a000178                __section_table_end = .
 *(.after_vectors*)
 .after_vectors
                0x1a000178       0x44 out/libs/lpc_board_ciaa_edu_4337/src/cr_startup_lpc43xx.o
                0x1a000178                NMI_Handler
                0x1a00017a                HardFault_Handler
                0x1a00017c                MemManage_Handler
                0x1a00017e                BusFault_Handler
                0x1a000180                UsageFault_Handler
                0x1a000182                SVC_Handler
                0x1a000184                DebugMon_Handler
                0x1a000186                PendSV_Handler
                0x1a00018a                ATIMER_IRQHandler
                0x1a00018a                SDIO_IRQHandler
                0x1a00018a                I2C1_IRQHandler
                0x1a00018a                UART1_IRQHandler
                0x1a00018a                GPIO5_IRQHandler
                0x1a00018a                CAN1_IRQHandler
                0x1a00018a                USB1_IRQHandler
                0x1a00018a                I2S0_IRQHandler
                0x1a00018a                GINT1_IRQHandler
                0x1a00018a                SGPIO_IRQHandler
                0x1a00018a                ADC0_IRQHandler
                0x1a00018a                I2C0_IRQHandler
                0x1a00018a                GPIO6_IRQHandler
                0x1a00018a                IntDefaultHandler
                0x1a00018a                GPIO1_IRQHandler
                0x1a00018a                SSP0_IRQHandler
                0x1a00018a                ADC1_IRQHandler
                0x1a00018a                FLASH_EEPROM_IRQHandler
                0x1a00018a                SPI_IRQHandler
                0x1a00018a                LCD_IRQHandler
                0x1a00018a                M0APP_IRQHandler
                0x1a00018a                GPIO2_IRQHandler
                0x1a00018a                I2S1_IRQHandler
                0x1a00018a                SSP1_IRQHandler
                0x1a00018a                USB0_IRQHandler
                0x1a00018a                GPIO3_IRQHandler
                0x1a00018a                SCT_IRQHandler
                0x1a00018a                ADCHS_IRQHandler
                0x1a00018a                WDT_IRQHandler
                0x1a00018a                RIT_IRQHandler
                0x1a00018a                GPIO7_IRQHandler
                0x1a00018a                SPIFI_IRQHandler
                0x1a00018a                QEI_IRQHandler
                0x1a00018a                ETH_IRQHandler
                0x1a00018a                CAN0_IRQHandler
                0x1a00018a                GINT0_IRQHandler
                0x1a00018a                DAC_IRQHandler
                0x1a00018a                M0SUB_IRQHandler
                0x1a00018a                GPIO0_IRQHandler
                0x1a00018a                DMA_IRQHandler
                0x1a00018a                EVRT_IRQHandler
                0x1a00018a                RTC_IRQHandler
                0x1a00018a                MCPWM_IRQHandler
                0x1a00018a                GPIO4_IRQHandler
                0x1a00018c                data_init
                0x1a0001aa                bss_init
 .after_vectors
                0x1a0001bc        0x2 out/libs/sapi/src/sapi_uart.o
                0x1a0001bc                UART0_IRQHandler
                0x000002fc                . = 0x2fc
 *fill*         0x1a0001be      0x13e ff
                0x1a0002fc                PROVIDE (__CRP_WORD_START__, .)
 *(.crp)
 .crp           0x1a0002fc        0x4 out/libs/lpc_board_ciaa_edu_4337/src/crp.o
                0x1a0002fc                CRP_WORD
                0x1a000300                PROVIDE (__CRP_WORD_END__, .)
                0x00000001                ASSERT (! ((__CRP_WORD_START__ == __CRP_WORD_END__)), Linker CRP Enabled, but no CRP_WORD provided within application)
 *(.text*)
 .text.IntTimer
                0x1a000300        0xa out/app/src/Ascensor.o
                0x1a000300                IntTimer
 *fill*         0x1a00030a        0x2 ff
 .text.main     0x1a00030c       0xac out/app/src/Ascensor.o
                0x1a00030c                main
 .text.InicializarMEFAsc
                0x1a0003b8       0x38 out/app/src/MEFAscensorPuertas.o
                0x1a0003b8                InicializarMEFAsc
 .text.InicializarMEFPuerta
                0x1a0003f0       0x54 out/app/src/MEFAscensorPuertas.o
                0x1a0003f0                InicializarMEFPuerta
 .text.CargaNuevoPiso
                0x1a000444       0x64 out/app/src/MEFAscensorPuertas.o
                0x1a000444                CargaNuevoPiso
 .text.ActualizarMEFAsc
                0x1a0004a8      0x320 out/app/src/MEFAscensorPuertas.o
                0x1a0004a8                ActualizarMEFAsc
 .text.ActualizaMEFPuerta
                0x1a0007c8      0x114 out/app/src/MEFAscensorPuertas.o
                0x1a0007c8                ActualizaMEFPuerta
 .text.configurarTecladoMatricial
                0x1a0008dc       0x38 out/app/src/MEF_tecladoMatricial.o
                0x1a0008dc                configurarTecladoMatricial
 .text.InicializarMEF_tecladoMatrical
                0x1a000914       0x28 out/app/src/MEF_tecladoMatricial.o
                0x1a000914                InicializarMEF_tecladoMatrical
 .text.ScanTeclas
                0x1a00093c       0x98 out/app/src/MEF_tecladoMatricial.o
                0x1a00093c                ScanTeclas
 .text.ActualizaMEFScanTecla
                0x1a0009d4       0x88 out/app/src/MEF_tecladoMatricial.o
                0x1a0009d4                ActualizaMEFScanTecla
 .text.ingresarDigito
                0x1a000a5c       0x84 out/app/src/MEF_tecladoMatricial.o
                0x1a000a5c                ingresarDigito
 .text.guardarPisoSimple
                0x1a000ae0       0x44 out/app/src/MEF_tecladoMatricial.o
                0x1a000ae0                guardarPisoSimple
 .text.guardarPisoDoble
                0x1a000b24       0x68 out/app/src/MEF_tecladoMatricial.o
                0x1a000b24                guardarPisoDoble
 .text.ActualizarMEF_tecladoMatricial
                0x1a000b8c       0xbc out/app/src/MEF_tecladoMatricial.o
                0x1a000b8c                ActualizarMEF_tecladoMatricial
 .text.itoa     0x1a000c48       0x68 out/app/src/Test.o
                0x1a000c48                itoa
 .text.uartWriteMiDato
                0x1a000cb0       0x34 out/app/src/Test.o
                0x1a000cb0                uartWriteMiDato
 .text.EnviaEstadoInterno
                0x1a000ce4      0x1d4 out/app/src/Test.o
                0x1a000ce4                EnviaEstadoInterno
 .text.ConfigDisplay
                0x1a000eb8       0x4c out/app/src/driverDisplay.o
                0x1a000eb8                ConfigDisplay
 .text.SacaDigito
                0x1a000f04       0x5c out/app/src/driverDisplay.o
                0x1a000f04                SacaDigito
 .text.ConvierteByte
                0x1a000f60       0x40 out/app/src/driverDisplay.o
                0x1a000f60                ConvierteByte
 .text.ActualizarDisplay
                0x1a000fa0      0x168 out/app/src/driverDisplay.o
                0x1a000fa0                ActualizarDisplay
 .text.itoa_2   0x1a001108       0x68 out/app/src/modoConfiguracion.o
                0x1a001108                itoa_2
 .text.modoConfiguracion
                0x1a001170      0x2e8 out/app/src/modoConfiguracion.o
                0x1a001170                modoConfiguracion
 .text.SystemCoreClockUpdate
                0x1a001458       0x14 out/libs/lpc_chip_43xx/src/chip_18xx_43xx.o
                0x1a001458                SystemCoreClockUpdate
 .text.pll_calc_divs
                0x1a00146c       0xa0 out/libs/lpc_chip_43xx/src/clock_18xx_43xx.o
 .text.pll_get_frac
                0x1a00150c      0x100 out/libs/lpc_chip_43xx/src/clock_18xx_43xx.o
 .text.Chip_Clock_FindBaseClock
                0x1a00160c       0x4c out/libs/lpc_chip_43xx/src/clock_18xx_43xx.o
 .text.Chip_Clock_EnableCrystal
                0x1a001658       0x4c out/libs/lpc_chip_43xx/src/clock_18xx_43xx.o
                0x1a001658                Chip_Clock_EnableCrystal
 .text.Chip_Clock_GetDividerSource
                0x1a0016a4       0x1c out/libs/lpc_chip_43xx/src/clock_18xx_43xx.o
                0x1a0016a4                Chip_Clock_GetDividerSource
 .text.Chip_Clock_GetDividerDivisor
                0x1a0016c0       0x1c out/libs/lpc_chip_43xx/src/clock_18xx_43xx.o
                0x1a0016c0                Chip_Clock_GetDividerDivisor
 .text.Chip_Clock_GetClockInputHz
                0x1a0016dc       0xb8 out/libs/lpc_chip_43xx/src/clock_18xx_43xx.o
                0x1a0016dc                Chip_Clock_GetClockInputHz
 .text.Chip_Clock_CalcMainPLLValue
                0x1a001794       0x80 out/libs/lpc_chip_43xx/src/clock_18xx_43xx.o
                0x1a001794                Chip_Clock_CalcMainPLLValue
 .text.Chip_Clock_GetMainPLLHz
                0x1a001814       0x6c out/libs/lpc_chip_43xx/src/clock_18xx_43xx.o
                0x1a001814                Chip_Clock_GetMainPLLHz
 .text.Chip_Clock_GetDivRate
                0x1a001880       0x22 out/libs/lpc_chip_43xx/src/clock_18xx_43xx.o
 *fill*         0x1a0018a2        0x2 ff
 .text.Chip_Clock_SetBaseClock
                0x1a0018a4       0x58 out/libs/lpc_chip_43xx/src/clock_18xx_43xx.o
                0x1a0018a4                Chip_Clock_SetBaseClock
 .text.Chip_Clock_GetBaseClock
                0x1a0018fc       0x26 out/libs/lpc_chip_43xx/src/clock_18xx_43xx.o
                0x1a0018fc                Chip_Clock_GetBaseClock
 .text.Chip_Clock_GetBaseClocktHz
                0x1a001922        0xc out/libs/lpc_chip_43xx/src/clock_18xx_43xx.o
                0x1a001922                Chip_Clock_GetBaseClocktHz
 *fill*         0x1a00192e        0x2 ff
 .text.Chip_Clock_EnableOpts
                0x1a001930       0x3c out/libs/lpc_chip_43xx/src/clock_18xx_43xx.o
                0x1a001930                Chip_Clock_EnableOpts
 .text.Chip_Clock_GetRate
                0x1a00196c       0x4c out/libs/lpc_chip_43xx/src/clock_18xx_43xx.o
                0x1a00196c                Chip_Clock_GetRate
 .text.fpuInit  0x1a0019b8       0x54 out/libs/lpc_chip_43xx/src/fpu_init.o
                0x1a0019b8                fpuInit
 .text.Chip_GPIO_Init
                0x1a001a0c        0x2 out/libs/lpc_chip_43xx/src/gpio_18xx_43xx.o
                0x1a001a0c                Chip_GPIO_Init
 .text.Chip_GPIO_SetDir
                0x1a001a0e       0x24 out/libs/lpc_chip_43xx/src/gpio_18xx_43xx.o
                0x1a001a0e                Chip_GPIO_SetDir
 *fill*         0x1a001a32        0x2 ff
 .text.Chip_SetupCoreClock
                0x1a001a34      0x158 out/libs/lpc_chip_43xx/src/sysinit_18xx_43xx.o
                0x1a001a34                Chip_SetupCoreClock
 .text.Chip_UART_GetIndex
                0x1a001b8c       0x2c out/libs/lpc_chip_43xx/src/uart_18xx_43xx.o
 .text.Chip_UART_Init
                0x1a001bb8       0x54 out/libs/lpc_chip_43xx/src/uart_18xx_43xx.o
                0x1a001bb8                Chip_UART_Init
 .text.Chip_UART_SetBaud
                0x1a001c0c       0x40 out/libs/lpc_chip_43xx/src/uart_18xx_43xx.o
                0x1a001c0c                Chip_UART_SetBaud
 .text.Chip_UART_SetBaudFDR
                0x1a001c4c       0xe8 out/libs/lpc_chip_43xx/src/uart_18xx_43xx.o
                0x1a001c4c                Chip_UART_SetBaudFDR
 .text.Board_LED_Init
                0x1a001d34       0x44 out/libs/lpc_board_ciaa_edu_4337/src/board.o
 .text.Board_UART_Init
                0x1a001d78       0x14 out/libs/lpc_board_ciaa_edu_4337/src/board.o
                0x1a001d78                Board_UART_Init
 .text.Board_Debug_Init
                0x1a001d8c       0x28 out/libs/lpc_board_ciaa_edu_4337/src/board.o
                0x1a001d8c                Board_Debug_Init
 .text.Board_Init
                0x1a001db4       0x28 out/libs/lpc_board_ciaa_edu_4337/src/board.o
                0x1a001db4                Board_Init
 .text.Board_SetupMuxing
                0x1a001ddc       0x38 out/libs/lpc_board_ciaa_edu_4337/src/board_sysinit.o
                0x1a001ddc                Board_SetupMuxing
 .text.Board_SetupClocking
                0x1a001e14       0x6c out/libs/lpc_board_ciaa_edu_4337/src/board_sysinit.o
                0x1a001e14                Board_SetupClocking
 .text.Board_SystemInit
                0x1a001e80        0xc out/libs/lpc_board_ciaa_edu_4337/src/board_sysinit.o
                0x1a001e80                Board_SystemInit
 .text.ResetISR
                0x1a001e8c       0x7c out/libs/lpc_board_ciaa_edu_4337/src/cr_startup_lpc43xx.o
                0x1a001e8c                ResetISR
 .text.SystemInit
                0x1a001f08        0xc out/libs/lpc_board_ciaa_edu_4337/src/sysinit.o
                0x1a001f08                SystemInit
 .text.boardConfig
                0x1a001f14       0xee out/libs/sapi/src/sapi_board.o
                0x1a001f14                boardConfig
 .text.sAPI_NullFuncPtr
                0x1a002002        0x4 out/libs/sapi/src/sapi_datatypes.o
                0x1a002002                sAPI_NullFuncPtr
 *fill*         0x1a002006        0x2 ff
 .text.delayConfig
                0x1a002008       0x20 out/libs/sapi/src/sapi_delay.o
                0x1a002008                delayConfig
 .text.delayRead
                0x1a002028       0x3e out/libs/sapi/src/sapi_delay.o
                0x1a002028                delayRead
 *fill*         0x1a002066        0x2 ff
 .text.gpioObtainPinConfig
                0x1a002068       0x34 out/libs/sapi/src/sapi_gpio.o
 .text.gpioConfig
                0x1a00209c      0x174 out/libs/sapi/src/sapi_gpio.o
                0x1a00209c                gpioConfig
 .text.gpioWrite
                0x1a002210       0x56 out/libs/sapi/src/sapi_gpio.o
                0x1a002210                gpioWrite
 .text.gpioRead
                0x1a002266       0x54 out/libs/sapi/src/sapi_gpio.o
                0x1a002266                gpioRead
 .text.gpioToggle
                0x1a0022ba       0x16 out/libs/sapi/src/sapi_gpio.o
                0x1a0022ba                gpioToggle
 .text.tickConfig
                0x1a0022d0       0x78 out/libs/sapi/src/sapi_tick.o
                0x1a0022d0                tickConfig
 .text.tickRead
                0x1a002348        0xc out/libs/sapi/src/sapi_tick.o
                0x1a002348                tickRead
 .text.SysTick_Handler
                0x1a002354       0x24 out/libs/sapi/src/sapi_tick.o
                0x1a002354                SysTick_Handler
 .text.errorOcurred
                0x1a002378        0x2 out/libs/sapi/src/sapi_timer.o
 .text.doNothing
                0x1a00237a        0x2 out/libs/sapi/src/sapi_timer.o
 .text.TIMER0_IRQHandler
                0x1a00237c       0x40 out/libs/sapi/src/sapi_timer.o
                0x1a00237c                TIMER0_IRQHandler
 .text.TIMER1_IRQHandler
                0x1a0023bc       0x40 out/libs/sapi/src/sapi_timer.o
                0x1a0023bc                TIMER1_IRQHandler
 .text.TIMER2_IRQHandler
                0x1a0023fc       0x44 out/libs/sapi/src/sapi_timer.o
                0x1a0023fc                TIMER2_IRQHandler
 .text.TIMER3_IRQHandler
                0x1a002440       0x44 out/libs/sapi/src/sapi_timer.o
                0x1a002440                TIMER3_IRQHandler
 .text.uartConfig
                0x1a002484       0x64 out/libs/sapi/src/sapi_uart.o
                0x1a002484                uartConfig
 .text.uartReadByte
                0x1a0024e8       0x44 out/libs/sapi/src/sapi_uart.o
                0x1a0024e8                uartReadByte
 .text.uartWriteByte
                0x1a00252c       0x30 out/libs/sapi/src/sapi_uart.o
                0x1a00252c                uartWriteByte
 .text.uartWriteString
                0x1a00255c       0x18 out/libs/sapi/src/sapi_uart.o
                0x1a00255c                uartWriteString
 .text.UART2_IRQHandler
                0x1a002574        0x2 out/libs/sapi/src/sapi_uart.o
                0x1a002574                UART2_IRQHandler
 .text.UART3_IRQHandler
                0x1a002576        0x2 out/libs/sapi/src/sapi_uart.o
                0x1a002576                UART3_IRQHandler
 .text          0x1a002578       0x30 c:/ciaa/embeddedide/gcc-arm-embedded/bin/../lib/gcc/arm-none-eabi/6.3.1/thumb/v7e-m/fpv4-sp/hard\libgcc.a(_aeabi_uldivmod.o)
                0x1a002578                __aeabi_uldivmod
 .text          0x1a0025a8      0x2dc c:/ciaa/embeddedide/gcc-arm-embedded/bin/../lib/gcc/arm-none-eabi/6.3.1/thumb/v7e-m/fpv4-sp/hard\libgcc.a(_udivmoddi4.o)
                0x1a0025a8                __udivmoddi4
 .text          0x1a002884        0x4 c:/ciaa/embeddedide/gcc-arm-embedded/bin/../lib/gcc/arm-none-eabi/6.3.1/thumb/v7e-m/fpv4-sp/hard\libgcc.a(_dvmd_tls.o)
                0x1a002884                __aeabi_idiv0
                0x1a002884                __aeabi_ldiv0
 .text.memset   0x1a002888       0x10 c:/ciaa/embeddedide/gcc-arm-embedded/bin/../lib/gcc/arm-none-eabi/6.3.1/../../../../arm-none-eabi/lib/thumb/v7e-m/fpv4-sp/hard\libc_nano.a(lib_a-memset.o)
                0x1a002888                memset
 *(.rodata .rodata.* .constdata .constdata.*)
 .rodata.pinesColumna
                0x1a002898        0x4 out/app/src/MEF_tecladoMatricial.o
 .rodata.pinesFila
                0x1a00289c        0x4 out/app/src/MEF_tecladoMatricial.o
 .rodata.pinesTeclado
                0x1a0028a0       0x20 out/app/src/MEF_tecladoMatricial.o
 .rodata.EnviaEstadoInterno.str1.4
                0x1a0028c0      0x1d7 out/app/src/Test.o
 *fill*         0x1a002a97        0x1 ff
 .rodata.itoa.str1.4
                0x1a002a98       0x48 out/app/src/Test.o
 .rodata.uartWriteMiDato.str1.4
                0x1a002ae0       0x48 out/app/src/Test.o
                                  0x3 (size before relaxing)
 .rodata.numeroadisplayB
                0x1a002ae0       0x1b out/app/src/driverDisplay.o
 *fill*         0x1a002afb        0x1 ff
 .rodata.quedisplayB
                0x1a002afc        0x4 out/app/src/driverDisplay.o
 .rodata.segmentosdisplayB
                0x1a002b00        0x8 out/app/src/driverDisplay.o
 .rodata.itoa_2.str1.4
                0x1a002b08       0x48 out/app/src/modoConfiguracion.o
 .rodata.modoConfiguracion.str1.4
                0x1a002b08      0x218 out/app/src/modoConfiguracion.o
                                0x224 (size before relaxing)
 .rodata        0x1a002d20        0x4 out/libs/lpc_chip_43xx/src/clock_18xx_43xx.o
 .rodata.Chip_Clock_SetDivider.str1.4
                0x1a002d24        0x8 out/libs/lpc_chip_43xx/src/clock_18xx_43xx.o
                                  0x6 (size before relaxing)
 .rodata.periph_to_base
                0x1a002d2c       0x6c out/libs/lpc_chip_43xx/src/clock_18xx_43xx.o
 .rodata.InitClkStates
                0x1a002d98       0x48 out/libs/lpc_chip_43xx/src/sysinit_18xx_43xx.o
 .rodata.UART_BClock
                0x1a002de0        0x8 out/libs/lpc_chip_43xx/src/uart_18xx_43xx.o
 .rodata.UART_PClock
                0x1a002de8        0x8 out/libs/lpc_chip_43xx/src/uart_18xx_43xx.o
 .rodata.ExtRateIn
                0x1a002df0        0x4 out/libs/lpc_board_ciaa_edu_4337/src/board.o
                0x1a002df0                ExtRateIn
 .rodata.OscRateIn
                0x1a002df4        0x4 out/libs/lpc_board_ciaa_edu_4337/src/board.o
                0x1a002df4                OscRateIn
 .rodata.gpioLEDBits
                0x1a002df8        0xc out/libs/lpc_board_ciaa_edu_4337/src/board.o
 .rodata.InitClkStates
                0x1a002e04        0xc out/libs/lpc_board_ciaa_edu_4337/src/board_sysinit.o
 .rodata.pinmuxing
                0x1a002e10       0x60 out/libs/lpc_board_ciaa_edu_4337/src/board_sysinit.o
 .rodata.gpioPinsConfig
                0x1a002e70      0x136 out/libs/sapi/src/sapi_gpio.o
                0x1a002e70                gpioPinsConfig
                0x1a002fa8                . = ALIGN (0x4)
 *fill*         0x1a002fa6        0x2 ff

.glue_7         0x1a002fa8        0x0
 .glue_7        0x1a002fa8        0x0 linker stubs

.glue_7t        0x1a002fa8        0x0
 .glue_7t       0x1a002fa8        0x0 linker stubs

.vfp11_veneer   0x1a002fa8        0x0
 .vfp11_veneer  0x1a002fa8        0x0 linker stubs

.v4_bx          0x1a002fa8        0x0
 .v4_bx         0x1a002fa8        0x0 linker stubs

.iplt           0x1a002fa8        0x0
 .iplt          0x1a002fa8        0x0 out/app/src/Ascensor.o

.ARM.extab
 *(.ARM.extab* .gnu.linkonce.armextab.*)
                0x1a002fa8                __exidx_start = .

.ARM.exidx      0x1a002fa8        0x8
 *(.ARM.exidx* .gnu.linkonce.armexidx.*)
 .ARM.exidx     0x1a002fa8        0x8 c:/ciaa/embeddedide/gcc-arm-embedded/bin/../lib/gcc/arm-none-eabi/6.3.1/thumb/v7e-m/fpv4-sp/hard\libgcc.a(_udivmoddi4.o)
                0x1a002fb0                __exidx_end = .
                0x1a002fb0                _etext = .

.rel.dyn        0x1a002fb0        0x0
 .rel.iplt      0x1a002fb0        0x0 out/app/src/Ascensor.o

.data_RAM2      0x10080000        0x0 load address 0x1a002fb0
 FILL mask 0xff
 *(.ramfunc.$RAM2)
 *(.ramfunc.$RamLoc40)
 *(.data.$RAM2*)
 *(.data.$RamLoc40*)
                0x10080000                . = ALIGN (0x4)

.data_RAM3      0x20000000        0x0 load address 0x1a002fb0
 FILL mask 0xff
 *(.ramfunc.$RAM3)
 *(.ramfunc.$RamAHB32)
 *(.data.$RAM3*)
 *(.data.$RamAHB32*)
                0x20000000                . = ALIGN (0x4)

.data_RAM4      0x20008000        0x0 load address 0x1a002fb0
 FILL mask 0xff
 *(.ramfunc.$RAM4)
 *(.ramfunc.$RamAHB16)
 *(.data.$RAM4*)
 *(.data.$RamAHB16*)
                0x20008000                . = ALIGN (0x4)

.data_RAM5      0x2000c000        0x0 load address 0x1a002fb0
 FILL mask 0xff
 *(.ramfunc.$RAM5)
 *(.ramfunc.$RamAHB_ETB16)
 *(.data.$RAM5*)
 *(.data.$RamAHB_ETB16*)
                0x2000c000                . = ALIGN (0x4)

.uninit_RESERVED
                0x10000000        0x0
 *(.bss.$RESERVED*)
                0x10000000                . = ALIGN (0x4)
                0x10000000                _end_uninit_RESERVED = .

.data           0x10000000       0x54 load address 0x1a002fb0
 FILL mask 0xff
                0x10000000                _data = .
 *(vtable)
 *(.ramfunc*)
 *(.data*)
 .data.maximoDePisos
                0x10000000        0x1 out/app/src/MEFAscensorPuertas.o
                0x10000000                maximoDePisos
 .data.maximoDeSubsuelos
                0x10000001        0x1 out/app/src/MEFAscensorPuertas.o
                0x10000001                maximoDeSubsuelos
 *fill*         0x10000002        0x2 ff
 .data.velAbreCierraPuerta
                0x10000004        0x4 out/app/src/MEFAscensorPuertas.o
                0x10000004                velAbreCierraPuerta
 .data.velPisoPiso
                0x10000008        0x4 out/app/src/MEFAscensorPuertas.o
                0x10000008                velPisoPiso
 .data.teclaPresionada
                0x1000000c        0x2 out/app/src/MEF_tecladoMatricial.o
 *fill*         0x1000000e        0x2 ff
 .data.tickHookFunction
                0x10000010        0x4 out/libs/sapi/src/sapi_tick.o
                0x10000010                tickHookFunction
 .data.timer_dd
                0x10000014       0x40 out/libs/sapi/src/sapi_timer.o
                0x10000054                . = ALIGN (0x4)
                0x10000054                _edata = .

.igot.plt       0x10000054        0x0 load address 0x1a003004
 .igot.plt      0x10000054        0x0 out/app/src/Ascensor.o

.bss_RAM2       0x10080000        0x0
 *(.bss.$RAM2*)
 *(.bss.$RamLoc40*)
                0x10080000                . = ALIGN (0x4)

.bss_RAM3       0x20000000        0x0
 *(.bss.$RAM3*)
 *(.bss.$RamAHB32*)
                0x20000000                . = ALIGN (0x4)

.bss_RAM4       0x20008000        0x0
 *(.bss.$RAM4*)
 *(.bss.$RamAHB16*)
                0x20008000                . = ALIGN (0x4)

.bss_RAM5       0x2000c000        0x0
 *(.bss.$RAM5*)
 *(.bss.$RamAHB_ETB16*)
                0x2000c000                . = ALIGN (0x4)

.bss            0x10000058      0x140
                0x10000058                _bss = .
 *(.bss*)
 .bss.flag1DW   0x10000058        0x4 out/app/src/MEFAscensorPuertas.o
                0x10000058                flag1DW
 .bss.flagConfiguracion
                0x1000005c        0x1 out/app/src/MEFAscensorPuertas.o
                0x1000005c                flagConfiguracion
 .bss.pisoActual
                0x1000005d        0x1 out/app/src/MEFAscensorPuertas.o
                0x1000005d                pisoActual
 .bss.pisoDestino
                0x1000005e        0x1 out/app/src/MEFAscensorPuertas.o
                0x1000005e                pisoDestino
 *fill*         0x1000005f        0x1 
 .bss.timAbreCierraPuerta
                0x10000060       0x18 out/app/src/MEFAscensorPuertas.o
 .bss.timAlarPuerta
                0x10000078       0x18 out/app/src/MEFAscensorPuertas.o
 .bss.timPisoPiso
                0x10000090       0x18 out/app/src/MEFAscensorPuertas.o
 .bss.timPuertaAbierta
                0x100000a8       0x18 out/app/src/MEFAscensorPuertas.o
 .bss.timRetornoPB
                0x100000c0       0x18 out/app/src/MEFAscensorPuertas.o
 .bss.confirmar
                0x100000d8        0x2 out/app/src/MEF_tecladoMatricial.o
 *fill*         0x100000da        0x6 
 .bss.delayAntirebote
                0x100000e0       0x18 out/app/src/MEF_tecladoMatricial.o
 .bss.estadoMefScanTeclado
                0x100000f8        0x1 out/app/src/MEF_tecladoMatricial.o
 .bss.estadoMefTecladoMatricial
                0x100000f9        0x1 out/app/src/MEF_tecladoMatricial.o
 .bss.hayTeclaDisponible
                0x100000fa        0x1 out/app/src/MEF_tecladoMatricial.o
 *fill*         0x100000fb        0x1 
 .bss.indice    0x100000fc        0x4 out/app/src/MEF_tecladoMatricial.o
                0x100000fc                indice
 .bss.indiceTeclaPresionada
                0x10000100        0x4 out/app/src/MEF_tecladoMatricial.o
 .bss.key       0x10000104        0x2 out/app/src/MEF_tecladoMatricial.o
 .bss.primerDigito
                0x10000106        0x2 out/app/src/MEF_tecladoMatricial.o
 .bss.segundoDigito
                0x10000108        0x2 out/app/src/MEF_tecladoMatricial.o
 .bss.centenasB
                0x1000010a        0x1 out/app/src/driverDisplay.o
 .bss.decenasB  0x1000010b        0x1 out/app/src/driverDisplay.o
 .bss.secuenciaB
                0x1000010c        0x1 out/app/src/driverDisplay.o
 .bss.unidadesB
                0x1000010d        0x1 out/app/src/driverDisplay.o
 .bss.unidadesmilB
                0x1000010e        0x1 out/app/src/driverDisplay.o
 *fill*         0x1000010f        0x1 
 .bss.datoRecibido.11864
                0x10000110        0x4 out/app/src/modoConfiguracion.o
 .bss.flagCase1.11855
                0x10000114        0x1 out/app/src/modoConfiguracion.o
 .bss.flagCase2.11856
                0x10000115        0x1 out/app/src/modoConfiguracion.o
 .bss.flagCase3.11857
                0x10000116        0x1 out/app/src/modoConfiguracion.o
 .bss.flagCase4.11858
                0x10000117        0x1 out/app/src/modoConfiguracion.o
 .bss.flagDatoMenu.11861
                0x10000118        0x1 out/app/src/modoConfiguracion.o
 .bss.flagMenu.11860
                0x10000119        0x1 out/app/src/modoConfiguracion.o
 *fill*         0x1000011a        0x2 
 .bss.numeroEnString
                0x1000011c        0xa out/app/src/modoConfiguracion.o
 *fill*         0x10000126        0x2 
 .bss.audio_usb_pll_freq
                0x10000128        0x8 out/libs/lpc_chip_43xx/src/clock_18xx_43xx.o
 *(COMMON)
 COMMON         0x10000130       0x18 out/app/src/Ascensor.o
                0x10000130                timSerial
 COMMON         0x10000148        0x2 out/app/src/MEFAscensorPuertas.o
                0x10000148                estadoActualAsc
                0x10000149                estadoActualPuerta
 *fill*         0x1000014a        0x2 
 COMMON         0x1000014c       0x28 out/app/src/MEF_tecladoMatricial.o
                0x1000014c                almacenarPisos
 COMMON         0x10000174        0xa out/app/src/Test.o
                0x10000174                numeroEnString
 *fill*         0x1000017e        0x2 
 COMMON         0x10000180        0x4 out/libs/lpc_chip_43xx/src/chip_18xx_43xx.o
                0x10000180                SystemCoreClock
 *fill*         0x10000184        0x4 
 COMMON         0x10000188       0x10 out/libs/sapi/src/sapi_tick.o
                0x10000188                tickCounter
                0x10000190                tickRateMS
                0x10000198                . = ALIGN (0x4)
                0x10000198                _ebss = .
                [!provide]                PROVIDE (end, .)

.noinit_RAM2    0x10080000        0x0
 *(.noinit.$RAM2*)
 *(.noinit.$RamLoc40*)
                0x10080000                . = ALIGN (0x4)

.noinit_RAM3    0x20000000        0x0
 *(.noinit.$RAM3*)
 *(.noinit.$RamAHB32*)
                0x20000000                . = ALIGN (0x4)

.noinit_RAM4    0x20008000        0x0
 *(.noinit.$RAM4*)
 *(.noinit.$RamAHB16*)
                0x20008000                . = ALIGN (0x4)

.noinit_RAM5    0x2000c000        0x0
 *(.noinit.$RAM5*)
 *(.noinit.$RamAHB_ETB16*)
                0x2000c000                . = ALIGN (0x4)

.noinit         0x10000198        0x0
                0x10000198                _noinit = .
 *(.noinit*)
                0x10000198                . = ALIGN (0x4)
                0x10000198                _end_noinit = .
                0x10000198                PROVIDE (_pvHeapStart, .)
                0x10008000                PROVIDE (_vStackTop, (__top_RamLoc32 - 0x0))
                0x53ff5a02                PROVIDE (__valid_user_code_checksum, (0x0 - ((((((_vStackTop + (ResetISR + 0x1)) + (NMI_Handler + 0x1)) + (HardFault_Handler + 0x1)) + (DEFINED (MemManage_Handler)?MemManage_Handler:0x0 + 0x1)) + (DEFINED (BusFault_Handler)?BusFault_Handler:0x0 + 0x1)) + (DEFINED (UsageFault_Handler)?UsageFault_Handler:0x0 + 0x1))))
OUTPUT(out/programa.elf elf32-littlearm)

.debug_info     0x00000000    0x18736
 .debug_info    0x00000000     0x1230 out/app/src/Ascensor.o
 .debug_info    0x00001230     0x1657 out/app/src/MEFAscensorPuertas.o
 .debug_info    0x00002887     0x14f4 out/app/src/MEF_tecladoMatricial.o
 .debug_info    0x00003d7b     0x13ab out/app/src/Test.o
 .debug_info    0x00005126     0x12d8 out/app/src/driverDisplay.o
 .debug_info    0x000063fe     0x1308 out/app/src/modoConfiguracion.o
 .debug_info    0x00007706      0xc3b out/libs/lpc_chip_43xx/src/chip_18xx_43xx.o
 .debug_info    0x00008341     0x18e4 out/libs/lpc_chip_43xx/src/clock_18xx_43xx.o
 .debug_info    0x00009c25      0x14c out/libs/lpc_chip_43xx/src/fpu_init.o
 .debug_info    0x00009d71      0x4c8 out/libs/lpc_chip_43xx/src/gpio_18xx_43xx.o
 .debug_info    0x0000a239      0xb07 out/libs/lpc_chip_43xx/src/sysinit_18xx_43xx.o
 .debug_info    0x0000ad40     0x164c out/libs/lpc_chip_43xx/src/uart_18xx_43xx.o
 .debug_info    0x0000c38c     0x212f out/libs/lpc_board_ciaa_edu_4337/src/board.o
 .debug_info    0x0000e4bb     0x14b0 out/libs/lpc_board_ciaa_edu_4337/src/board_sysinit.o
 .debug_info    0x0000f96b      0x2ec out/libs/lpc_board_ciaa_edu_4337/src/cr_startup_lpc43xx.o
 .debug_info    0x0000fc57       0x3f out/libs/lpc_board_ciaa_edu_4337/src/crp.o
 .debug_info    0x0000fc96      0x95e out/libs/lpc_board_ciaa_edu_4337/src/sysinit.o
 .debug_info    0x000105f4      0xdc8 out/libs/sapi/src/sapi_board.o
 .debug_info    0x000113bc      0x957 out/libs/sapi/src/sapi_datatypes.o
 .debug_info    0x00011d13      0xb22 out/libs/sapi/src/sapi_delay.o
 .debug_info    0x00012835     0x19d5 out/libs/sapi/src/sapi_gpio.o
 .debug_info    0x0001420a     0x1438 out/libs/sapi/src/sapi_tick.o
 .debug_info    0x00015642     0x1c99 out/libs/sapi/src/sapi_timer.o
 .debug_info    0x000172db     0x145b out/libs/sapi/src/sapi_uart.o

.debug_abbrev   0x00000000     0x39f8
 .debug_abbrev  0x00000000      0x245 out/app/src/Ascensor.o
 .debug_abbrev  0x00000245      0x277 out/app/src/MEFAscensorPuertas.o
 .debug_abbrev  0x000004bc      0x307 out/app/src/MEF_tecladoMatricial.o
 .debug_abbrev  0x000007c3      0x292 out/app/src/Test.o
 .debug_abbrev  0x00000a55      0x26e out/app/src/driverDisplay.o
 .debug_abbrev  0x00000cc3      0x276 out/app/src/modoConfiguracion.o
 .debug_abbrev  0x00000f39      0x1bf out/libs/lpc_chip_43xx/src/chip_18xx_43xx.o
 .debug_abbrev  0x000010f8      0x36f out/libs/lpc_chip_43xx/src/clock_18xx_43xx.o
 .debug_abbrev  0x00001467       0xa2 out/libs/lpc_chip_43xx/src/fpu_init.o
 .debug_abbrev  0x00001509      0x172 out/libs/lpc_chip_43xx/src/gpio_18xx_43xx.o
 .debug_abbrev  0x0000167b      0x20a out/libs/lpc_chip_43xx/src/sysinit_18xx_43xx.o
 .debug_abbrev  0x00001885      0x3b3 out/libs/lpc_chip_43xx/src/uart_18xx_43xx.o
 .debug_abbrev  0x00001c38      0x3d6 out/libs/lpc_board_ciaa_edu_4337/src/board.o
 .debug_abbrev  0x0000200e      0x2f8 out/libs/lpc_board_ciaa_edu_4337/src/board_sysinit.o
 .debug_abbrev  0x00002306      0x114 out/libs/lpc_board_ciaa_edu_4337/src/cr_startup_lpc43xx.o
 .debug_abbrev  0x0000241a       0x36 out/libs/lpc_board_ciaa_edu_4337/src/crp.o
 .debug_abbrev  0x00002450      0x1de out/libs/lpc_board_ciaa_edu_4337/src/sysinit.o
 .debug_abbrev  0x0000262e      0x214 out/libs/sapi/src/sapi_board.o
 .debug_abbrev  0x00002842      0x1c2 out/libs/sapi/src/sapi_datatypes.o
 .debug_abbrev  0x00002a04      0x241 out/libs/sapi/src/sapi_delay.o
 .debug_abbrev  0x00002c45      0x385 out/libs/sapi/src/sapi_gpio.o
 .debug_abbrev  0x00002fca      0x301 out/libs/sapi/src/sapi_tick.o
 .debug_abbrev  0x000032cb      0x3cd out/libs/sapi/src/sapi_timer.o
 .debug_abbrev  0x00003698      0x360 out/libs/sapi/src/sapi_uart.o

.debug_loc      0x00000000     0x4a8d
 .debug_loc     0x00000000       0x21 out/app/src/Ascensor.o
 .debug_loc     0x00000021       0x1f out/app/src/MEFAscensorPuertas.o
 .debug_loc     0x00000040      0x1e6 out/app/src/MEF_tecladoMatricial.o
 .debug_loc     0x00000226      0x1bc out/app/src/Test.o
 .debug_loc     0x000003e2       0xd8 out/app/src/driverDisplay.o
 .debug_loc     0x000004ba      0x1c3 out/app/src/modoConfiguracion.o
 .debug_loc     0x0000067d     0x1295 out/libs/lpc_chip_43xx/src/clock_18xx_43xx.o
 .debug_loc     0x00001912       0x2b out/libs/lpc_chip_43xx/src/fpu_init.o
 .debug_loc     0x0000193d      0x3d8 out/libs/lpc_chip_43xx/src/gpio_18xx_43xx.o
 .debug_loc     0x00001d15      0x14d out/libs/lpc_chip_43xx/src/sysinit_18xx_43xx.o
 .debug_loc     0x00001e62      0xd25 out/libs/lpc_chip_43xx/src/uart_18xx_43xx.o
 .debug_loc     0x00002b87      0x5e2 out/libs/lpc_board_ciaa_edu_4337/src/board.o
 .debug_loc     0x00003169       0xc3 out/libs/lpc_board_ciaa_edu_4337/src/board_sysinit.o
 .debug_loc     0x0000322c      0x206 out/libs/lpc_board_ciaa_edu_4337/src/cr_startup_lpc43xx.o
 .debug_loc     0x00003432       0x21 out/libs/sapi/src/sapi_datatypes.o
 .debug_loc     0x00003453      0x1af out/libs/sapi/src/sapi_delay.o
 .debug_loc     0x00003602      0x60e out/libs/sapi/src/sapi_gpio.o
 .debug_loc     0x00003c10      0x129 out/libs/sapi/src/sapi_tick.o
 .debug_loc     0x00003d39      0x7c0 out/libs/sapi/src/sapi_timer.o
 .debug_loc     0x000044f9      0x594 out/libs/sapi/src/sapi_uart.o

.debug_aranges  0x00000000      0x750
 .debug_aranges
                0x00000000       0x28 out/app/src/Ascensor.o
 .debug_aranges
                0x00000028       0x40 out/app/src/MEFAscensorPuertas.o
 .debug_aranges
                0x00000068       0x60 out/app/src/MEF_tecladoMatricial.o
 .debug_aranges
                0x000000c8       0x30 out/app/src/Test.o
 .debug_aranges
                0x000000f8       0x38 out/app/src/driverDisplay.o
 .debug_aranges
                0x00000130       0x28 out/app/src/modoConfiguracion.o
 .debug_aranges
                0x00000158       0x38 out/libs/lpc_chip_43xx/src/chip_18xx_43xx.o
 .debug_aranges
                0x00000190      0x128 out/libs/lpc_chip_43xx/src/clock_18xx_43xx.o
 .debug_aranges
                0x000002b8       0x20 out/libs/lpc_chip_43xx/src/fpu_init.o
 .debug_aranges
                0x000002d8       0x48 out/libs/lpc_chip_43xx/src/gpio_18xx_43xx.o
 .debug_aranges
                0x00000320       0x38 out/libs/lpc_chip_43xx/src/sysinit_18xx_43xx.o
 .debug_aranges
                0x00000358       0xa8 out/libs/lpc_chip_43xx/src/uart_18xx_43xx.o
 .debug_aranges
                0x00000400       0x90 out/libs/lpc_board_ciaa_edu_4337/src/board.o
 .debug_aranges
                0x00000490       0x30 out/libs/lpc_board_ciaa_edu_4337/src/board_sysinit.o
 .debug_aranges
                0x000004c0       0x80 out/libs/lpc_board_ciaa_edu_4337/src/cr_startup_lpc43xx.o
 .debug_aranges
                0x00000540       0x18 out/libs/lpc_board_ciaa_edu_4337/src/crp.o
 .debug_aranges
                0x00000558       0x20 out/libs/lpc_board_ciaa_edu_4337/src/sysinit.o
 .debug_aranges
                0x00000578       0x20 out/libs/sapi/src/sapi_board.o
 .debug_aranges
                0x00000598       0x20 out/libs/sapi/src/sapi_datatypes.o
 .debug_aranges
                0x000005b8       0x48 out/libs/sapi/src/sapi_delay.o
 .debug_aranges
                0x00000600       0x40 out/libs/sapi/src/sapi_gpio.o
 .debug_aranges
                0x00000640       0x38 out/libs/sapi/src/sapi_tick.o
 .debug_aranges
                0x00000678       0x78 out/libs/sapi/src/sapi_timer.o
 .debug_aranges
                0x000006f0       0x60 out/libs/sapi/src/sapi_uart.o

.debug_ranges   0x00000000      0x688
 .debug_ranges  0x00000000       0x18 out/app/src/Ascensor.o
 .debug_ranges  0x00000018       0x30 out/app/src/MEFAscensorPuertas.o
 .debug_ranges  0x00000048       0x50 out/app/src/MEF_tecladoMatricial.o
 .debug_ranges  0x00000098       0x20 out/app/src/Test.o
 .debug_ranges  0x000000b8       0x28 out/app/src/driverDisplay.o
 .debug_ranges  0x000000e0       0x18 out/app/src/modoConfiguracion.o
 .debug_ranges  0x000000f8       0x28 out/libs/lpc_chip_43xx/src/chip_18xx_43xx.o
 .debug_ranges  0x00000120      0x190 out/libs/lpc_chip_43xx/src/clock_18xx_43xx.o
 .debug_ranges  0x000002b0       0x10 out/libs/lpc_chip_43xx/src/fpu_init.o
 .debug_ranges  0x000002c0       0x38 out/libs/lpc_chip_43xx/src/gpio_18xx_43xx.o
 .debug_ranges  0x000002f8       0x28 out/libs/lpc_chip_43xx/src/sysinit_18xx_43xx.o
 .debug_ranges  0x00000320       0xb0 out/libs/lpc_chip_43xx/src/uart_18xx_43xx.o
 .debug_ranges  0x000003d0       0x80 out/libs/lpc_board_ciaa_edu_4337/src/board.o
 .debug_ranges  0x00000450       0x38 out/libs/lpc_board_ciaa_edu_4337/src/board_sysinit.o
 .debug_ranges  0x00000488       0x70 out/libs/lpc_board_ciaa_edu_4337/src/cr_startup_lpc43xx.o
 .debug_ranges  0x000004f8       0x10 out/libs/lpc_board_ciaa_edu_4337/src/sysinit.o
 .debug_ranges  0x00000508       0x10 out/libs/sapi/src/sapi_board.o
 .debug_ranges  0x00000518       0x10 out/libs/sapi/src/sapi_datatypes.o
 .debug_ranges  0x00000528       0x38 out/libs/sapi/src/sapi_delay.o
 .debug_ranges  0x00000560       0x30 out/libs/sapi/src/sapi_gpio.o
 .debug_ranges  0x00000590       0x28 out/libs/sapi/src/sapi_tick.o
 .debug_ranges  0x000005b8       0x80 out/libs/sapi/src/sapi_timer.o
 .debug_ranges  0x00000638       0x50 out/libs/sapi/src/sapi_uart.o

.debug_macro    0x00000000     0xaf66
 .debug_macro   0x00000000      0x548 out/app/src/Ascensor.o
 .debug_macro   0x00000548      0x8b0 out/app/src/Ascensor.o
 .debug_macro   0x00000df8       0x22 out/app/src/Ascensor.o
 .debug_macro   0x00000e1a       0x87 out/app/src/Ascensor.o
 .debug_macro   0x00000ea1       0x51 out/app/src/Ascensor.o
 .debug_macro   0x00000ef2       0xef out/app/src/Ascensor.o
 .debug_macro   0x00000fe1       0x6a out/app/src/Ascensor.o
 .debug_macro   0x0000104b      0x1df out/app/src/Ascensor.o
 .debug_macro   0x0000122a       0x10 out/app/src/Ascensor.o
 .debug_macro   0x0000123a       0x22 out/app/src/Ascensor.o
 .debug_macro   0x0000125c       0x66 out/app/src/Ascensor.o
 .debug_macro   0x000012c2       0x28 out/app/src/Ascensor.o
 .debug_macro   0x000012ea       0x3b out/app/src/Ascensor.o
 .debug_macro   0x00001325       0x2d out/app/src/Ascensor.o
 .debug_macro   0x00001352       0x42 out/app/src/Ascensor.o
 .debug_macro   0x00001394      0xd39 out/app/src/Ascensor.o
 .debug_macro   0x000020cd      0x2bc out/app/src/Ascensor.o
 .debug_macro   0x00002389      0x112 out/app/src/Ascensor.o
 .debug_macro   0x0000249b       0x11 out/app/src/Ascensor.o
 .debug_macro   0x000024ac       0x2a out/app/src/Ascensor.o
 .debug_macro   0x000024d6       0x16 out/app/src/Ascensor.o
 .debug_macro   0x000024ec      0x2e6 out/app/src/Ascensor.o
 .debug_macro   0x000027d2       0x82 out/app/src/Ascensor.o
 .debug_macro   0x00002854      0x13d out/app/src/Ascensor.o
 .debug_macro   0x00002991      0x198 out/app/src/Ascensor.o
 .debug_macro   0x00002b29       0x34 out/app/src/Ascensor.o
 .debug_macro   0x00002b5d       0x58 out/app/src/Ascensor.o
 .debug_macro   0x00002bb5      0x236 out/app/src/Ascensor.o
 .debug_macro   0x00002deb      0x572 out/app/src/Ascensor.o
 .debug_macro   0x0000335d       0x16 out/app/src/Ascensor.o
 .debug_macro   0x00003373      0x18a out/app/src/Ascensor.o
 .debug_macro   0x000034fd       0x88 out/app/src/Ascensor.o
 .debug_macro   0x00003585      0x1b9 out/app/src/Ascensor.o
 .debug_macro   0x0000373e      0x1da out/app/src/Ascensor.o
 .debug_macro   0x00003918       0x40 out/app/src/Ascensor.o
 .debug_macro   0x00003958       0x1c out/app/src/Ascensor.o
 .debug_macro   0x00003974       0x2e out/app/src/Ascensor.o
 .debug_macro   0x000039a2       0x2e out/app/src/Ascensor.o
 .debug_macro   0x000039d0       0x22 out/app/src/Ascensor.o
 .debug_macro   0x000039f2      0x201 out/app/src/Ascensor.o
 .debug_macro   0x00003bf3       0xe0 out/app/src/Ascensor.o
 .debug_macro   0x00003cd3      0x34c out/app/src/Ascensor.o
 .debug_macro   0x0000401f       0xdc out/app/src/Ascensor.o
 .debug_macro   0x000040fb       0xc4 out/app/src/Ascensor.o
 .debug_macro   0x000041bf       0x94 out/app/src/Ascensor.o
 .debug_macro   0x00004253       0xb8 out/app/src/Ascensor.o
 .debug_macro   0x0000430b       0x4c out/app/src/Ascensor.o
 .debug_macro   0x00004357       0x16 out/app/src/Ascensor.o
 .debug_macro   0x0000436d      0x328 out/app/src/Ascensor.o
 .debug_macro   0x00004695       0x3a out/app/src/Ascensor.o
 .debug_macro   0x000046cf       0xd0 out/app/src/Ascensor.o
 .debug_macro   0x0000479f       0x18 out/app/src/Ascensor.o
 .debug_macro   0x000047b7       0x22 out/app/src/Ascensor.o
 .debug_macro   0x000047d9       0x40 out/app/src/Ascensor.o
 .debug_macro   0x00004819       0x4c out/app/src/Ascensor.o
 .debug_macro   0x00004865       0x58 out/app/src/Ascensor.o
 .debug_macro   0x000048bd       0x35 out/app/src/Ascensor.o
 .debug_macro   0x000048f2       0x9c out/app/src/Ascensor.o
 .debug_macro   0x0000498e       0x16 out/app/src/Ascensor.o
 .debug_macro   0x000049a4       0x97 out/app/src/Ascensor.o
 .debug_macro   0x00004a3b      0x30d out/app/src/Ascensor.o
 .debug_macro   0x00004d48       0xfd out/app/src/Ascensor.o
 .debug_macro   0x00004e45       0x10 out/app/src/Ascensor.o
 .debug_macro   0x00004e55       0x58 out/app/src/Ascensor.o
 .debug_macro   0x00004ead       0x1f out/app/src/Ascensor.o
 .debug_macro   0x00004ecc       0x43 out/app/src/Ascensor.o
 .debug_macro   0x00004f0f       0x20 out/app/src/Ascensor.o
 .debug_macro   0x00004f2f      0x187 out/app/src/Ascensor.o
 .debug_macro   0x000050b6       0x10 out/app/src/Ascensor.o
 .debug_macro   0x000050c6       0x1c out/app/src/Ascensor.o
 .debug_macro   0x000050e2       0x52 out/app/src/Ascensor.o
 .debug_macro   0x00005134       0x40 out/app/src/Ascensor.o
 .debug_macro   0x00005174       0x10 out/app/src/Ascensor.o
 .debug_macro   0x00005184       0x40 out/app/src/Ascensor.o
 .debug_macro   0x000051c4       0xd7 out/app/src/Ascensor.o
 .debug_macro   0x0000529b       0x16 out/app/src/Ascensor.o
 .debug_macro   0x000052b1      0x18b out/app/src/Ascensor.o
 .debug_macro   0x0000543c       0x20 out/app/src/Ascensor.o
 .debug_macro   0x0000545c       0x28 out/app/src/Ascensor.o
 .debug_macro   0x00005484       0x16 out/app/src/Ascensor.o
 .debug_macro   0x0000549a       0x3a out/app/src/Ascensor.o
 .debug_macro   0x000054d4       0x10 out/app/src/Ascensor.o
 .debug_macro   0x000054e4       0x70 out/app/src/Ascensor.o
 .debug_macro   0x00005554       0x76 out/app/src/Ascensor.o
 .debug_macro   0x000055ca      0x56a out/app/src/MEFAscensorPuertas.o
 .debug_macro   0x00005b34      0x52b out/app/src/MEF_tecladoMatricial.o
 .debug_macro   0x0000605f      0x534 out/app/src/Test.o
 .debug_macro   0x00006593      0x5d4 out/app/src/driverDisplay.o
 .debug_macro   0x00006b67       0x16 out/app/src/driverDisplay.o
 .debug_macro   0x00006b7d       0x35 out/app/src/driverDisplay.o
 .debug_macro   0x00006bb2       0x16 out/app/src/driverDisplay.o
 .debug_macro   0x00006bc8       0x29 out/app/src/driverDisplay.o
 .debug_macro   0x00006bf1      0x534 out/app/src/modoConfiguracion.o
 .debug_macro   0x00007125      0x301 out/libs/lpc_chip_43xx/src/chip_18xx_43xx.o
 .debug_macro   0x00007426      0x307 out/libs/lpc_chip_43xx/src/clock_18xx_43xx.o
 .debug_macro   0x0000772d       0xe7 out/libs/lpc_chip_43xx/src/fpu_init.o
 .debug_macro   0x00007814      0x301 out/libs/lpc_chip_43xx/src/gpio_18xx_43xx.o
 .debug_macro   0x00007b15      0x301 out/libs/lpc_chip_43xx/src/sysinit_18xx_43xx.o
 .debug_macro   0x00007e16      0x301 out/libs/lpc_chip_43xx/src/uart_18xx_43xx.o
 .debug_macro   0x00008117      0x499 out/libs/lpc_board_ciaa_edu_4337/src/board.o
 .debug_macro   0x000085b0       0x46 out/libs/lpc_board_ciaa_edu_4337/src/board.o
 .debug_macro   0x000085f6       0x16 out/libs/lpc_board_ciaa_edu_4337/src/board.o
 .debug_macro   0x0000860c      0x472 out/libs/lpc_board_ciaa_edu_4337/src/board_sysinit.o
 .debug_macro   0x00008a7e       0x1d out/libs/lpc_board_ciaa_edu_4337/src/cr_startup_lpc43xx.o
 .debug_macro   0x00008a9b       0x17 out/libs/lpc_board_ciaa_edu_4337/src/crp.o
 .debug_macro   0x00008ab2      0x472 out/libs/lpc_board_ciaa_edu_4337/src/sysinit.o
 .debug_macro   0x00008f24      0x4a3 out/libs/sapi/src/sapi_board.o
 .debug_macro   0x000093c7      0x47b out/libs/sapi/src/sapi_datatypes.o
 .debug_macro   0x00009842      0x494 out/libs/sapi/src/sapi_delay.o
 .debug_macro   0x00009cd6       0x10 out/libs/sapi/src/sapi_delay.o
 .debug_macro   0x00009ce6      0x48f out/libs/sapi/src/sapi_gpio.o
 .debug_macro   0x0000a175      0x485 out/libs/sapi/src/sapi_tick.o
 .debug_macro   0x0000a5fa      0x49b out/libs/sapi/src/sapi_timer.o
 .debug_macro   0x0000aa95      0x4d1 out/libs/sapi/src/sapi_uart.o

.debug_line     0x00000000     0xbece
 .debug_line    0x00000000      0x97a out/app/src/Ascensor.o
 .debug_line    0x0000097a      0xa2d out/app/src/MEFAscensorPuertas.o
 .debug_line    0x000013a7      0xa7e out/app/src/MEF_tecladoMatricial.o
 .debug_line    0x00001e25      0x9a4 out/app/src/Test.o
 .debug_line    0x000027c9      0xa14 out/app/src/driverDisplay.o
 .debug_line    0x000031dd      0x9de out/app/src/modoConfiguracion.o
 .debug_line    0x00003bbb      0x6bd out/libs/lpc_chip_43xx/src/chip_18xx_43xx.o
 .debug_line    0x00004278      0xa93 out/libs/lpc_chip_43xx/src/clock_18xx_43xx.o
 .debug_line    0x00004d0b      0x279 out/libs/lpc_chip_43xx/src/fpu_init.o
 .debug_line    0x00004f84      0x6e5 out/libs/lpc_chip_43xx/src/gpio_18xx_43xx.o
 .debug_line    0x00005669      0x733 out/libs/lpc_chip_43xx/src/sysinit_18xx_43xx.o
 .debug_line    0x00005d9c      0x95b out/libs/lpc_chip_43xx/src/uart_18xx_43xx.o
 .debug_line    0x000066f7      0x977 out/libs/lpc_board_ciaa_edu_4337/src/board.o
 .debug_line    0x0000706e      0x830 out/libs/lpc_board_ciaa_edu_4337/src/board_sysinit.o
 .debug_line    0x0000789e       0xe0 out/libs/lpc_board_ciaa_edu_4337/src/cr_startup_lpc43xx.o
 .debug_line    0x0000797e       0x47 out/libs/lpc_board_ciaa_edu_4337/src/crp.o
 .debug_line    0x000079c5      0x7d0 out/libs/lpc_board_ciaa_edu_4337/src/sysinit.o
 .debug_line    0x00008195      0x843 out/libs/sapi/src/sapi_board.o
 .debug_line    0x000089d8      0x7e3 out/libs/sapi/src/sapi_datatypes.o
 .debug_line    0x000091bb      0x883 out/libs/sapi/src/sapi_delay.o
 .debug_line    0x00009a3e      0x8ef out/libs/sapi/src/sapi_gpio.o
 .debug_line    0x0000a32d      0x845 out/libs/sapi/src/sapi_tick.o
 .debug_line    0x0000ab72      0x9da out/libs/sapi/src/sapi_timer.o
 .debug_line    0x0000b54c      0x982 out/libs/sapi/src/sapi_uart.o

.debug_str      0x00000000    0x1c9df
 .debug_str     0x00000000    0x19bb5 out/app/src/Ascensor.o
                              0x19ee8 (size before relaxing)
 .debug_str     0x00019bb5      0x267 out/app/src/MEFAscensorPuertas.o
                              0x1a03c (size before relaxing)
 .debug_str     0x00019e1c      0x29d out/app/src/MEF_tecladoMatricial.o
                              0x19ca3 (size before relaxing)
 .debug_str     0x0001a0b9       0x6b out/app/src/Test.o
                              0x19d80 (size before relaxing)
 .debug_str     0x0001a124      0x2a1 out/app/src/driverDisplay.o
                              0x1a04d (size before relaxing)
 .debug_str     0x0001a3c5       0x9f out/app/src/modoConfiguracion.o
                              0x19cad (size before relaxing)
 .debug_str     0x0001a464      0x3af out/libs/lpc_chip_43xx/src/chip_18xx_43xx.o
                              0x1561c (size before relaxing)
 .debug_str     0x0001a813      0x558 out/libs/lpc_chip_43xx/src/clock_18xx_43xx.o
                              0x15ade (size before relaxing)
 .debug_str     0x0001ad6b       0xc5 out/libs/lpc_chip_43xx/src/fpu_init.o
                               0x90d9 (size before relaxing)
 .debug_str     0x0001ae30      0x14a out/libs/lpc_chip_43xx/src/gpio_18xx_43xx.o
                              0x1496a (size before relaxing)
 .debug_str     0x0001af7a       0xf7 out/libs/lpc_chip_43xx/src/sysinit_18xx_43xx.o
                              0x1557a (size before relaxing)
 .debug_str     0x0001b071      0x463 out/libs/lpc_chip_43xx/src/uart_18xx_43xx.o
                              0x1572c (size before relaxing)
 .debug_str     0x0001b4d4      0x572 out/libs/lpc_board_ciaa_edu_4337/src/board.o
                              0x19c1e (size before relaxing)
 .debug_str     0x0001ba46       0xdf out/libs/lpc_board_ciaa_edu_4337/src/board_sysinit.o
                              0x197c8 (size before relaxing)
 .debug_str     0x0001bb25      0x20c out/libs/lpc_board_ciaa_edu_4337/src/cr_startup_lpc43xx.o
                               0x2770 (size before relaxing)
 .debug_str     0x0001bd31       0x46 out/libs/lpc_board_ciaa_edu_4337/src/crp.o
                               0x2586 (size before relaxing)
 .debug_str     0x0001bd77       0x35 out/libs/lpc_board_ciaa_edu_4337/src/sysinit.o
                              0x189ef (size before relaxing)
 .debug_str     0x0001bdac       0x1b out/libs/sapi/src/sapi_board.o
                              0x18c24 (size before relaxing)
 .debug_str     0x0001bdc7       0x30 out/libs/sapi/src/sapi_datatypes.o
                              0x18a27 (size before relaxing)
 .debug_str     0x0001bdf7       0x88 out/libs/sapi/src/sapi_delay.o
                              0x18b28 (size before relaxing)
 .debug_str     0x0001be7f       0xf5 out/libs/sapi/src/sapi_gpio.o
                              0x19811 (size before relaxing)
 .debug_str     0x0001bf74      0x457 out/libs/sapi/src/sapi_tick.o
                              0x19913 (size before relaxing)
 .debug_str     0x0001c3cb      0x3fd out/libs/sapi/src/sapi_timer.o
                              0x19c5b (size before relaxing)
 .debug_str     0x0001c7c8      0x217 out/libs/sapi/src/sapi_uart.o
                              0x18eec (size before relaxing)

.comment        0x00000000       0x7f
 .comment       0x00000000       0x7f out/app/src/Ascensor.o
                                 0x80 (size before relaxing)
 .comment       0x0000007f       0x80 out/app/src/MEFAscensorPuertas.o
 .comment       0x0000007f       0x80 out/app/src/MEF_tecladoMatricial.o
 .comment       0x0000007f       0x80 out/app/src/Test.o
 .comment       0x0000007f       0x80 out/app/src/driverDisplay.o
 .comment       0x0000007f       0x80 out/app/src/modoConfiguracion.o
 .comment       0x0000007f       0x80 out/libs/lpc_chip_43xx/src/chip_18xx_43xx.o
 .comment       0x0000007f       0x80 out/libs/lpc_chip_43xx/src/clock_18xx_43xx.o
 .comment       0x0000007f       0x80 out/libs/lpc_chip_43xx/src/fpu_init.o
 .comment       0x0000007f       0x80 out/libs/lpc_chip_43xx/src/gpio_18xx_43xx.o
 .comment       0x0000007f       0x80 out/libs/lpc_chip_43xx/src/sysinit_18xx_43xx.o
 .comment       0x0000007f       0x80 out/libs/lpc_chip_43xx/src/uart_18xx_43xx.o
 .comment       0x0000007f       0x80 out/libs/lpc_board_ciaa_edu_4337/src/board.o
 .comment       0x0000007f       0x80 out/libs/lpc_board_ciaa_edu_4337/src/board_sysinit.o
 .comment       0x0000007f       0x80 out/libs/lpc_board_ciaa_edu_4337/src/cr_startup_lpc43xx.o
 .comment       0x0000007f       0x80 out/libs/lpc_board_ciaa_edu_4337/src/crp.o
 .comment       0x0000007f       0x80 out/libs/lpc_board_ciaa_edu_4337/src/sysinit.o
 .comment       0x0000007f       0x80 out/libs/sapi/src/sapi_board.o
 .comment       0x0000007f       0x80 out/libs/sapi/src/sapi_datatypes.o
 .comment       0x0000007f       0x80 out/libs/sapi/src/sapi_delay.o
 .comment       0x0000007f       0x80 out/libs/sapi/src/sapi_gpio.o
 .comment       0x0000007f       0x80 out/libs/sapi/src/sapi_tick.o
 .comment       0x0000007f       0x80 out/libs/sapi/src/sapi_timer.o
 .comment       0x0000007f       0x80 out/libs/sapi/src/sapi_uart.o

.ARM.attributes
                0x00000000       0x39
 .ARM.attributes
                0x00000000       0x39 out/app/src/Ascensor.o
 .ARM.attributes
                0x00000039       0x39 out/app/src/MEFAscensorPuertas.o
 .ARM.attributes
                0x00000072       0x39 out/app/src/MEF_tecladoMatricial.o
 .ARM.attributes
                0x000000ab       0x39 out/app/src/Test.o
 .ARM.attributes
                0x000000e4       0x39 out/app/src/driverDisplay.o
 .ARM.attributes
                0x0000011d       0x39 out/app/src/modoConfiguracion.o
 .ARM.attributes
                0x00000156       0x39 out/libs/lpc_chip_43xx/src/chip_18xx_43xx.o
 .ARM.attributes
                0x0000018f       0x39 out/libs/lpc_chip_43xx/src/clock_18xx_43xx.o
 .ARM.attributes
                0x000001c8       0x39 out/libs/lpc_chip_43xx/src/fpu_init.o
 .ARM.attributes
                0x00000201       0x39 out/libs/lpc_chip_43xx/src/gpio_18xx_43xx.o
 .ARM.attributes
                0x0000023a       0x39 out/libs/lpc_chip_43xx/src/sysinit_18xx_43xx.o
 .ARM.attributes
                0x00000273       0x39 out/libs/lpc_chip_43xx/src/uart_18xx_43xx.o
 .ARM.attributes
                0x000002ac       0x39 out/libs/lpc_board_ciaa_edu_4337/src/board.o
 .ARM.attributes
                0x000002e5       0x39 out/libs/lpc_board_ciaa_edu_4337/src/board_sysinit.o
 .ARM.attributes
                0x0000031e       0x39 out/libs/lpc_board_ciaa_edu_4337/src/cr_startup_lpc43xx.o
 .ARM.attributes
                0x00000357       0x39 out/libs/lpc_board_ciaa_edu_4337/src/crp.o
 .ARM.attributes
                0x00000390       0x39 out/libs/lpc_board_ciaa_edu_4337/src/sysinit.o
 .ARM.attributes
                0x000003c9       0x39 out/libs/sapi/src/sapi_board.o
 .ARM.attributes
                0x00000402       0x39 out/libs/sapi/src/sapi_datatypes.o
 .ARM.attributes
                0x0000043b       0x39 out/libs/sapi/src/sapi_delay.o
 .ARM.attributes
                0x00000474       0x39 out/libs/sapi/src/sapi_gpio.o
 .ARM.attributes
                0x000004ad       0x39 out/libs/sapi/src/sapi_tick.o
 .ARM.attributes
                0x000004e6       0x39 out/libs/sapi/src/sapi_timer.o
 .ARM.attributes
                0x0000051f       0x39 out/libs/sapi/src/sapi_uart.o
 .ARM.attributes
                0x00000558       0x22 c:/ciaa/embeddedide/gcc-arm-embedded/bin/../lib/gcc/arm-none-eabi/6.3.1/thumb/v7e-m/fpv4-sp/hard\libgcc.a(_aeabi_uldivmod.o)
 .ARM.attributes
                0x0000057a       0x34 c:/ciaa/embeddedide/gcc-arm-embedded/bin/../lib/gcc/arm-none-eabi/6.3.1/thumb/v7e-m/fpv4-sp/hard\libgcc.a(_udivmoddi4.o)
 .ARM.attributes
                0x000005ae       0x22 c:/ciaa/embeddedide/gcc-arm-embedded/bin/../lib/gcc/arm-none-eabi/6.3.1/thumb/v7e-m/fpv4-sp/hard\libgcc.a(_dvmd_tls.o)
 .ARM.attributes
                0x000005d0       0x34 c:/ciaa/embeddedide/gcc-arm-embedded/bin/../lib/gcc/arm-none-eabi/6.3.1/../../../../arm-none-eabi/lib/thumb/v7e-m/fpv4-sp/hard\libc_nano.a(lib_a-memset.o)

.debug_frame    0x00000000     0x10d4
 .debug_frame   0x00000000       0x40 out/app/src/Ascensor.o
 .debug_frame   0x00000040       0x80 out/app/src/MEFAscensorPuertas.o
 .debug_frame   0x000000c0       0xd0 out/app/src/MEF_tecladoMatricial.o
 .debug_frame   0x00000190       0x78 out/app/src/Test.o
 .debug_frame   0x00000208       0x74 out/app/src/driverDisplay.o
 .debug_frame   0x0000027c       0x6c out/app/src/modoConfiguracion.o
 .debug_frame   0x000002e8       0x70 out/libs/lpc_chip_43xx/src/chip_18xx_43xx.o
 .debug_frame   0x00000358      0x314 out/libs/lpc_chip_43xx/src/clock_18xx_43xx.o
 .debug_frame   0x0000066c       0x2c out/libs/lpc_chip_43xx/src/fpu_init.o
 .debug_frame   0x00000698       0x88 out/libs/lpc_chip_43xx/src/gpio_18xx_43xx.o
 .debug_frame   0x00000720       0x7c out/libs/lpc_chip_43xx/src/sysinit_18xx_43xx.o
 .debug_frame   0x0000079c      0x1f4 out/libs/lpc_chip_43xx/src/uart_18xx_43xx.o
 .debug_frame   0x00000990      0x138 out/libs/lpc_board_ciaa_edu_4337/src/board.o
 .debug_frame   0x00000ac8       0x5c out/libs/lpc_board_ciaa_edu_4337/src/board_sysinit.o
 .debug_frame   0x00000b24       0xf4 out/libs/lpc_board_ciaa_edu_4337/src/cr_startup_lpc43xx.o
 .debug_frame   0x00000c18       0x28 out/libs/lpc_board_ciaa_edu_4337/src/sysinit.o
 .debug_frame   0x00000c40       0x28 out/libs/sapi/src/sapi_board.o
 .debug_frame   0x00000c68       0x20 out/libs/sapi/src/sapi_datatypes.o
 .debug_frame   0x00000c88       0xbc out/libs/sapi/src/sapi_delay.o
 .debug_frame   0x00000d44       0xa4 out/libs/sapi/src/sapi_gpio.o
 .debug_frame   0x00000de8       0x60 out/libs/sapi/src/sapi_tick.o
 .debug_frame   0x00000e48      0x134 out/libs/sapi/src/sapi_timer.o
 .debug_frame   0x00000f7c       0xd8 out/libs/sapi/src/sapi_uart.o
 .debug_frame   0x00001054       0x2c c:/ciaa/embeddedide/gcc-arm-embedded/bin/../lib/gcc/arm-none-eabi/6.3.1/thumb/v7e-m/fpv4-sp/hard\libgcc.a(_aeabi_uldivmod.o)
 .debug_frame   0x00001080       0x34 c:/ciaa/embeddedide/gcc-arm-embedded/bin/../lib/gcc/arm-none-eabi/6.3.1/thumb/v7e-m/fpv4-sp/hard\libgcc.a(_udivmoddi4.o)
 .debug_frame   0x000010b4       0x20 c:/ciaa/embeddedide/gcc-arm-embedded/bin/../lib/gcc/arm-none-eabi/6.3.1/../../../../arm-none-eabi/lib/thumb/v7e-m/fpv4-sp/hard\libc_nano.a(lib_a-memset.o)

Cross Reference Table

Symbol                                            File
ADC0_IRQHandler                                   out/libs/lpc_board_ciaa_edu_4337/src/cr_startup_lpc43xx.o
ADC1_IRQHandler                                   out/libs/lpc_board_ciaa_edu_4337/src/cr_startup_lpc43xx.o
ADCHS_IRQHandler                                  out/libs/lpc_board_ciaa_edu_4337/src/cr_startup_lpc43xx.o
ATIMER_IRQHandler                                 out/libs/lpc_board_ciaa_edu_4337/src/cr_startup_lpc43xx.o
ActualizaMEFPuerta                                out/app/src/MEFAscensorPuertas.o
                                                  out/app/src/Ascensor.o
ActualizaMEFScanTecla                             out/app/src/MEF_tecladoMatricial.o
ActualizarDisplay                                 out/app/src/driverDisplay.o
                                                  out/app/src/Ascensor.o
ActualizarMEFAsc                                  out/app/src/MEFAscensorPuertas.o
                                                  out/app/src/Ascensor.o
ActualizarMEF_tecladoMatricial                    out/app/src/MEF_tecladoMatricial.o
                                                  out/app/src/Ascensor.o
Board_DAC_Init                                    out/libs/lpc_board_ciaa_edu_4337/src/board.o
Board_Debug_Init                                  out/libs/lpc_board_ciaa_edu_4337/src/board.o
Board_ENET_GetMacADDR                             out/libs/lpc_board_ciaa_edu_4337/src/board.o
Board_I2C_Init                                    out/libs/lpc_board_ciaa_edu_4337/src/board.o
Board_Init                                        out/libs/lpc_board_ciaa_edu_4337/src/board.o
                                                  out/libs/sapi/src/sapi_board.o
Board_LED_Set                                     out/libs/lpc_board_ciaa_edu_4337/src/board.o
Board_LED_Test                                    out/libs/lpc_board_ciaa_edu_4337/src/board.o
Board_LED_Toggle                                  out/libs/lpc_board_ciaa_edu_4337/src/board.o
Board_SDMMC_Init                                  out/libs/lpc_board_ciaa_edu_4337/src/board.o
Board_SSP_Init                                    out/libs/lpc_board_ciaa_edu_4337/src/board.o
Board_SetupClocking                               out/libs/lpc_board_ciaa_edu_4337/src/board_sysinit.o
Board_SetupMuxing                                 out/libs/lpc_board_ciaa_edu_4337/src/board_sysinit.o
Board_SystemInit                                  out/libs/lpc_board_ciaa_edu_4337/src/board_sysinit.o
                                                  out/libs/lpc_board_ciaa_edu_4337/src/sysinit.o
Board_UARTGetChar                                 out/libs/lpc_board_ciaa_edu_4337/src/board.o
                                                  out/libs/lpc_board_ciaa_edu_4337/src/system.o
Board_UARTPutChar                                 out/libs/lpc_board_ciaa_edu_4337/src/board.o
                                                  out/libs/lpc_board_ciaa_edu_4337/src/system.o
Board_UARTPutSTR                                  out/libs/lpc_board_ciaa_edu_4337/src/board.o
Board_UART_Init                                   out/libs/lpc_board_ciaa_edu_4337/src/board.o
BusFault_Handler                                  out/libs/lpc_board_ciaa_edu_4337/src/cr_startup_lpc43xx.o
CAN0_IRQHandler                                   out/libs/lpc_board_ciaa_edu_4337/src/cr_startup_lpc43xx.o
CAN1_IRQHandler                                   out/libs/lpc_board_ciaa_edu_4337/src/cr_startup_lpc43xx.o
CRP_WORD                                          out/libs/lpc_board_ciaa_edu_4337/src/crp.o
CargaNuevoPiso                                    out/app/src/MEFAscensorPuertas.o
Chip_ADC_DeInit                                   out/libs/lpc_chip_43xx/src/adc_18xx_43xx.o
                                                  out/libs/sapi/src/sapi_adc.o
Chip_ADC_EnableChannel                            out/libs/lpc_chip_43xx/src/adc_18xx_43xx.o
                                                  out/libs/sapi/src/sapi_adc.o
Chip_ADC_Init                                     out/libs/lpc_chip_43xx/src/adc_18xx_43xx.o
                                                  out/libs/sapi/src/sapi_adc.o
Chip_ADC_Int_SetChannelCmd                        out/libs/lpc_chip_43xx/src/adc_18xx_43xx.o
                                                  out/libs/sapi/src/sapi_adc.o
Chip_ADC_ReadByte                                 out/libs/lpc_chip_43xx/src/adc_18xx_43xx.o
Chip_ADC_ReadStatus                               out/libs/lpc_chip_43xx/src/adc_18xx_43xx.o
                                                  out/libs/sapi/src/sapi_adc.o
Chip_ADC_ReadValue                                out/libs/lpc_chip_43xx/src/adc_18xx_43xx.o
                                                  out/libs/sapi/src/sapi_adc.o
Chip_ADC_SetBurstCmd                              out/libs/lpc_chip_43xx/src/adc_18xx_43xx.o
                                                  out/libs/sapi/src/sapi_adc.o
Chip_ADC_SetResolution                            out/libs/lpc_chip_43xx/src/adc_18xx_43xx.o
Chip_ADC_SetSampleRate                            out/libs/lpc_chip_43xx/src/adc_18xx_43xx.o
                                                  out/libs/sapi/src/sapi_adc.o
Chip_ADC_SetStartMode                             out/libs/lpc_chip_43xx/src/adc_18xx_43xx.o
                                                  out/libs/sapi/src/sapi_adc.o
Chip_AES_Config_DMA                               out/libs/lpc_chip_43xx/src/aes_18xx_43xx.o
Chip_AES_GetStatusDMA                             out/libs/lpc_chip_43xx/src/aes_18xx_43xx.o
Chip_AES_Init                                     out/libs/lpc_chip_43xx/src/aes_18xx_43xx.o
Chip_AES_LoadIV_IC                                out/libs/lpc_chip_43xx/src/aes_18xx_43xx.o
Chip_AES_LoadIV_SW                                out/libs/lpc_chip_43xx/src/aes_18xx_43xx.o
Chip_AES_LoadKey                                  out/libs/lpc_chip_43xx/src/aes_18xx_43xx.o
Chip_AES_LoadKeyRNG                               out/libs/lpc_chip_43xx/src/aes_18xx_43xx.o
Chip_AES_LoadKeySW                                out/libs/lpc_chip_43xx/src/aes_18xx_43xx.o
Chip_AES_Operate                                  out/libs/lpc_chip_43xx/src/aes_18xx_43xx.o
Chip_AES_OperateDMA                               out/libs/lpc_chip_43xx/src/aes_18xx_43xx.o
Chip_AES_ProgramKey                               out/libs/lpc_chip_43xx/src/aes_18xx_43xx.o
Chip_AES_SetMode                                  out/libs/lpc_chip_43xx/src/aes_18xx_43xx.o
Chip_ATIMER_DeInit                                out/libs/lpc_chip_43xx/src/atimer_18xx_43xx.o
Chip_ATIMER_Init                                  out/libs/lpc_chip_43xx/src/atimer_18xx_43xx.o
Chip_CCAN_AddReceiveID                            out/libs/lpc_chip_43xx/src/ccan_18xx_43xx.o
Chip_CCAN_ClearStatus                             out/libs/lpc_chip_43xx/src/ccan_18xx_43xx.o
Chip_CCAN_DeInit                                  out/libs/lpc_chip_43xx/src/ccan_18xx_43xx.o
Chip_CCAN_DeleteReceiveID                         out/libs/lpc_chip_43xx/src/ccan_18xx_43xx.o
Chip_CCAN_GetMsgObject                            out/libs/lpc_chip_43xx/src/ccan_18xx_43xx.o
Chip_CCAN_Init                                    out/libs/lpc_chip_43xx/src/ccan_18xx_43xx.o
Chip_CCAN_Send                                    out/libs/lpc_chip_43xx/src/ccan_18xx_43xx.o
Chip_CCAN_SetBitRate                              out/libs/lpc_chip_43xx/src/ccan_18xx_43xx.o
Chip_CCAN_SetMsgObject                            out/libs/lpc_chip_43xx/src/ccan_18xx_43xx.o
Chip_CCAN_SetValidMsg                             out/libs/lpc_chip_43xx/src/ccan_18xx_43xx.o
Chip_CCAN_TransferMsgObject                       out/libs/lpc_chip_43xx/src/ccan_18xx_43xx.o
Chip_Clock_CalcMainPLLValue                       out/libs/lpc_chip_43xx/src/clock_18xx_43xx.o
                                                  out/libs/lpc_chip_43xx/src/sysinit_18xx_43xx.o
Chip_Clock_ClearPowerDown                         out/libs/lpc_chip_43xx/src/clock_18xx_43xx.o
Chip_Clock_Disable                                out/libs/lpc_chip_43xx/src/clock_18xx_43xx.o
                                                  out/libs/lpc_chip_43xx/src/uart_18xx_43xx.o
                                                  out/libs/lpc_chip_43xx/src/timer_18xx_43xx.o
                                                  out/libs/lpc_chip_43xx/src/ssp_18xx_43xx.o
                                                  out/libs/lpc_chip_43xx/src/spi_18xx_43xx.o
                                                  out/libs/lpc_chip_43xx/src/sdif_18xx_43xx.o
                                                  out/libs/lpc_chip_43xx/src/sct_18xx_43xx.o
                                                  out/libs/lpc_chip_43xx/src/ritimer_18xx_43xx.o
                                                  out/libs/lpc_chip_43xx/src/lcd_18xx_43xx.o
                                                  out/libs/lpc_chip_43xx/src/i2s_18xx_43xx.o
                                                  out/libs/lpc_chip_43xx/src/i2cm_18xx_43xx.o
                                                  out/libs/lpc_chip_43xx/src/i2c_18xx_43xx.o
                                                  out/libs/lpc_chip_43xx/src/hsadc_18xx_43xx.o
                                                  out/libs/lpc_chip_43xx/src/gpdma_18xx_43xx.o
                                                  out/libs/lpc_chip_43xx/src/enet_18xx_43xx.o
                                                  out/libs/lpc_chip_43xx/src/dac_18xx_43xx.o
                                                  out/libs/lpc_chip_43xx/src/ccan_18xx_43xx.o
                                                  out/libs/lpc_chip_43xx/src/adc_18xx_43xx.o
Chip_Clock_DisableBaseClock                       out/libs/lpc_chip_43xx/src/clock_18xx_43xx.o
Chip_Clock_DisableCrystal                         out/libs/lpc_chip_43xx/src/clock_18xx_43xx.o
Chip_Clock_DisablePLL                             out/libs/lpc_chip_43xx/src/clock_18xx_43xx.o
Chip_Clock_Enable                                 out/libs/lpc_chip_43xx/src/clock_18xx_43xx.o
                                                  out/libs/lpc_chip_43xx/src/timer_18xx_43xx.o
                                                  out/libs/lpc_chip_43xx/src/ssp_18xx_43xx.o
                                                  out/libs/lpc_chip_43xx/src/spi_18xx_43xx.o
                                                  out/libs/lpc_chip_43xx/src/i2s_18xx_43xx.o
                                                  out/libs/lpc_chip_43xx/src/i2cm_18xx_43xx.o
                                                  out/libs/lpc_chip_43xx/src/i2c_18xx_43xx.o
                                                  out/libs/lpc_chip_43xx/src/hsadc_18xx_43xx.o
Chip_Clock_EnableBaseClock                        out/libs/lpc_chip_43xx/src/clock_18xx_43xx.o
                                                  out/libs/lpc_chip_43xx/src/chip_18xx_43xx.o
Chip_Clock_EnableCrystal                          out/libs/lpc_chip_43xx/src/clock_18xx_43xx.o
                                                  out/libs/lpc_chip_43xx/src/sysinit_18xx_43xx.o
Chip_Clock_EnableOpts                             out/libs/lpc_chip_43xx/src/clock_18xx_43xx.o
                                                  out/libs/lpc_chip_43xx/src/uart_18xx_43xx.o
                                                  out/libs/lpc_chip_43xx/src/sdif_18xx_43xx.o
                                                  out/libs/lpc_chip_43xx/src/sct_18xx_43xx.o
                                                  out/libs/lpc_chip_43xx/src/ritimer_18xx_43xx.o
                                                  out/libs/lpc_chip_43xx/src/lcd_18xx_43xx.o
                                                  out/libs/lpc_chip_43xx/src/hsadc_18xx_43xx.o
                                                  out/libs/lpc_chip_43xx/src/gpdma_18xx_43xx.o
                                                  out/libs/lpc_chip_43xx/src/enet_18xx_43xx.o
                                                  out/libs/lpc_chip_43xx/src/dac_18xx_43xx.o
                                                  out/libs/lpc_chip_43xx/src/chip_18xx_43xx.o
                                                  out/libs/lpc_chip_43xx/src/ccan_18xx_43xx.o
                                                  out/libs/lpc_chip_43xx/src/adc_18xx_43xx.o
Chip_Clock_EnablePLL                              out/libs/lpc_chip_43xx/src/clock_18xx_43xx.o
                                                  out/libs/lpc_chip_43xx/src/chip_18xx_43xx.o
Chip_Clock_GetBaseClock                           out/libs/lpc_chip_43xx/src/clock_18xx_43xx.o
Chip_Clock_GetBaseClockOpts                       out/libs/lpc_chip_43xx/src/clock_18xx_43xx.o
Chip_Clock_GetBaseClocktHz                        out/libs/lpc_chip_43xx/src/clock_18xx_43xx.o
                                                  out/libs/lpc_chip_43xx/src/sdmmc_18xx_43xx.o
                                                  out/libs/lpc_chip_43xx/src/sdio_18xx_43xx.o
Chip_Clock_GetClockInputHz                        out/libs/lpc_chip_43xx/src/clock_18xx_43xx.o
                                                  out/libs/lpc_chip_43xx/src/chip_18xx_43xx.o
Chip_Clock_GetDividerDivisor                      out/libs/lpc_chip_43xx/src/clock_18xx_43xx.o
Chip_Clock_GetDividerSource                       out/libs/lpc_chip_43xx/src/clock_18xx_43xx.o
Chip_Clock_GetEMCRate                             out/libs/lpc_chip_43xx/src/clock_18xx_43xx.o
                                                  out/libs/lpc_chip_43xx/src/emc_18xx_43xx.o
Chip_Clock_GetMainPLLHz                           out/libs/lpc_chip_43xx/src/clock_18xx_43xx.o
Chip_Clock_GetPLLStatus                           out/libs/lpc_chip_43xx/src/clock_18xx_43xx.o
                                                  out/libs/lpc_chip_43xx/src/chip_18xx_43xx.o
Chip_Clock_GetRate                                out/libs/lpc_chip_43xx/src/clock_18xx_43xx.o
                                                  out/libs/lpc_chip_43xx/src/uart_18xx_43xx.o
                                                  out/libs/lpc_chip_43xx/src/stopwatch_18xx_43xx.o
                                                  out/libs/lpc_chip_43xx/src/ssp_18xx_43xx.o
                                                  out/libs/lpc_chip_43xx/src/spi_18xx_43xx.o
                                                  out/libs/lpc_chip_43xx/src/sct_pwm_18xx_43xx.o
                                                  out/libs/lpc_chip_43xx/src/ritimer_18xx_43xx.o
                                                  out/libs/lpc_chip_43xx/src/i2s_18xx_43xx.o
                                                  out/libs/lpc_chip_43xx/src/i2cm_18xx_43xx.o
                                                  out/libs/lpc_chip_43xx/src/i2c_18xx_43xx.o
                                                  out/libs/lpc_chip_43xx/src/hsadc_18xx_43xx.o
                                                  out/libs/lpc_chip_43xx/src/eeprom_18xx_43xx.o
                                                  out/libs/lpc_chip_43xx/src/chip_18xx_43xx.o
                                                  out/libs/lpc_chip_43xx/src/ccan_18xx_43xx.o
                                                  out/libs/lpc_chip_43xx/src/adc_18xx_43xx.o
Chip_Clock_IsBaseClockEnabled                     out/libs/lpc_chip_43xx/src/clock_18xx_43xx.o
Chip_Clock_RTCEnable                              out/libs/lpc_chip_43xx/src/clock_18xx_43xx.o
                                                  out/libs/lpc_chip_43xx/src/rtc_18xx_43xx.o
Chip_Clock_SetBaseClock                           out/libs/lpc_chip_43xx/src/clock_18xx_43xx.o
                                                  out/libs/lpc_board_ciaa_edu_4337/src/board_sysinit.o
                                                  out/libs/lpc_chip_43xx/src/sysinit_18xx_43xx.o
                                                  out/libs/lpc_chip_43xx/src/chip_18xx_43xx.o
Chip_Clock_SetDivider                             out/libs/lpc_chip_43xx/src/clock_18xx_43xx.o
                                                  out/libs/lpc_chip_43xx/src/chip_18xx_43xx.o
Chip_Clock_SetupMainPLLHz                         out/libs/lpc_chip_43xx/src/clock_18xx_43xx.o
Chip_Clock_SetupMainPLLMult                       out/libs/lpc_chip_43xx/src/clock_18xx_43xx.o
Chip_Clock_SetupPLL                               out/libs/lpc_chip_43xx/src/clock_18xx_43xx.o
                                                  out/libs/lpc_chip_43xx/src/chip_18xx_43xx.o
Chip_Clock_StartPowerDown                         out/libs/lpc_chip_43xx/src/clock_18xx_43xx.o
Chip_DAC_DeInit                                   out/libs/lpc_chip_43xx/src/dac_18xx_43xx.o
                                                  out/libs/sapi/src/sapi_dac.o
Chip_DAC_Init                                     out/libs/lpc_chip_43xx/src/dac_18xx_43xx.o
                                                  out/libs/sapi/src/sapi_dac.o
Chip_DAC_SetBias                                  out/libs/lpc_chip_43xx/src/dac_18xx_43xx.o
Chip_DAC_UpdateValue                              out/libs/lpc_chip_43xx/src/dac_18xx_43xx.o
                                                  out/libs/sapi/src/sapi_dac.o
Chip_EEPROM_EraseProgramPage                      out/libs/lpc_chip_43xx/src/eeprom_18xx_43xx.o
Chip_EEPROM_Init                                  out/libs/lpc_chip_43xx/src/eeprom_18xx_43xx.o
Chip_EEPROM_WaitForIntStatus                      out/libs/lpc_chip_43xx/src/eeprom_18xx_43xx.o
Chip_EMC_Dynamic_Enable                           out/libs/lpc_chip_43xx/src/emc_18xx_43xx.o
Chip_EMC_Dynamic_Init                             out/libs/lpc_chip_43xx/src/emc_18xx_43xx.o
Chip_EMC_Enable                                   out/libs/lpc_chip_43xx/src/emc_18xx_43xx.o
Chip_EMC_Init                                     out/libs/lpc_chip_43xx/src/emc_18xx_43xx.o
Chip_EMC_LowPowerMode                             out/libs/lpc_chip_43xx/src/emc_18xx_43xx.o
Chip_EMC_Mirror                                   out/libs/lpc_chip_43xx/src/emc_18xx_43xx.o
Chip_EMC_Static_Init                              out/libs/lpc_chip_43xx/src/emc_18xx_43xx.o
Chip_ENET_DeInit                                  out/libs/lpc_chip_43xx/src/enet_18xx_43xx.o
Chip_ENET_Init                                    out/libs/lpc_chip_43xx/src/enet_18xx_43xx.o
Chip_ENET_SetDuplex                               out/libs/lpc_chip_43xx/src/enet_18xx_43xx.o
Chip_ENET_SetSpeed                                out/libs/lpc_chip_43xx/src/enet_18xx_43xx.o
Chip_ENET_SetupMII                                out/libs/lpc_chip_43xx/src/enet_18xx_43xx.o
Chip_ENET_StartMIIRead                            out/libs/lpc_chip_43xx/src/enet_18xx_43xx.o
Chip_ENET_StartMIIWrite                           out/libs/lpc_chip_43xx/src/enet_18xx_43xx.o
Chip_EVRT_ConfigIntSrcActiveType                  out/libs/lpc_chip_43xx/src/evrt_18xx_43xx.o
Chip_EVRT_Init                                    out/libs/lpc_chip_43xx/src/evrt_18xx_43xx.o
Chip_EVRT_IsSourceInterrupting                    out/libs/lpc_chip_43xx/src/evrt_18xx_43xx.o
Chip_EVRT_SetUpIntSrc                             out/libs/lpc_chip_43xx/src/evrt_18xx_43xx.o
Chip_GPDMA_ChannelCmd                             out/libs/lpc_chip_43xx/src/gpdma_18xx_43xx.o
Chip_GPDMA_ClearIntPending                        out/libs/lpc_chip_43xx/src/gpdma_18xx_43xx.o
Chip_GPDMA_DeInit                                 out/libs/lpc_chip_43xx/src/gpdma_18xx_43xx.o
Chip_GPDMA_GetFreeChannel                         out/libs/lpc_chip_43xx/src/gpdma_18xx_43xx.o
Chip_GPDMA_Init                                   out/libs/lpc_chip_43xx/src/gpdma_18xx_43xx.o
Chip_GPDMA_InitChannelCfg                         out/libs/lpc_chip_43xx/src/gpdma_18xx_43xx.o
Chip_GPDMA_IntGetStatus                           out/libs/lpc_chip_43xx/src/gpdma_18xx_43xx.o
Chip_GPDMA_Interrupt                              out/libs/lpc_chip_43xx/src/gpdma_18xx_43xx.o
Chip_GPDMA_PrepareDescriptor                      out/libs/lpc_chip_43xx/src/gpdma_18xx_43xx.o
Chip_GPDMA_SGTransfer                             out/libs/lpc_chip_43xx/src/gpdma_18xx_43xx.o
Chip_GPDMA_Stop                                   out/libs/lpc_chip_43xx/src/gpdma_18xx_43xx.o
Chip_GPDMA_Transfer                               out/libs/lpc_chip_43xx/src/gpdma_18xx_43xx.o
Chip_GPIO_DeInit                                  out/libs/lpc_chip_43xx/src/gpio_18xx_43xx.o
Chip_GPIO_Init                                    out/libs/lpc_chip_43xx/src/gpio_18xx_43xx.o
                                                  out/libs/sapi/src/sapi_gpio.o
                                                  out/libs/lpc_board_ciaa_edu_4337/src/board.o
Chip_GPIO_SetDir                                  out/libs/lpc_chip_43xx/src/gpio_18xx_43xx.o
                                                  out/libs/sapi/src/sapi_gpio.o
Chip_GPIO_SetPinDIR                               out/libs/lpc_chip_43xx/src/gpio_18xx_43xx.o
Chip_GPIO_SetPortDIR                              out/libs/lpc_chip_43xx/src/gpio_18xx_43xx.o
Chip_GPIO_WriteDirBit                             out/libs/lpc_chip_43xx/src/gpio_18xx_43xx.o
Chip_HSADC_DeInit                                 out/libs/lpc_chip_43xx/src/hsadc_18xx_43xx.o
Chip_HSADC_Init                                   out/libs/lpc_chip_43xx/src/hsadc_18xx_43xx.o
Chip_HSADC_SetACDCBias                            out/libs/lpc_chip_43xx/src/hsadc_18xx_43xx.o
Chip_HSADC_SetPowerSpeed                          out/libs/lpc_chip_43xx/src/hsadc_18xx_43xx.o
Chip_HSADC_SetSpeed                               out/libs/lpc_chip_43xx/src/hsadc_18xx_43xx.o
Chip_HSADC_SetThrHighValue                        out/libs/lpc_chip_43xx/src/hsadc_18xx_43xx.o
Chip_HSADC_SetThrLowValue                         out/libs/lpc_chip_43xx/src/hsadc_18xx_43xx.o
Chip_HSADC_SetupFIFO                              out/libs/lpc_chip_43xx/src/hsadc_18xx_43xx.o
Chip_I2CM_DeInit                                  out/libs/lpc_chip_43xx/src/i2cm_18xx_43xx.o
Chip_I2CM_Init                                    out/libs/lpc_chip_43xx/src/i2cm_18xx_43xx.o
Chip_I2CM_Read                                    out/libs/lpc_chip_43xx/src/i2cm_18xx_43xx.o
Chip_I2CM_SetBusSpeed                             out/libs/lpc_chip_43xx/src/i2cm_18xx_43xx.o
Chip_I2CM_Write                                   out/libs/lpc_chip_43xx/src/i2cm_18xx_43xx.o
Chip_I2CM_Xfer                                    out/libs/lpc_chip_43xx/src/i2cm_18xx_43xx.o
Chip_I2CM_XferBlocking                            out/libs/lpc_chip_43xx/src/i2cm_18xx_43xx.o
                                                  out/libs/sapi/src/sapi_i2c.o
Chip_I2CM_XferHandler                             out/libs/lpc_chip_43xx/src/i2cm_18xx_43xx.o
Chip_I2C_DeInit                                   out/libs/lpc_chip_43xx/src/i2c_18xx_43xx.o
Chip_I2C_Disable                                  out/libs/lpc_chip_43xx/src/i2c_18xx_43xx.o
Chip_I2C_EventHandler                             out/libs/lpc_chip_43xx/src/i2c_18xx_43xx.o
Chip_I2C_EventHandlerPolling                      out/libs/lpc_chip_43xx/src/i2c_18xx_43xx.o
                                                  out/libs/sapi/src/sapi_i2c.o
Chip_I2C_GetClockRate                             out/libs/lpc_chip_43xx/src/i2c_18xx_43xx.o
Chip_I2C_GetMasterEventHandler                    out/libs/lpc_chip_43xx/src/i2c_18xx_43xx.o
Chip_I2C_Init                                     out/libs/lpc_chip_43xx/src/i2c_18xx_43xx.o
                                                  out/libs/sapi/src/sapi_i2c.o
Chip_I2C_IsMasterActive                           out/libs/lpc_chip_43xx/src/i2c_18xx_43xx.o
Chip_I2C_IsStateChanged                           out/libs/lpc_chip_43xx/src/i2c_18xx_43xx.o
Chip_I2C_MasterCmdRead                            out/libs/lpc_chip_43xx/src/i2c_18xx_43xx.o
Chip_I2C_MasterRead                               out/libs/lpc_chip_43xx/src/i2c_18xx_43xx.o
Chip_I2C_MasterSend                               out/libs/lpc_chip_43xx/src/i2c_18xx_43xx.o
Chip_I2C_MasterStateHandler                       out/libs/lpc_chip_43xx/src/i2c_18xx_43xx.o
Chip_I2C_MasterTransfer                           out/libs/lpc_chip_43xx/src/i2c_18xx_43xx.o
Chip_I2C_SetClockRate                             out/libs/lpc_chip_43xx/src/i2c_18xx_43xx.o
                                                  out/libs/sapi/src/sapi_i2c.o
Chip_I2C_SetMasterEventHandler                    out/libs/lpc_chip_43xx/src/i2c_18xx_43xx.o
                                                  out/libs/sapi/src/sapi_i2c.o
Chip_I2C_SlaveSetup                               out/libs/lpc_chip_43xx/src/i2c_18xx_43xx.o
Chip_I2C_SlaveStateHandler                        out/libs/lpc_chip_43xx/src/i2c_18xx_43xx.o
Chip_I2S_DMA_RxCmd                                out/libs/lpc_chip_43xx/src/i2s_18xx_43xx.o
Chip_I2S_DMA_TxCmd                                out/libs/lpc_chip_43xx/src/i2s_18xx_43xx.o
Chip_I2S_DeInit                                   out/libs/lpc_chip_43xx/src/i2s_18xx_43xx.o
Chip_I2S_Init                                     out/libs/lpc_chip_43xx/src/i2s_18xx_43xx.o
Chip_I2S_Int_RxCmd                                out/libs/lpc_chip_43xx/src/i2s_18xx_43xx.o
Chip_I2S_Int_TxCmd                                out/libs/lpc_chip_43xx/src/i2s_18xx_43xx.o
Chip_I2S_RxConfig                                 out/libs/lpc_chip_43xx/src/i2s_18xx_43xx.o
Chip_I2S_TxConfig                                 out/libs/lpc_chip_43xx/src/i2s_18xx_43xx.o
Chip_IAP_BlankCheckSector                         out/libs/lpc_chip_43xx/src/iap_18xx_43xx.o
Chip_IAP_Compare                                  out/libs/lpc_chip_43xx/src/iap_18xx_43xx.o
Chip_IAP_CopyRamToFlash                           out/libs/lpc_chip_43xx/src/iap_18xx_43xx.o
Chip_IAP_ErasePage                                out/libs/lpc_chip_43xx/src/iap_18xx_43xx.o
Chip_IAP_EraseSector                              out/libs/lpc_chip_43xx/src/iap_18xx_43xx.o
Chip_IAP_PreSectorForReadWrite                    out/libs/lpc_chip_43xx/src/iap_18xx_43xx.o
Chip_IAP_ReadBootCode                             out/libs/lpc_chip_43xx/src/iap_18xx_43xx.o
Chip_IAP_ReadPID                                  out/libs/lpc_chip_43xx/src/iap_18xx_43xx.o
Chip_IAP_ReadUID                                  out/libs/lpc_chip_43xx/src/iap_18xx_43xx.o
Chip_IAP_ReinvokeISP                              out/libs/lpc_chip_43xx/src/iap_18xx_43xx.o
Chip_IAP_SetBootFlashBank                         out/libs/lpc_chip_43xx/src/iap_18xx_43xx.o
Chip_LCD_Cursor_Config                            out/libs/lpc_chip_43xx/src/lcd_18xx_43xx.o
Chip_LCD_Cursor_WriteImage                        out/libs/lpc_chip_43xx/src/lcd_18xx_43xx.o
Chip_LCD_DeInit                                   out/libs/lpc_chip_43xx/src/lcd_18xx_43xx.o
Chip_LCD_Init                                     out/libs/lpc_chip_43xx/src/lcd_18xx_43xx.o
Chip_LCD_LoadPalette                              out/libs/lpc_chip_43xx/src/lcd_18xx_43xx.o
Chip_OTP_GenRand                                  out/libs/lpc_chip_43xx/src/otp_18xx_43xx.o
Chip_OTP_Init                                     out/libs/lpc_chip_43xx/src/otp_18xx_43xx.o
Chip_OTP_ProgBootSrc                              out/libs/lpc_chip_43xx/src/otp_18xx_43xx.o
Chip_OTP_ProgGPWord                               out/libs/lpc_chip_43xx/src/otp_18xx_43xx.o
Chip_OTP_ProgJTAGDis                              out/libs/lpc_chip_43xx/src/otp_18xx_43xx.o
Chip_OTP_ProgKey                                  out/libs/lpc_chip_43xx/src/otp_18xx_43xx.o
Chip_OTP_ProgUSBID                                out/libs/lpc_chip_43xx/src/otp_18xx_43xx.o
Chip_PMC_Set_PwrState                             out/libs/lpc_chip_43xx/src/pmc_18xx_43xx.o